******************************************************************************
            TI ARM Clang Linker Unix v4.0.4                    
******************************************************************************
>> Linked Tue Mar 31 14:17:29 2026

OUTPUT FILE NAME:   <firmware-poc.out>
ENTRY POINT SYMBOL: "_c_int00_noargs"  address: 00008075


MEMORY CONFIGURATION

         name            origin    length      used     unused   attr    fill
----------------------  --------  ---------  --------  --------  ----  --------
  FLASH                 00000000   00020000  00008838  000177c8  R  X
  SRAM                  20200000   00008000  00000750  000078b0  RW X
  BCR_CONFIG            41c00000   000000ff  00000000  000000ff  R   
  BSL_CONFIG            41c00100   00000080  00000000  00000080  R   


SEGMENT ALLOCATION MAP

run origin  load origin   length   init length attrs members
----------  ----------- ---------- ----------- ----- -------
00000000    00000000    00008398   00008398    r-x
  00000000    00000000    000000c0   000000c0    r-- .intvecs
  000000c0    000000c0    000082d8   000082d8    r-x .text
000083a0    000083a0    000004a0   000004a0    r--
  000083a0    000083a0    00000470   00000470    r-- .rodata
  00008810    00008810    00000030   00000030    r-- .cinit
20200000    20200000    00000552   00000000    rw-
  20200000    20200000    0000053a   00000000    rw- .bss
  2020053c    2020053c    00000016   00000000    rw- .data
20207e00    20207e00    00000200   00000000    rw-
  20207e00    20207e00    00000200   00000000    rw- .stack


SECTION ALLOCATION MAP

 output                                  attributes/
section   page    origin      length       input sections
--------  ----  ----------  ----------   ----------------
.intvecs   0    00000000    000000c0     
                  00000000    000000c0     startup_mspm0g350x_ticlang.o (.intvecs)

.text      0    000000c0    000082d8     
                  000000c0    000009d0     libc.a : _printfi.c.obj (.text:__TI_printfi)
                  00000a90    0000072c     poc_diskio_mspm0.o (.text.disk_initialize)
                  000011bc    000006d8     main.o (.text.main)
                  00001894    00000630     reuse_bme68x.o (.text.bme68x_get_data)
                  00001ec4    000005a8     reuse_bme68x.o (.text.bme68x_set_heatr_conf)
                  0000246c    000005a8     reuse_ff.o (.text.follow_path)
                  00002a14    00000438     reuse_bme68x.o (.text.bme68x_set_regs)
                  00002e4c    0000040c     reuse_ff.o (.text.mount_volume)
                  00003258    00000390     reuse_hab_lora_sx1276.o (.text.hab_sx1276_init)
                  000035e8    00000328     reuse_bme68x.o (.text.bme68x_init)
                  00003910    000002a4     reuse_ff.o (.text.f_open)
                  00003bb4    00000264     reuse_hab_lora_sx1276.o (.text.hab_sx1276_send)
                  00003e18    00000220     libc.a : _printfi.c.obj (.text._pconv_a)
                  00004038    0000020c     reuse_ff.o (.text.f_write)
                  00004244    00000200     poc_diskio_mspm0.o (.text.poc_sd_send_cmd)
                  00004444    000001f0     poc_diskio_mspm0.o (.text.disk_read)
                  00004634    000001e0     reuse_bme68x.o (.text.calc_pressure)
                  00004814    000001dc     libc.a : _printfi.c.obj (.text._pconv_g)
                  000049f0    000001b8     poc_diskio_mspm0.o (.text.disk_write)
                  00004ba8    000001b0     reuse_bme68x.o (.text.bme68x_set_conf)
                  00004d58    0000019c     poc_platform.o (.text.poc_i2c_write_registers)
                  00004ef4    00000192     libclang_rt.builtins.a : adddf3.S.obj (.text.adddf3_subdf3)
                  00005086    00000002     startup_mspm0g350x_ticlang.o (.text.Default_Handler)
                  00005088    0000014c     poc_diskio_mspm0.o (.text.disk_ioctl)
                  000051d4    0000013c     libc.a : _printfi.c.obj (.text.fcvt)
                  00005310    00000138     poc_platform.o (.text.poc_i2c_read_registers)
                  00005448    00000134     reuse_ff.o (.text.put_fat)
                  0000557c    0000012c     ti_msp_dl_config.o (.text.SYSCFG_DL_GPIO_init)
                  000056a8    0000012a     reuse_ff.o (.text.create_chain)
                  000057d2    00000002     libclang_rt.builtins.a : aeabi_div0.c.obj (.text.__aeabi_idiv0)
                  000057d4    00000128     reuse_bme68x.o (.text.calc_humidity)
                  000058fc    00000120     libc.a : _printfi.c.obj (.text._pconv_e)
                  00005a1c    00000114     reuse_ff.o (.text.check_fs)
                  00005b30    00000114     poc_platform.o (.text.poc_spi_transfer)
                  00005c44    00000110     reuse_bme68x.o (.text.calc_res_heat)
                  00005d54    0000010c     libclang_rt.builtins.a : divdf3.S.obj (.text.__divdf3)
                  00005e60    0000010c     reuse_bme68x.o (.text.bme68x_set_op_mode)
                  00005f6c    00000104     poc_diskio_mspm0.o (.text.poc_sd_rcvr_datablock)
                  00006070    00000100     reuse_ff.o (.text.get_fat)
                  00006170    000000f8     reuse_bme68x.o (.text.calc_gas_resistance_low)
                  00006268    000000e8     reuse_ff.o (.text.dir_next)
                  00006350    000000e4     libclang_rt.builtins.a : muldf3.S.obj (.text.__muldf3)
                  00006434    000000dc     reuse_ff.o (.text.dir_register)
                  00006510    000000d8     reuse_ff.o (.text.f_sync)
                  000065e8    000000d8     libc.a : s_scalbn.c.obj (.text.scalbn)
                  000066c0    000000d8     libclang_rt.builtins.a : addsf3.S.obj (.text)
                  00006798    000000d0     reuse_ff.o (.text.sync_fs)
                  00006868    000000c2     reuse_bme68x.o (.text.bme68x_get_op_mode)
                  0000692a    000000c0     reuse_bme68x.o (.text.bme68x_get_regs)
                  000069ea    00000002     libclang_rt.builtins.a : aeabi_div0.c.obj (.text.__aeabi_ldiv0)
                  000069ec    000000b8     reuse_hab_bme680.o (.text.hab_bme680_init)
                  00006aa4    000000b4     reuse_bme68x.o (.text.bme68x_get_meas_dur)
                  00006b58    000000a4     reuse_hab_bme680.o (.text.hab_bme680_sample)
                  00006bfc    000000a2     libclang_rt.builtins.a : udivmoddi4.S.obj (.text)
                  00006c9e    0000009e     reuse_ff.o (.text.dir_clear)
                  00006d3c    0000009c     reuse_bme68x.o (.text.calc_temperature)
                  00006dd8    0000009a     libc.a : memcpy16.S.obj (.text:memcpy)
                  00006e72    00000002     --HOLE-- [fill = 0]
                  00006e74    0000008c     libclang_rt.builtins.a : mulsf3.S.obj (.text.__mulsf3)
                  00006f00    00000088     reuse_bme68x.o (.text.bme68x_soft_reset)
                  00006f88    00000082     libclang_rt.builtins.a : divsf3.S.obj (.text.__divsf3)
                  0000700a    00000002     --HOLE-- [fill = 0]
                  0000700c    00000080     reuse_hab_sd_fatfs.o (.text.hab_sd_fatfs_append_line)
                  0000708c    0000007c     libc.a : copy_decompress_lzss.c.obj (.text:decompress:lzss)
                  00007108    0000007a     reuse_ff.o (.text.move_window)
                  00007182    00000002     --HOLE-- [fill = 0]
                  00007184    00000078     poc_platform.o (.text.poc_i2c_probe)
                  000071fc    00000074     libclang_rt.builtins.a : comparedf2.c.obj (.text.__gedf2)
                  00007270    00000074     poc_platform.o (.text.poc_uart_printf)
                  000072e4    00000068     libclang_rt.builtins.a : comparedf2.c.obj (.text.__ledf2)
                  0000734c    00000068     poc_platform.o (.text.poc_delay_ms)
                  000073b4    00000066     libc.a : _printfi.c.obj (.text._mcpy)
                  0000741a    00000002     --HOLE-- [fill = 0]
                  0000741c    00000062     libclang_rt.builtins.a : aeabi_dcmp.S.obj (.text.__aeabi_dcmp)
                  0000747e    00000002     --HOLE-- [fill = 0]
                  00007480    00000062                            : aeabi_fcmp.S.obj (.text.__aeabi_fcmp)
                  000074e2    00000062     libc.a : memset16.S.obj (.text:memset)
                  00007544    00000060     ti_msp_dl_config.o (.text.SYSCFG_DL_UART_DEBUG_init)
                  000075a4    00000060     reuse_ff.o (.text.f_mount)
                  00007604    0000005c     libc.a : s_frexp.c.obj (.text.frexp)
                  00007660    00000058            : _ltoa.c.obj (.text.__TI_ltoa)
                  000076b8    00000058            : _printfi.c.obj (.text._pconv_f)
                  00007710    00000058     reuse_hab_sd_fatfs.o (.text.hab_sd_fatfs_init)
                  00007768    00000056     libclang_rt.builtins.a : aeabi_idivmod.S.obj (.text.__aeabi_idivmod)
                  000077be    00000002     --HOLE-- [fill = 0]
                  000077c0    00000054     ti_msp_dl_config.o (.text.SYSCFG_DL_I2C_ENV_init)
                  00007814    00000054     poc_platform.o (.text.poc_uart_write_line)
                  00007868    00000052     libc.a : _printfi.c.obj (.text._ecpy)
                  000078ba    00000002     --HOLE-- [fill = 0]
                  000078bc    0000004c     ti_msp_dl_config.o (.text.SYSCFG_DL_SPI_SHARED_init)
                  00007908    0000004c     libc.a : snprintf.c.obj (.text.snprintf)
                  00007954    0000004a     libclang_rt.builtins.a : fixdfsi.S.obj (.text.__fixdfsi)
                  0000799e    0000004a     reuse_bme68x.o (.text.get_mem_page)
                  000079e8    00000048     driverlib.a : dl_uart.o (.text.DL_UART_init)
                  00007a30    00000048     ti_msp_dl_config.o (.text.SYSCFG_DL_initPower)
                  00007a78    00000048     poc_platform.o (.text.poc_lora_read_register)
                  00007ac0    00000046     reuse_hab_lora_sx1276.o (.text.hab_sx1276_set_op_mode)
                  00007b06    00000002     --HOLE-- [fill = 0]
                  00007b08    00000044     driverlib.a : dl_spi.o (.text.DL_SPI_init)
                  00007b4c    00000044     reuse_hab_lora_sx1276.o (.text.hab_sx1276_write_reg)
                  00007b90    00000040     libclang_rt.builtins.a : aeabi_uidivmod.S.obj (.text.__aeabi_uidivmod)
                  00007bd0    00000040                            : extendsfdf2.S.obj (.text.__extendsfdf2)
                  00007c10    00000040     libc.a : atoi.c.obj (.text.atoi)
                  00007c50    00000040            : vsnprintf.c.obj (.text.vsnprintf)
                  00007c90    0000003c     driverlib.a : dl_i2c.o (.text.DL_I2C_flushControllerTXFIFO)
                  00007ccc    0000003c     libclang_rt.builtins.a : floatsisf.S.obj (.text.__floatsisf)
                  00007d08    0000003c                            : comparesf2.S.obj (.text.__gtsf2)
                  00007d44    0000003c     libc.a : autoinit.c.obj (.text:__TI_auto_init_nobinit_nopinit)
                  00007d80    0000003a     libclang_rt.builtins.a : comparesf2.S.obj (.text.__eqsf2)
                  00007dba    00000002     --HOLE-- [fill = 0]
                  00007dbc    0000003a                            : muldsi3.S.obj (.text.__muldsi3)
                  00007df6    00000002     --HOLE-- [fill = 0]
                  00007df8    00000038                            : fixsfsi.S.obj (.text.__fixsfsi)
                  00007e30    00000030     driverlib.a : dl_i2c.o (.text.DL_I2C_flushControllerRXFIFO)
                  00007e60    00000030                 : dl_spi.o (.text.DL_SPI_transmitDataBlocking8)
                  00007e90    00000030                 : dl_uart.o (.text.DL_UART_transmitDataBlocking)
                  00007ec0    00000030     ti_msp_dl_config.o (.text.SYSCFG_DL_SYSCTL_init)
                  00007ef0    00000030     libc.a : _printfi.c.obj (.text._fcpy)
                  00007f20    00000030            : snprintf.c.obj (.text._outs)
                  00007f50    00000030            : vsnprintf.c.obj (.text._outs)
                  00007f80    0000002c     libclang_rt.builtins.a : floatsidf.S.obj (.text.__floatsidf)
                  00007fac    00000028     ti_msp_dl_config.o (.text.SYSCFG_DL_init)
                  00007fd4    00000028     libclang_rt.builtins.a : floatunsisf.S.obj (.text.__floatunsisf)
                  00007ffc    00000028     reuse_hab_bme680.o (.text.hab_bme680_bus_read)
                  00008024    00000028     reuse_hab_bme680.o (.text.hab_bme680_bus_write)
                  0000804c    00000028     reuse_hab_sd_fatfs.o (.text.hab_sd_fatfs_flush)
                  00008074    00000028     libc.a : boot_cortex_m.c.obj (.text:_c_int00_noargs)
                  0000809c    00000026     driverlib.a : dl_i2c.o (.text.DL_I2C_setClockConfig)
                  000080c2    00000002     --HOLE-- [fill = 0]
                  000080c4    00000024     libclang_rt.builtins.a : muldi3.S.obj (.text.__muldi3)
                  000080e8    00000022     libc.a : memccpy.c.obj (.text.memccpy)
                  0000810a    00000002     --HOLE-- [fill = 0]
                  0000810c    00000020     driverlib.a : dl_spi.o (.text.DL_SPI_receiveDataBlocking8)
                  0000812c    0000001e     libclang_rt.builtins.a : ashldi3.S.obj (.text.__ashldi3)
                  0000814a    00000018     libc.a : snprintf.c.obj (.text._outc)
                  00008162    00000018            : vsnprintf.c.obj (.text._outc)
                  0000817a    00000002     --HOLE-- [fill = 0]
                  0000817c    00000018     poc_platform.o (.text.poc_spi_transfer_byte)
                  00008194    00000016     reuse_hab_bme680.o (.text.hab_bme680_bus_delay)
                  000081aa    00000002     --HOLE-- [fill = 0]
                  000081ac    00000014     libclang_rt.builtins.a : aeabi_uldivmod.S.obj (.text.__aeabi_uldivmod)
                  000081c0    00000014     poc_diskio_mspm0.o (.text.disk_status)
                  000081d4    00000014     poc_platform.o (.text.poc_lora_set_cs)
                  000081e8    00000014     poc_platform.o (.text.poc_lora_set_reset)
                  000081fc    00000014     poc_platform.o (.text.poc_platform_init)
                  00008210    00000014     poc_platform.o (.text.poc_sd_set_cs)
                  00008224    00000014     libc.a : _printfi.c.obj (.text.strchr)
                  00008238    00000012     driverlib.a : dl_spi.o (.text.DL_SPI_setClockConfig)
                  0000824a    00000012                 : dl_uart.o (.text.DL_UART_setClockConfig)
                  0000825c    00000012     main.o (.text.poc_bme_i2c_read)
                  0000826e    00000012     main.o (.text.poc_bme_i2c_write)
                  00008280    00000012     libc.a : copy_decompress_none.c.obj (.text:decompress:none)
                  00008292    00000002     --HOLE-- [fill = 0]
                  00008294    00000010     poc_platform.o (.text.poc_lora_read_dio0)
                  000082a4    00000010     libc.a : wcslen.c.obj (.text.wcslen)
                  000082b4    00000010            : copy_zero_init.c.obj (.text:decompress:ZI)
                  000082c4    0000000e     libclang_rt.builtins.a : aeabi_memset.S.obj (.text.__aeabi_memset)
                  000082d2    0000000e     poc_platform.o (.text.poc_delay_us)
                  000082e0    0000000e     main.o (.text.poc_lora_spi_transfer)
                  000082ee    0000000e     libc.a : _printfi.c.obj (.text.strlen)
                  000082fc    0000000c     libclang_rt.builtins.a : aeabi_memset.S.obj (.text.__aeabi_memclr)
                  00008308    0000000a     driverlib.a : dl_common.o (.text.DL_Common_delayCycles)
                  00008312    0000000a     libc.a : _printfi.c.obj (.text.OUTLINED_FUNCTION_0)
                  0000831c    00000010     libclang_rt.builtins.a : adddf3.S.obj (.tramp.__aeabi_dsub.1)
                  0000832c    0000000a     libc.a : _printfi.c.obj (.text.OUTLINED_FUNCTION_1)
                  00008336    0000000a     main.o (.text.poc_bme_delay_us)
                  00008340    0000000a     main.o (.text.poc_lora_cs)
                  0000834a    0000000a     main.o (.text.poc_lora_delay_ms)
                  00008354    0000000a     main.o (.text.poc_lora_reset)
                  0000835e    00000002     --HOLE-- [fill = 0]
                  00008360    00000008     libc.a : aeabi_portable.c.obj (.text.__aeabi_errno_addr)
                  00008368    00000008     libclang_rt.builtins.a : aeabi_memcpy.S.obj (.text.__aeabi_memcpy)
                  00008370    00000008     poc_diskio_mspm0.o (.text.get_fattime)
                  00008378    00000008     main.o (.text.poc_lora_irq)
                  00008380    00000006     libc.a : exit.c.obj (.text:abort)
                  00008386    00000004     libsysbm.a : hostexit.c.obj (.text.HOSTexit)
                  0000838a    00000004     startup_mspm0g350x_ticlang.o (.text.Reset_Handler)
                  0000838e    00000004     libc.a : pre_init.c.obj (.text._system_pre_init)
                  00008392    00000006     --HOLE-- [fill = 0]

.cinit     0    00008810    00000030     
                  00008810    0000000c     (__TI_handler_table)
                  0000881c    0000000b     (.cinit..data.load) [load image, compression = lzss]
                  00008827    00000001     --HOLE-- [fill = 0]
                  00008828    00000008     (.cinit..bss.load) [load image, compression = zero_init]
                  00008830    00000010     (__TI_cinit_table)

.rodata    0    000083a0    00000470     
                  000083a0    00000101     libc.a : aeabi_ctype.S.obj (.rodata:__aeabi_ctype_table_)
                  000084a1    00000080     reuse_ff.o (.rodata.ExCvt)
                  00008521    00000036     main.o (.rodata.str1.8154729771448623357.1)
                  00008557    00000032     main.o (.rodata.str1.288608917962107522.1)
                  00008589    0000002e     ti_msp_dl_config.o (.rodata..L__const.SYSCFG_DL_GPIO_init.unusedPinIndexes)
                  000085b7    0000002d     main.o (.rodata.str1.10313062130652730376.1)
                  000085e4    00000022     main.o (.rodata.str1.16265332423659789559.1)
                  00008606    00000022     main.o (.rodata.str1.2846389346932560359.1)
                  00008628    0000001f     main.o (.rodata.str1.15996357275703397564.1)
                  00008647    0000001e     main.o (.rodata.str1.8076846746581808073.1)
                  00008665    0000001d     main.o (.rodata.str1.14112174005742061988.1)
                  00008682    0000001b     main.o (.rodata.str1.15159059442110792349.1)
                  0000869d    00000019     main.o (.rodata.str1.18227636981041470289.1)
                  000086b6    00000019     main.o (.rodata.str1.6891813955777630061.1)
                  000086cf    00000019     main.o (.rodata.str1.7702501944640899365.1)
                  000086e8    00000015     main.o (.rodata.str1.14079361385603432444.1)
                  000086fd    00000015     main.o (.rodata.str1.17376258722486336754.1)
                  00008712    00000015     main.o (.rodata.str1.2763581881760962609.1)
                  00008727    00000014     main.o (.rodata.str1.11870794119293528247.1)
                  0000873b    00000012     main.o (.rodata.str1.12180500075719773345.1)
                  0000874d    00000012     main.o (.rodata.str1.13782249893155712474.1)
                  0000875f    00000011     libc.a : _printfi.c.obj (.rodata.str1.10348868589481759720.1)
                  00008770    00000011     main.o (.rodata.str1.13288086030101331538.1)
                  00008781    00000011     main.o (.rodata.str1.14402440632258215044.1)
                  00008792    00000011     libc.a : _printfi.c.obj (.rodata.str1.15363888844622738466.1)
                  000087a3    0000000f     main.o (.rodata.str1.11702106008850790973.1)
                  000087b2    0000000f     main.o (.rodata.str1.17100691992556644108.1)
                  000087c1    0000000e     main.o (.rodata.str1.8108965883388295311.1)
                  000087cf    0000000d     main.o (.rodata.str1.2123964117280943167.1)
                  000087dc    0000000c     main.o (.rodata.str1.16631870348416990953.1)
                  000087e8    0000000a     ti_msp_dl_config.o (.rodata.gSPI_SHARED_config)
                  000087f2    0000000a     ti_msp_dl_config.o (.rodata.gUART_DEBUGConfig)
                  000087fc    00000006     reuse_bme68x.o (.rodata..L__const.bme68x_get_meas_dur.os_to_meas_cycles)
                  00008802    00000003     reuse_hab_sd_fatfs.o (.rodata.str1.12645734849283443486.1)
                  00008805    00000002     ti_msp_dl_config.o (.rodata.gI2C_ENVClockConfig)
                  00008807    00000002     ti_msp_dl_config.o (.rodata.gSPI_SHARED_clockConfig)
                  00008809    00000002     ti_msp_dl_config.o (.rodata.gUART_DEBUGClockConfig)
                  0000880b    00000001     main.o (.rodata.str1.9059077390166914652.1)
                  0000880c    00000004     --HOLE-- [fill = 0]

.init_array 
*          0    00000000    00000000     UNINITIALIZED

.binit     0    00000000    00000000     

.bss       0    20200000    0000053a     UNINITIALIZED
                  20200000    0000045c     main.o (.bss.g_sd)
                  2020045c    00000088     main.o (.bss.g_bme680)
                  202004e4    00000028     main.o (.bss.g_lora)
                  2020050c    00000028     (.common:gSPI_SHAREDBackup)
                  20200534    00000004     reuse_ff.o (.bss.FatFs.0)
                  20200538    00000002     reuse_ff.o (.bss.Fsid)

.data      0    2020053c    00000016     UNINITIALIZED
                  2020053c    00000004     libc.a : aeabi_portable.c.obj (.data.__aeabi_errno)
                  20200540    00000004     main.o (.data.g_lora_sequence)
                  20200544    00000004     main.o (.data.g_sd_sequence)
                  20200548    00000004     main.o (.data.g_uptime_ms)
                  2020054c    00000001     main.o (.data.g_bme680_address)
                  2020054d    00000001     main.o (.data.g_bme680_ready)
                  2020054e    00000001     poc_diskio_mspm0.o (.data.g_card_type)
                  2020054f    00000001     poc_diskio_mspm0.o (.data.g_disk_status)
                  20200550    00000001     main.o (.data.g_lora_ready)
                  20200551    00000001     main.o (.data.g_sd_ready)

.stack     0    20207e00    00000200     UNINITIALIZED
                  20207e00    00000004     libc.a : boot_cortex_m.c.obj (.stack)
                  20207e04    000001fc     --HOLE--

__llvm_prf_cnts 
*          0    20200000    00000000     UNINITIALIZED

__llvm_prf_bits 
*          0    20200000    00000000     UNINITIALIZED

MODULE SUMMARY

       Module                         code    ro data   rw data
       ------                         ----    -------   -------
    ./
       ti_msp_dl_config.o             716     72        40     
       startup_mspm0g350x_ticlang.o   6       192       0      
    +--+------------------------------+-------+---------+---------+
       Total:                         722     264       40     
                                                               
    ./src/
       reuse_bme68x.o                 7848    6         0      
       reuse_ff.o                     6074    128       6      
       poc_diskio_mspm0.o             3904    0         2      
       main.o                         1850    632       1308   
       reuse_hab_lora_sx1276.o        1662    0         0      
       poc_platform.o                 1630    0         0      
       reuse_hab_bme680.o             450     0         0      
       reuse_hab_sd_fatfs.o           256     3         0      
    +--+------------------------------+-------+---------+---------+
       Total:                         23674   769       1316   
                                                               
    /Applications/ti/ccs2040/ccs/tools/compiler/ti-cgt-armllvm_4.0.4.LTS/lib/armv6m-ti-none-eabi/c/libc.a
       _printfi.c.obj                 4510    34        0      
       aeabi_ctype.S.obj              0       257       0      
       s_scalbn.c.obj                 216     0         0      
       memcpy16.S.obj                 154     0         0      
       snprintf.c.obj                 148     0         0      
       vsnprintf.c.obj                136     0         0      
       copy_decompress_lzss.c.obj     124     0         0      
       memset16.S.obj                 98      0         0      
       s_frexp.c.obj                  92      0         0      
       _ltoa.c.obj                    88      0         0      
       atoi.c.obj                     64      0         0      
       autoinit.c.obj                 60      0         0      
       boot_cortex_m.c.obj            40      0         0      
       memccpy.c.obj                  34      0         0      
       copy_decompress_none.c.obj     18      0         0      
       copy_zero_init.c.obj           16      0         0      
       wcslen.c.obj                   16      0         0      
       aeabi_portable.c.obj           8       0         4      
       exit.c.obj                     6       0         0      
       pre_init.c.obj                 4       0         0      
    +--+------------------------------+-------+---------+---------+
       Total:                         5832    291       4      
                                                               
    /Applications/ti/ccs2040/ccs/tools/compiler/ti-cgt-armllvm_4.0.4.LTS/lib/armv6m-ti-none-eabi/c/libsysbm.a
       hostexit.c.obj                 4       0         0      
    +--+------------------------------+-------+---------+---------+
       Total:                         4       0         0      
                                                               
    /Applications/ti/ccs2040/ccs/tools/compiler/ti-cgt-armllvm_4.0.4.LTS/lib/armv6m-ti-none-eabi/libclang_rt.builtins.a
       adddf3.S.obj                   418     0         0      
       divdf3.S.obj                   268     0         0      
       muldf3.S.obj                   228     0         0      
       comparedf2.c.obj               220     0         0      
       addsf3.S.obj                   216     0         0      
       udivmoddi4.S.obj               162     0         0      
       mulsf3.S.obj                   140     0         0      
       divsf3.S.obj                   130     0         0      
       comparesf2.S.obj               118     0         0      
       aeabi_dcmp.S.obj               98      0         0      
       aeabi_fcmp.S.obj               98      0         0      
       aeabi_idivmod.S.obj            86      0         0      
       fixdfsi.S.obj                  74      0         0      
       aeabi_uidivmod.S.obj           64      0         0      
       extendsfdf2.S.obj              64      0         0      
       floatsisf.S.obj                60      0         0      
       muldsi3.S.obj                  58      0         0      
       fixsfsi.S.obj                  56      0         0      
       floatsidf.S.obj                44      0         0      
       floatunsisf.S.obj              40      0         0      
       muldi3.S.obj                   36      0         0      
       ashldi3.S.obj                  30      0         0      
       aeabi_memset.S.obj             26      0         0      
       aeabi_uldivmod.S.obj           20      0         0      
       aeabi_memcpy.S.obj             8       0         0      
       aeabi_div0.c.obj               4       0         0      
    +--+------------------------------+-------+---------+---------+
       Total:                         2766    0         0      
                                                               
    /Users/zanehensley/ti/mspm0_sdk_2_10_00_04/source/ti/driverlib/lib/ticlang/m0p/mspm0g1x0x_g3x0x/driverlib.a
       dl_spi.o                       166     0         0      
       dl_i2c.o                       146     0         0      
       dl_uart.o                      138     0         0      
       dl_common.o                    10      0         0      
    +--+------------------------------+-------+---------+---------+
       Total:                         460     0         0      
                                                               
       Stack:                         0       0         512    
       Linker Generated:              0       47        0      
    +--+------------------------------+-------+---------+---------+
       Grand Total:                   33458   1371      1872   


LINKER GENERATED COPY TABLES

__TI_cinit_table @ 00008830 records: 2, size/record: 8, table size: 16
	.data: load addr=0000881c, load size=0000000b bytes, run addr=2020053c, run size=00000016 bytes, compression=lzss
	.bss: load addr=00008828, load size=00000008 bytes, run addr=20200000, run size=0000053a bytes, compression=zero_init


LINKER GENERATED HANDLER TABLE

__TI_handler_table @ 00008810 records: 3, size/record: 4, table size: 12
	index: 0, handler: __TI_decompress_lzss
	index: 1, handler: __TI_decompress_none
	index: 2, handler: __TI_zero_init


FAR CALL TRAMPOLINES

callee name               trampoline name
   callee addr  tramp addr   call addr  call info
--------------  -----------  ---------  ----------------
__aeabi_dsub              $Tramp$TT$L$PI$$__aeabi_dsub
   00004ef5     0000831c     0000831a   libc.a : _printfi.c.obj (.text.OUTLINED_FUNCTION_0)

[1 trampolines]
[1 trampoline calls]


GLOBAL SYMBOLS: SORTED ALPHABETICALLY BY Name 

address   name                          
-------   ----                          
00005087  ADC0_IRQHandler               
00005087  ADC1_IRQHandler               
00005087  AES_IRQHandler                
00008386  C$$EXIT                       
00005087  CANFD0_IRQHandler             
00005087  DAC0_IRQHandler               
00008309  DL_Common_delayCycles         
00007e31  DL_I2C_flushControllerRXFIFO  
00007c91  DL_I2C_flushControllerTXFIFO  
0000809d  DL_I2C_setClockConfig         
00007b09  DL_SPI_init                   
0000810d  DL_SPI_receiveDataBlocking8   
00008239  DL_SPI_setClockConfig         
00007e61  DL_SPI_transmitDataBlocking8  
000079e9  DL_UART_init                  
0000824b  DL_UART_setClockConfig        
00007e91  DL_UART_transmitDataBlocking  
00005087  DMA_IRQHandler                
00005087  Default_Handler               
00005087  GROUP0_IRQHandler             
00005087  GROUP1_IRQHandler             
00008387  HOSTexit                      
00005087  HardFault_Handler             
00005087  I2C0_IRQHandler               
00005087  I2C1_IRQHandler               
00005087  NMI_Handler                   
00005087  PendSV_Handler                
00005087  RTC_IRQHandler                
0000838b  Reset_Handler                 
00005087  SPI0_IRQHandler               
00005087  SPI1_IRQHandler               
00005087  SVC_Handler                   
0000557d  SYSCFG_DL_GPIO_init           
000077c1  SYSCFG_DL_I2C_ENV_init        
000078bd  SYSCFG_DL_SPI_SHARED_init     
00007ec1  SYSCFG_DL_SYSCTL_init         
00007545  SYSCFG_DL_UART_DEBUG_init     
00007fad  SYSCFG_DL_init                
00007a31  SYSCFG_DL_initPower           
00005087  SysTick_Handler               
00005087  TIMA0_IRQHandler              
00005087  TIMA1_IRQHandler              
00005087  TIMG0_IRQHandler              
00005087  TIMG12_IRQHandler             
00005087  TIMG6_IRQHandler              
00005087  TIMG7_IRQHandler              
00005087  TIMG8_IRQHandler              
00005087  UART0_IRQHandler              
00005087  UART1_IRQHandler              
00005087  UART2_IRQHandler              
00005087  UART3_IRQHandler              
20208000  __STACK_END                   
00000200  __STACK_SIZE                  
00000000  __TI_ATRegion0_region_sz      
00000000  __TI_ATRegion0_src_addr       
00000000  __TI_ATRegion0_trg_addr       
00000000  __TI_ATRegion1_region_sz      
00000000  __TI_ATRegion1_src_addr       
00000000  __TI_ATRegion1_trg_addr       
00000000  __TI_ATRegion2_region_sz      
00000000  __TI_ATRegion2_src_addr       
00000000  __TI_ATRegion2_trg_addr       
00008830  __TI_CINIT_Base               
00008840  __TI_CINIT_Limit              
00008840  __TI_CINIT_Warm               
00008810  __TI_Handler_Table_Base       
0000881c  __TI_Handler_Table_Limit      
00007d45  __TI_auto_init_nobinit_nopinit
0000708d  __TI_decompress_lzss          
00008281  __TI_decompress_none          
00007661  __TI_ltoa                     
ffffffff  __TI_pprof_out_hndl           
000000c1  __TI_printfi                  
ffffffff  __TI_prof_data_size           
ffffffff  __TI_prof_data_start          
00000000  __TI_static_base__            
000082b5  __TI_zero_init                
00004eff  __adddf3                      
000066cb  __addsf3                      
000083a0  __aeabi_ctype_table_          
000083a0  __aeabi_ctype_table_C         
00007955  __aeabi_d2iz                  
00004eff  __aeabi_dadd                  
0000741d  __aeabi_dcmpeq                
00007459  __aeabi_dcmpge                
0000746d  __aeabi_dcmpgt                
00007445  __aeabi_dcmple                
00007431  __aeabi_dcmplt                
00005d55  __aeabi_ddiv                  
00006351  __aeabi_dmul                  
00004ef5  __aeabi_dsub                  
2020053c  __aeabi_errno                 
00008361  __aeabi_errno_addr            
00007bd1  __aeabi_f2d                   
00007df9  __aeabi_f2iz                  
000066cb  __aeabi_fadd                  
00007481  __aeabi_fcmpeq                
000074bd  __aeabi_fcmpge                
000074d1  __aeabi_fcmpgt                
000074a9  __aeabi_fcmple                
00007495  __aeabi_fcmplt                
00006f89  __aeabi_fdiv                  
00006e75  __aeabi_fmul                  
000066c1  __aeabi_fsub                  
00007f81  __aeabi_i2d                   
00007ccd  __aeabi_i2f                   
00007769  __aeabi_idiv                  
000057d3  __aeabi_idiv0                 
00007769  __aeabi_idivmod               
000069eb  __aeabi_ldiv0                 
0000812d  __aeabi_llsl                  
000080c5  __aeabi_lmul                  
000082fd  __aeabi_memclr                
000082fd  __aeabi_memclr4               
000082fd  __aeabi_memclr8               
00008369  __aeabi_memcpy                
00008369  __aeabi_memcpy4               
00008369  __aeabi_memcpy8               
000082c5  __aeabi_memset                
000082c5  __aeabi_memset4               
000082c5  __aeabi_memset8               
00007fd5  __aeabi_ui2f                  
00007b91  __aeabi_uidiv                 
00007b91  __aeabi_uidivmod              
000081ad  __aeabi_uldivmod              
0000812d  __ashldi3                     
ffffffff  __binit__                     
000072e5  __cmpdf2                      
00007d81  __cmpsf2                      
00005d55  __divdf3                      
00006f89  __divsf3                      
000072e5  __eqdf2                       
00007d81  __eqsf2                       
00007bd1  __extendsfdf2                 
00007955  __fixdfsi                     
00007df9  __fixsfsi                     
00007f81  __floatsidf                   
00007ccd  __floatsisf                   
00007fd5  __floatunsisf                 
000071fd  __gedf2                       
00007d09  __gesf2                       
000071fd  __gtdf2                       
00007d09  __gtsf2                       
000072e5  __ledf2                       
00007d81  __lesf2                       
000072e5  __ltdf2                       
00007d81  __ltsf2                       
UNDEFED   __mpu_init                    
00006351  __muldf3                      
000080c5  __muldi3                      
00007dbd  __muldsi3                     
00006e75  __mulsf3                      
000072e5  __nedf2                       
00007d81  __nesf2                       
20207e00  __stack                       
20200000  __start___llvm_prf_bits       
20200000  __start___llvm_prf_cnts       
20200000  __stop___llvm_prf_bits        
20200000  __stop___llvm_prf_cnts        
00004ef5  __subdf3                      
000066c1  __subsf3                      
00006bfd  __udivmoddi4                  
00008075  _c_int00_noargs               
UNDEFED   _system_post_cinit            
0000838f  _system_pre_init              
00008381  abort                         
00007c11  atoi                          
ffffffff  binit                         
00001895  bme68x_get_data               
00006aa5  bme68x_get_meas_dur           
00006869  bme68x_get_op_mode            
0000692b  bme68x_get_regs               
000035e9  bme68x_init                   
00004ba9  bme68x_set_conf               
00001ec5  bme68x_set_heatr_conf         
00005e61  bme68x_set_op_mode            
00002a15  bme68x_set_regs               
00006f01  bme68x_soft_reset             
00000a91  disk_initialize               
00005089  disk_ioctl                    
00004445  disk_read                     
000081c1  disk_status                   
000049f1  disk_write                    
000075a5  f_mount                       
00003911  f_open                        
00006511  f_sync                        
00004039  f_write                       
00007605  frexp                         
00007605  frexpl                        
2020050c  gSPI_SHAREDBackup             
00008371  get_fattime                   
000069ed  hab_bme680_init               
00006b59  hab_bme680_sample             
0000700d  hab_sd_fatfs_append_line      
0000804d  hab_sd_fatfs_flush            
00007711  hab_sd_fatfs_init             
00003259  hab_sx1276_init               
00003bb5  hab_sx1276_send               
00000000  interruptVectors              
000065e9  ldexp                         
000065e9  ldexpl                        
000011bd  main                          
000080e9  memccpy                       
00006dd9  memcpy                        
000074e3  memset                        
0000734d  poc_delay_ms                  
000082d3  poc_delay_us                  
00007185  poc_i2c_probe                 
00005311  poc_i2c_read_registers        
00004d59  poc_i2c_write_registers       
00008295  poc_lora_read_dio0            
00007a79  poc_lora_read_register        
000081d5  poc_lora_set_cs               
000081e9  poc_lora_set_reset            
000081fd  poc_platform_init             
00008211  poc_sd_set_cs                 
00005b31  poc_spi_transfer              
0000817d  poc_spi_transfer_byte         
00007271  poc_uart_printf               
00007815  poc_uart_write_line           
000065e9  scalbn                        
000065e9  scalbnl                       
00007909  snprintf                      
00007c51  vsnprintf                     
000082a5  wcslen                        


GLOBAL SYMBOLS: SORTED BY Symbol Address 

address   name                          
-------   ----                          
00000000  __TI_ATRegion0_region_sz      
00000000  __TI_ATRegion0_src_addr       
00000000  __TI_ATRegion0_trg_addr       
00000000  __TI_ATRegion1_region_sz      
00000000  __TI_ATRegion1_src_addr       
00000000  __TI_ATRegion1_trg_addr       
00000000  __TI_ATRegion2_region_sz      
00000000  __TI_ATRegion2_src_addr       
00000000  __TI_ATRegion2_trg_addr       
00000000  __TI_static_base__            
00000000  interruptVectors              
000000c1  __TI_printfi                  
00000200  __STACK_SIZE                  
00000a91  disk_initialize               
000011bd  main                          
00001895  bme68x_get_data               
00001ec5  bme68x_set_heatr_conf         
00002a15  bme68x_set_regs               
00003259  hab_sx1276_init               
000035e9  bme68x_init                   
00003911  f_open                        
00003bb5  hab_sx1276_send               
00004039  f_write                       
00004445  disk_read                     
000049f1  disk_write                    
00004ba9  bme68x_set_conf               
00004d59  poc_i2c_write_registers       
00004ef5  __aeabi_dsub                  
00004ef5  __subdf3                      
00004eff  __adddf3                      
00004eff  __aeabi_dadd                  
00005087  ADC0_IRQHandler               
00005087  ADC1_IRQHandler               
00005087  AES_IRQHandler                
00005087  CANFD0_IRQHandler             
00005087  DAC0_IRQHandler               
00005087  DMA_IRQHandler                
00005087  Default_Handler               
00005087  GROUP0_IRQHandler             
00005087  GROUP1_IRQHandler             
00005087  HardFault_Handler             
00005087  I2C0_IRQHandler               
00005087  I2C1_IRQHandler               
00005087  NMI_Handler                   
00005087  PendSV_Handler                
00005087  RTC_IRQHandler                
00005087  SPI0_IRQHandler               
00005087  SPI1_IRQHandler               
00005087  SVC_Handler                   
00005087  SysTick_Handler               
00005087  TIMA0_IRQHandler              
00005087  TIMA1_IRQHandler              
00005087  TIMG0_IRQHandler              
00005087  TIMG12_IRQHandler             
00005087  TIMG6_IRQHandler              
00005087  TIMG7_IRQHandler              
00005087  TIMG8_IRQHandler              
00005087  UART0_IRQHandler              
00005087  UART1_IRQHandler              
00005087  UART2_IRQHandler              
00005087  UART3_IRQHandler              
00005089  disk_ioctl                    
00005311  poc_i2c_read_registers        
0000557d  SYSCFG_DL_GPIO_init           
000057d3  __aeabi_idiv0                 
00005b31  poc_spi_transfer              
00005d55  __aeabi_ddiv                  
00005d55  __divdf3                      
00005e61  bme68x_set_op_mode            
00006351  __aeabi_dmul                  
00006351  __muldf3                      
00006511  f_sync                        
000065e9  ldexp                         
000065e9  ldexpl                        
000065e9  scalbn                        
000065e9  scalbnl                       
000066c1  __aeabi_fsub                  
000066c1  __subsf3                      
000066cb  __addsf3                      
000066cb  __aeabi_fadd                  
00006869  bme68x_get_op_mode            
0000692b  bme68x_get_regs               
000069eb  __aeabi_ldiv0                 
000069ed  hab_bme680_init               
00006aa5  bme68x_get_meas_dur           
00006b59  hab_bme680_sample             
00006bfd  __udivmoddi4                  
00006dd9  memcpy                        
00006e75  __aeabi_fmul                  
00006e75  __mulsf3                      
00006f01  bme68x_soft_reset             
00006f89  __aeabi_fdiv                  
00006f89  __divsf3                      
0000700d  hab_sd_fatfs_append_line      
0000708d  __TI_decompress_lzss          
00007185  poc_i2c_probe                 
000071fd  __gedf2                       
000071fd  __gtdf2                       
00007271  poc_uart_printf               
000072e5  __cmpdf2                      
000072e5  __eqdf2                       
000072e5  __ledf2                       
000072e5  __ltdf2                       
000072e5  __nedf2                       
0000734d  poc_delay_ms                  
0000741d  __aeabi_dcmpeq                
00007431  __aeabi_dcmplt                
00007445  __aeabi_dcmple                
00007459  __aeabi_dcmpge                
0000746d  __aeabi_dcmpgt                
00007481  __aeabi_fcmpeq                
00007495  __aeabi_fcmplt                
000074a9  __aeabi_fcmple                
000074bd  __aeabi_fcmpge                
000074d1  __aeabi_fcmpgt                
000074e3  memset                        
00007545  SYSCFG_DL_UART_DEBUG_init     
000075a5  f_mount                       
00007605  frexp                         
00007605  frexpl                        
00007661  __TI_ltoa                     
00007711  hab_sd_fatfs_init             
00007769  __aeabi_idiv                  
00007769  __aeabi_idivmod               
000077c1  SYSCFG_DL_I2C_ENV_init        
00007815  poc_uart_write_line           
000078bd  SYSCFG_DL_SPI_SHARED_init     
00007909  snprintf                      
00007955  __aeabi_d2iz                  
00007955  __fixdfsi                     
000079e9  DL_UART_init                  
00007a31  SYSCFG_DL_initPower           
00007a79  poc_lora_read_register        
00007b09  DL_SPI_init                   
00007b91  __aeabi_uidiv                 
00007b91  __aeabi_uidivmod              
00007bd1  __aeabi_f2d                   
00007bd1  __extendsfdf2                 
00007c11  atoi                          
00007c51  vsnprintf                     
00007c91  DL_I2C_flushControllerTXFIFO  
00007ccd  __aeabi_i2f                   
00007ccd  __floatsisf                   
00007d09  __gesf2                       
00007d09  __gtsf2                       
00007d45  __TI_auto_init_nobinit_nopinit
00007d81  __cmpsf2                      
00007d81  __eqsf2                       
00007d81  __lesf2                       
00007d81  __ltsf2                       
00007d81  __nesf2                       
00007dbd  __muldsi3                     
00007df9  __aeabi_f2iz                  
00007df9  __fixsfsi                     
00007e31  DL_I2C_flushControllerRXFIFO  
00007e61  DL_SPI_transmitDataBlocking8  
00007e91  DL_UART_transmitDataBlocking  
00007ec1  SYSCFG_DL_SYSCTL_init         
00007f81  __aeabi_i2d                   
00007f81  __floatsidf                   
00007fad  SYSCFG_DL_init                
00007fd5  __aeabi_ui2f                  
00007fd5  __floatunsisf                 
0000804d  hab_sd_fatfs_flush            
00008075  _c_int00_noargs               
0000809d  DL_I2C_setClockConfig         
000080c5  __aeabi_lmul                  
000080c5  __muldi3                      
000080e9  memccpy                       
0000810d  DL_SPI_receiveDataBlocking8   
0000812d  __aeabi_llsl                  
0000812d  __ashldi3                     
0000817d  poc_spi_transfer_byte         
000081ad  __aeabi_uldivmod              
000081c1  disk_status                   
000081d5  poc_lora_set_cs               
000081e9  poc_lora_set_reset            
000081fd  poc_platform_init             
00008211  poc_sd_set_cs                 
00008239  DL_SPI_setClockConfig         
0000824b  DL_UART_setClockConfig        
00008281  __TI_decompress_none          
00008295  poc_lora_read_dio0            
000082a5  wcslen                        
000082b5  __TI_zero_init                
000082c5  __aeabi_memset                
000082c5  __aeabi_memset4               
000082c5  __aeabi_memset8               
000082d3  poc_delay_us                  
000082fd  __aeabi_memclr                
000082fd  __aeabi_memclr4               
000082fd  __aeabi_memclr8               
00008309  DL_Common_delayCycles         
00008361  __aeabi_errno_addr            
00008369  __aeabi_memcpy                
00008369  __aeabi_memcpy4               
00008369  __aeabi_memcpy8               
00008371  get_fattime                   
00008381  abort                         
00008386  C$$EXIT                       
00008387  HOSTexit                      
0000838b  Reset_Handler                 
0000838f  _system_pre_init              
000083a0  __aeabi_ctype_table_          
000083a0  __aeabi_ctype_table_C         
00008810  __TI_Handler_Table_Base       
0000881c  __TI_Handler_Table_Limit      
00008830  __TI_CINIT_Base               
00008840  __TI_CINIT_Limit              
00008840  __TI_CINIT_Warm               
20200000  __start___llvm_prf_bits       
20200000  __start___llvm_prf_cnts       
20200000  __stop___llvm_prf_bits        
20200000  __stop___llvm_prf_cnts        
2020050c  gSPI_SHAREDBackup             
2020053c  __aeabi_errno                 
20207e00  __stack                       
20208000  __STACK_END                   
ffffffff  __TI_pprof_out_hndl           
ffffffff  __TI_prof_data_size           
ffffffff  __TI_prof_data_start          
ffffffff  __binit__                     
ffffffff  binit                         
UNDEFED   __mpu_init                    
UNDEFED   _system_post_cinit            

[225 symbols]
