<?xml version="1.0" encoding="ISO-8859-1" ?>
<link_info>
   <banner>TI ARM Clang Linker Unix v4.0.4.LTS</banner>
   <copyright>Copyright (c) 1996-2018 Texas Instruments Incorporated</copyright>
   <command_line>/Applications/ti/ccs2040/ccs/tools/compiler/ti-cgt-armllvm_4.0.4.LTS/bin/tiarmlnk -I/Applications/ti/ccs2040/ccs/tools/compiler/ti-cgt-armllvm_4.0.4.LTS/lib -o firmware-poc.out -mfirmware-poc.map -i/Users/zanehensley/ti/mspm0_sdk_2_10_00_04/source -i/Users/zanehensley/code/classes/classelec327/high_altitude_balloon/firmware-poc -i/Users/zanehensley/code/classes/classelec327/high_altitude_balloon/firmware-poc/Debug/syscfg -i/Applications/ti/ccs2040/ccs/tools/compiler/ti-cgt-armllvm_4.0.4.LTS/lib --diag_wrap=off --display_error_number --warn_sections --xml_link_info=firmware-poc_linkInfo.xml --rom_model ./ti_msp_dl_config.o ./startup_mspm0g350x_ticlang.o ./src/main.o ./src/poc_diskio_mspm0.o ./src/poc_platform.o ./src/reuse_bme68x.o ./src/reuse_ff.o ./src/reuse_ffsystem.o ./src/reuse_ffunicode.o ./src/reuse_hab_bme680.o ./src/reuse_hab_lora_sx1276.o ./src/reuse_hab_sd_fatfs.o -l./device_linker.cmd -ldevice.cmd.genlibs -llibc.a --start-group -llibc++.a -llibc++abi.a -llibc.a -llibsys.a -llibsysbm.a -llibclang_rt.builtins.a -llibclang_rt.profile.a --end-group --cg_opt_level=2</command_line>
   <link_time>0x69cc1dc9</link_time>
   <link_errors>0x0</link_errors>
   <output_file>/Users/zanehensley/code/classes/classelec327/high_altitude_balloon/firmware-poc/Debug/firmware-poc.out</output_file>
   <entry_point>
      <name>_c_int00_noargs</name>
      <address>0x8075</address>
   </entry_point>
   <input_file_list>
      <input_file id="fl-1">
         <path>/Users/zanehensley/code/classes/classelec327/high_altitude_balloon/firmware-poc/Debug/./</path>
         <kind>object</kind>
         <file>ti_msp_dl_config.o</file>
         <name>ti_msp_dl_config.o</name>
      </input_file>
      <input_file id="fl-2">
         <path>/Users/zanehensley/code/classes/classelec327/high_altitude_balloon/firmware-poc/Debug/./</path>
         <kind>object</kind>
         <file>startup_mspm0g350x_ticlang.o</file>
         <name>startup_mspm0g350x_ticlang.o</name>
      </input_file>
      <input_file id="fl-3">
         <path>/Users/zanehensley/code/classes/classelec327/high_altitude_balloon/firmware-poc/Debug/./src/</path>
         <kind>object</kind>
         <file>main.o</file>
         <name>main.o</name>
      </input_file>
      <input_file id="fl-4">
         <path>/Users/zanehensley/code/classes/classelec327/high_altitude_balloon/firmware-poc/Debug/./src/</path>
         <kind>object</kind>
         <file>poc_diskio_mspm0.o</file>
         <name>poc_diskio_mspm0.o</name>
      </input_file>
      <input_file id="fl-5">
         <path>/Users/zanehensley/code/classes/classelec327/high_altitude_balloon/firmware-poc/Debug/./src/</path>
         <kind>object</kind>
         <file>poc_platform.o</file>
         <name>poc_platform.o</name>
      </input_file>
      <input_file id="fl-6">
         <path>/Users/zanehensley/code/classes/classelec327/high_altitude_balloon/firmware-poc/Debug/./src/</path>
         <kind>object</kind>
         <file>reuse_bme68x.o</file>
         <name>reuse_bme68x.o</name>
      </input_file>
      <input_file id="fl-7">
         <path>/Users/zanehensley/code/classes/classelec327/high_altitude_balloon/firmware-poc/Debug/./src/</path>
         <kind>object</kind>
         <file>reuse_ff.o</file>
         <name>reuse_ff.o</name>
      </input_file>
      <input_file id="fl-8">
         <path>/Users/zanehensley/code/classes/classelec327/high_altitude_balloon/firmware-poc/Debug/./src/</path>
         <kind>object</kind>
         <file>reuse_ffsystem.o</file>
         <name>reuse_ffsystem.o</name>
      </input_file>
      <input_file id="fl-9">
         <path>/Users/zanehensley/code/classes/classelec327/high_altitude_balloon/firmware-poc/Debug/./src/</path>
         <kind>object</kind>
         <file>reuse_ffunicode.o</file>
         <name>reuse_ffunicode.o</name>
      </input_file>
      <input_file id="fl-a">
         <path>/Users/zanehensley/code/classes/classelec327/high_altitude_balloon/firmware-poc/Debug/./src/</path>
         <kind>object</kind>
         <file>reuse_hab_bme680.o</file>
         <name>reuse_hab_bme680.o</name>
      </input_file>
      <input_file id="fl-b">
         <path>/Users/zanehensley/code/classes/classelec327/high_altitude_balloon/firmware-poc/Debug/./src/</path>
         <kind>object</kind>
         <file>reuse_hab_lora_sx1276.o</file>
         <name>reuse_hab_lora_sx1276.o</name>
      </input_file>
      <input_file id="fl-c">
         <path>/Users/zanehensley/code/classes/classelec327/high_altitude_balloon/firmware-poc/Debug/./src/</path>
         <kind>object</kind>
         <file>reuse_hab_sd_fatfs.o</file>
         <name>reuse_hab_sd_fatfs.o</name>
      </input_file>
      <input_file id="fl-19">
         <path>/Users/zanehensley/code/classes/classelec327/high_altitude_balloon/firmware-poc/Debug/</path>
         <kind>object</kind>
         <file>&lt;internal&gt;</file>
         <name>&lt;internal&gt;</name>
      </input_file>
      <input_file id="fl-1a">
         <path>/Users/zanehensley/ti/mspm0_sdk_2_10_00_04/source/ti/driverlib/lib/ticlang/m0p/mspm0g1x0x_g3x0x/</path>
         <kind>archive</kind>
         <file>driverlib.a</file>
         <name>dl_common.o</name>
      </input_file>
      <input_file id="fl-1b">
         <path>/Users/zanehensley/ti/mspm0_sdk_2_10_00_04/source/ti/driverlib/lib/ticlang/m0p/mspm0g1x0x_g3x0x/</path>
         <kind>archive</kind>
         <file>driverlib.a</file>
         <name>dl_i2c.o</name>
      </input_file>
      <input_file id="fl-1c">
         <path>/Users/zanehensley/ti/mspm0_sdk_2_10_00_04/source/ti/driverlib/lib/ticlang/m0p/mspm0g1x0x_g3x0x/</path>
         <kind>archive</kind>
         <file>driverlib.a</file>
         <name>dl_spi.o</name>
      </input_file>
      <input_file id="fl-1d">
         <path>/Users/zanehensley/ti/mspm0_sdk_2_10_00_04/source/ti/driverlib/lib/ticlang/m0p/mspm0g1x0x_g3x0x/</path>
         <kind>archive</kind>
         <file>driverlib.a</file>
         <name>dl_uart.o</name>
      </input_file>
      <input_file id="fl-34">
         <path>/Applications/ti/ccs2040/ccs/tools/compiler/ti-cgt-armllvm_4.0.4.LTS/lib/armv6m-ti-none-eabi/c/</path>
         <kind>archive</kind>
         <file>libc.a</file>
         <name>snprintf.c.obj</name>
      </input_file>
      <input_file id="fl-35">
         <path>/Applications/ti/ccs2040/ccs/tools/compiler/ti-cgt-armllvm_4.0.4.LTS/lib/armv6m-ti-none-eabi/c/</path>
         <kind>archive</kind>
         <file>libc.a</file>
         <name>vsnprintf.c.obj</name>
      </input_file>
      <input_file id="fl-36">
         <path>/Applications/ti/ccs2040/ccs/tools/compiler/ti-cgt-armllvm_4.0.4.LTS/lib/armv6m-ti-none-eabi/c/</path>
         <kind>archive</kind>
         <file>libc.a</file>
         <name>boot_cortex_m.c.obj</name>
      </input_file>
      <input_file id="fl-37">
         <path>/Applications/ti/ccs2040/ccs/tools/compiler/ti-cgt-armllvm_4.0.4.LTS/lib/armv6m-ti-none-eabi/c/</path>
         <kind>archive</kind>
         <file>libc.a</file>
         <name>mathacl_init.c.obj</name>
      </input_file>
      <input_file id="fl-38">
         <path>/Applications/ti/ccs2040/ccs/tools/compiler/ti-cgt-armllvm_4.0.4.LTS/lib/armv6m-ti-none-eabi/c/</path>
         <kind>archive</kind>
         <file>libc.a</file>
         <name>autoinit.c.obj</name>
      </input_file>
      <input_file id="fl-39">
         <path>/Applications/ti/ccs2040/ccs/tools/compiler/ti-cgt-armllvm_4.0.4.LTS/lib/armv6m-ti-none-eabi/c/</path>
         <kind>archive</kind>
         <file>libc.a</file>
         <name>pre_init.c.obj</name>
      </input_file>
      <input_file id="fl-3a">
         <path>/Applications/ti/ccs2040/ccs/tools/compiler/ti-cgt-armllvm_4.0.4.LTS/lib/armv6m-ti-none-eabi/c/</path>
         <kind>archive</kind>
         <file>libc.a</file>
         <name>cpy_tbl.c.obj</name>
      </input_file>
      <input_file id="fl-3b">
         <path>/Applications/ti/ccs2040/ccs/tools/compiler/ti-cgt-armllvm_4.0.4.LTS/lib/armv6m-ti-none-eabi/c/</path>
         <kind>archive</kind>
         <file>libc.a</file>
         <name>copy_zero_init.c.obj</name>
      </input_file>
      <input_file id="fl-3c">
         <path>/Applications/ti/ccs2040/ccs/tools/compiler/ti-cgt-armllvm_4.0.4.LTS/lib/armv6m-ti-none-eabi/c/</path>
         <kind>archive</kind>
         <file>libc.a</file>
         <name>copy_decompress_none.c.obj</name>
      </input_file>
      <input_file id="fl-3d">
         <path>/Applications/ti/ccs2040/ccs/tools/compiler/ti-cgt-armllvm_4.0.4.LTS/lib/armv6m-ti-none-eabi/c/</path>
         <kind>archive</kind>
         <file>libc.a</file>
         <name>copy_decompress_lzss.c.obj</name>
      </input_file>
      <input_file id="fl-3e">
         <path>/Applications/ti/ccs2040/ccs/tools/compiler/ti-cgt-armllvm_4.0.4.LTS/lib/armv6m-ti-none-eabi/c/</path>
         <kind>archive</kind>
         <file>libc.a</file>
         <name>_printfi.c.obj</name>
      </input_file>
      <input_file id="fl-3f">
         <path>/Applications/ti/ccs2040/ccs/tools/compiler/ti-cgt-armllvm_4.0.4.LTS/lib/armv6m-ti-none-eabi/c/</path>
         <kind>archive</kind>
         <file>libc.a</file>
         <name>aeabi_portable.c.obj</name>
      </input_file>
      <input_file id="fl-40">
         <path>/Applications/ti/ccs2040/ccs/tools/compiler/ti-cgt-armllvm_4.0.4.LTS/lib/armv6m-ti-none-eabi/c/</path>
         <kind>archive</kind>
         <file>libc.a</file>
         <name>exit.c.obj</name>
      </input_file>
      <input_file id="fl-41">
         <path>/Applications/ti/ccs2040/ccs/tools/compiler/ti-cgt-armllvm_4.0.4.LTS/lib/armv6m-ti-none-eabi/c/</path>
         <kind>archive</kind>
         <file>libc.a</file>
         <name>_lock.c.obj</name>
      </input_file>
      <input_file id="fl-42">
         <path>/Applications/ti/ccs2040/ccs/tools/compiler/ti-cgt-armllvm_4.0.4.LTS/lib/armv6m-ti-none-eabi/c/</path>
         <kind>archive</kind>
         <file>libc.a</file>
         <name>_ltoa.c.obj</name>
      </input_file>
      <input_file id="fl-43">
         <path>/Applications/ti/ccs2040/ccs/tools/compiler/ti-cgt-armllvm_4.0.4.LTS/lib/armv6m-ti-none-eabi/c/</path>
         <kind>archive</kind>
         <file>libc.a</file>
         <name>args_main.c.obj</name>
      </input_file>
      <input_file id="fl-44">
         <path>/Applications/ti/ccs2040/ccs/tools/compiler/ti-cgt-armllvm_4.0.4.LTS/lib/armv6m-ti-none-eabi/c/</path>
         <kind>archive</kind>
         <file>libc.a</file>
         <name>assert.c.obj</name>
      </input_file>
      <input_file id="fl-45">
         <path>/Applications/ti/ccs2040/ccs/tools/compiler/ti-cgt-armllvm_4.0.4.LTS/lib/armv6m-ti-none-eabi/c/</path>
         <kind>archive</kind>
         <file>libc.a</file>
         <name>atoi.c.obj</name>
      </input_file>
      <input_file id="fl-46">
         <path>/Applications/ti/ccs2040/ccs/tools/compiler/ti-cgt-armllvm_4.0.4.LTS/lib/armv6m-ti-none-eabi/c/</path>
         <kind>archive</kind>
         <file>libc.a</file>
         <name>defs.c.obj</name>
      </input_file>
      <input_file id="fl-47">
         <path>/Applications/ti/ccs2040/ccs/tools/compiler/ti-cgt-armllvm_4.0.4.LTS/lib/armv6m-ti-none-eabi/c/</path>
         <kind>archive</kind>
         <file>libc.a</file>
         <name>memccpy.c.obj</name>
      </input_file>
      <input_file id="fl-48">
         <path>/Applications/ti/ccs2040/ccs/tools/compiler/ti-cgt-armllvm_4.0.4.LTS/lib/armv6m-ti-none-eabi/c/</path>
         <kind>archive</kind>
         <file>libc.a</file>
         <name>memory.c.obj</name>
      </input_file>
      <input_file id="fl-49">
         <path>/Applications/ti/ccs2040/ccs/tools/compiler/ti-cgt-armllvm_4.0.4.LTS/lib/armv6m-ti-none-eabi/c/</path>
         <kind>archive</kind>
         <file>libc.a</file>
         <name>s_frexp.c.obj</name>
      </input_file>
      <input_file id="fl-4a">
         <path>/Applications/ti/ccs2040/ccs/tools/compiler/ti-cgt-armllvm_4.0.4.LTS/lib/armv6m-ti-none-eabi/c/</path>
         <kind>archive</kind>
         <file>libc.a</file>
         <name>s_scalbn.c.obj</name>
      </input_file>
      <input_file id="fl-4b">
         <path>/Applications/ti/ccs2040/ccs/tools/compiler/ti-cgt-armllvm_4.0.4.LTS/lib/armv6m-ti-none-eabi/c/</path>
         <kind>archive</kind>
         <file>libc.a</file>
         <name>wcslen.c.obj</name>
      </input_file>
      <input_file id="fl-4c">
         <path>/Applications/ti/ccs2040/ccs/tools/compiler/ti-cgt-armllvm_4.0.4.LTS/lib/armv6m-ti-none-eabi/c/</path>
         <kind>archive</kind>
         <file>libc.a</file>
         <name>sprintf.c.obj</name>
      </input_file>
      <input_file id="fl-4d">
         <path>/Applications/ti/ccs2040/ccs/tools/compiler/ti-cgt-armllvm_4.0.4.LTS/lib/armv6m-ti-none-eabi/c/</path>
         <kind>archive</kind>
         <file>libc.a</file>
         <name>fflush.c.obj</name>
      </input_file>
      <input_file id="fl-4e">
         <path>/Applications/ti/ccs2040/ccs/tools/compiler/ti-cgt-armllvm_4.0.4.LTS/lib/armv6m-ti-none-eabi/c/</path>
         <kind>archive</kind>
         <file>libc.a</file>
         <name>fputs.c.obj</name>
      </input_file>
      <input_file id="fl-4f">
         <path>/Applications/ti/ccs2040/ccs/tools/compiler/ti-cgt-armllvm_4.0.4.LTS/lib/armv6m-ti-none-eabi/c/</path>
         <kind>archive</kind>
         <file>libc.a</file>
         <name>_io_perm.c.obj</name>
      </input_file>
      <input_file id="fl-50">
         <path>/Applications/ti/ccs2040/ccs/tools/compiler/ti-cgt-armllvm_4.0.4.LTS/lib/armv6m-ti-none-eabi/c/</path>
         <kind>archive</kind>
         <file>libc.a</file>
         <name>setvbuf.c.obj</name>
      </input_file>
      <input_file id="fl-51">
         <path>/Applications/ti/ccs2040/ccs/tools/compiler/ti-cgt-armllvm_4.0.4.LTS/lib/armv6m-ti-none-eabi/c/</path>
         <kind>archive</kind>
         <file>libc.a</file>
         <name>aeabi_ctype.S.obj</name>
      </input_file>
      <input_file id="fl-52">
         <path>/Applications/ti/ccs2040/ccs/tools/compiler/ti-cgt-armllvm_4.0.4.LTS/lib/armv6m-ti-none-eabi/c/</path>
         <kind>archive</kind>
         <file>libc.a</file>
         <name>fopen.c.obj</name>
      </input_file>
      <input_file id="fl-53">
         <path>/Applications/ti/ccs2040/ccs/tools/compiler/ti-cgt-armllvm_4.0.4.LTS/lib/armv6m-ti-none-eabi/c/</path>
         <kind>archive</kind>
         <file>libc.a</file>
         <name>fseek.c.obj</name>
      </input_file>
      <input_file id="fl-54">
         <path>/Applications/ti/ccs2040/ccs/tools/compiler/ti-cgt-armllvm_4.0.4.LTS/lib/armv6m-ti-none-eabi/c/</path>
         <kind>archive</kind>
         <file>libc.a</file>
         <name>fclose.c.obj</name>
      </input_file>
      <input_file id="fl-f4">
         <path>/Applications/ti/ccs2040/ccs/tools/compiler/ti-cgt-armllvm_4.0.4.LTS/lib/armv6m-ti-none-eabi/c/</path>
         <kind>archive</kind>
         <file>libsysbm.a</file>
         <name>hostexit.c.obj</name>
      </input_file>
      <input_file id="fl-f5">
         <path>/Applications/ti/ccs2040/ccs/tools/compiler/ti-cgt-armllvm_4.0.4.LTS/lib/armv6m-ti-none-eabi/c/</path>
         <kind>archive</kind>
         <file>libsysbm.a</file>
         <name>write.c.obj</name>
      </input_file>
      <input_file id="fl-f6">
         <path>/Applications/ti/ccs2040/ccs/tools/compiler/ti-cgt-armllvm_4.0.4.LTS/lib/armv6m-ti-none-eabi/c/</path>
         <kind>archive</kind>
         <file>libsysbm.a</file>
         <name>host_device.c.obj</name>
      </input_file>
      <input_file id="fl-f7">
         <path>/Applications/ti/ccs2040/ccs/tools/compiler/ti-cgt-armllvm_4.0.4.LTS/lib/armv6m-ti-none-eabi/c/</path>
         <kind>archive</kind>
         <file>libsysbm.a</file>
         <name>remove.c.obj</name>
      </input_file>
      <input_file id="fl-f8">
         <path>/Applications/ti/ccs2040/ccs/tools/compiler/ti-cgt-armllvm_4.0.4.LTS/lib/armv6m-ti-none-eabi/c/</path>
         <kind>archive</kind>
         <file>libsysbm.a</file>
         <name>open.c.obj</name>
      </input_file>
      <input_file id="fl-f9">
         <path>/Applications/ti/ccs2040/ccs/tools/compiler/ti-cgt-armllvm_4.0.4.LTS/lib/armv6m-ti-none-eabi/c/</path>
         <kind>archive</kind>
         <file>libsysbm.a</file>
         <name>lseek.c.obj</name>
      </input_file>
      <input_file id="fl-fa">
         <path>/Applications/ti/ccs2040/ccs/tools/compiler/ti-cgt-armllvm_4.0.4.LTS/lib/armv6m-ti-none-eabi/c/</path>
         <kind>archive</kind>
         <file>libsysbm.a</file>
         <name>close.c.obj</name>
      </input_file>
      <input_file id="fl-fb">
         <path>/Applications/ti/ccs2040/ccs/tools/compiler/ti-cgt-armllvm_4.0.4.LTS/lib/armv6m-ti-none-eabi/c/</path>
         <kind>archive</kind>
         <file>libsysbm.a</file>
         <name>unlink.c.obj</name>
      </input_file>
      <input_file id="fl-fc">
         <path>/Applications/ti/ccs2040/ccs/tools/compiler/ti-cgt-armllvm_4.0.4.LTS/lib/armv6m-ti-none-eabi/c/</path>
         <kind>archive</kind>
         <file>libsysbm.a</file>
         <name>hostclose.c.obj</name>
      </input_file>
      <input_file id="fl-fd">
         <path>/Applications/ti/ccs2040/ccs/tools/compiler/ti-cgt-armllvm_4.0.4.LTS/lib/armv6m-ti-none-eabi/c/</path>
         <kind>archive</kind>
         <file>libsysbm.a</file>
         <name>hostlseek.c.obj</name>
      </input_file>
      <input_file id="fl-fe">
         <path>/Applications/ti/ccs2040/ccs/tools/compiler/ti-cgt-armllvm_4.0.4.LTS/lib/armv6m-ti-none-eabi/c/</path>
         <kind>archive</kind>
         <file>libsysbm.a</file>
         <name>hostopen.c.obj</name>
      </input_file>
      <input_file id="fl-ff">
         <path>/Applications/ti/ccs2040/ccs/tools/compiler/ti-cgt-armllvm_4.0.4.LTS/lib/armv6m-ti-none-eabi/c/</path>
         <kind>archive</kind>
         <file>libsysbm.a</file>
         <name>hostread.c.obj</name>
      </input_file>
      <input_file id="fl-100">
         <path>/Applications/ti/ccs2040/ccs/tools/compiler/ti-cgt-armllvm_4.0.4.LTS/lib/armv6m-ti-none-eabi/c/</path>
         <kind>archive</kind>
         <file>libsysbm.a</file>
         <name>hostrename.c.obj</name>
      </input_file>
      <input_file id="fl-101">
         <path>/Applications/ti/ccs2040/ccs/tools/compiler/ti-cgt-armllvm_4.0.4.LTS/lib/armv6m-ti-none-eabi/c/</path>
         <kind>archive</kind>
         <file>libsysbm.a</file>
         <name>hostunlink.c.obj</name>
      </input_file>
      <input_file id="fl-102">
         <path>/Applications/ti/ccs2040/ccs/tools/compiler/ti-cgt-armllvm_4.0.4.LTS/lib/armv6m-ti-none-eabi/c/</path>
         <kind>archive</kind>
         <file>libsysbm.a</file>
         <name>hostwrite.c.obj</name>
      </input_file>
      <input_file id="fl-103">
         <path>/Applications/ti/ccs2040/ccs/tools/compiler/ti-cgt-armllvm_4.0.4.LTS/lib/armv6m-ti-none-eabi/c/</path>
         <kind>archive</kind>
         <file>libsysbm.a</file>
         <name>trgmsg.c.obj</name>
      </input_file>
      <input_file id="fl-104">
         <path>/Applications/ti/ccs2040/ccs/tools/compiler/ti-cgt-armllvm_4.0.4.LTS/lib/armv6m-ti-none-eabi/</path>
         <kind>archive</kind>
         <file>libclang_rt.builtins.a</file>
         <name>addsf3.S.obj</name>
      </input_file>
      <input_file id="fl-105">
         <path>/Applications/ti/ccs2040/ccs/tools/compiler/ti-cgt-armllvm_4.0.4.LTS/lib/armv6m-ti-none-eabi/</path>
         <kind>archive</kind>
         <file>libclang_rt.builtins.a</file>
         <name>adddf3.S.obj</name>
      </input_file>
      <input_file id="fl-106">
         <path>/Applications/ti/ccs2040/ccs/tools/compiler/ti-cgt-armllvm_4.0.4.LTS/lib/armv6m-ti-none-eabi/</path>
         <kind>archive</kind>
         <file>libclang_rt.builtins.a</file>
         <name>muldf3.S.obj</name>
      </input_file>
      <input_file id="fl-107">
         <path>/Applications/ti/ccs2040/ccs/tools/compiler/ti-cgt-armllvm_4.0.4.LTS/lib/armv6m-ti-none-eabi/</path>
         <kind>archive</kind>
         <file>libclang_rt.builtins.a</file>
         <name>muldsi3.S.obj</name>
      </input_file>
      <input_file id="fl-108">
         <path>/Applications/ti/ccs2040/ccs/tools/compiler/ti-cgt-armllvm_4.0.4.LTS/lib/armv6m-ti-none-eabi/</path>
         <kind>archive</kind>
         <file>libclang_rt.builtins.a</file>
         <name>mulsf3.S.obj</name>
      </input_file>
      <input_file id="fl-109">
         <path>/Applications/ti/ccs2040/ccs/tools/compiler/ti-cgt-armllvm_4.0.4.LTS/lib/armv6m-ti-none-eabi/</path>
         <kind>archive</kind>
         <file>libclang_rt.builtins.a</file>
         <name>divsf3.S.obj</name>
      </input_file>
      <input_file id="fl-10a">
         <path>/Applications/ti/ccs2040/ccs/tools/compiler/ti-cgt-armllvm_4.0.4.LTS/lib/armv6m-ti-none-eabi/</path>
         <kind>archive</kind>
         <file>libclang_rt.builtins.a</file>
         <name>divdf3.S.obj</name>
      </input_file>
      <input_file id="fl-10b">
         <path>/Applications/ti/ccs2040/ccs/tools/compiler/ti-cgt-armllvm_4.0.4.LTS/lib/armv6m-ti-none-eabi/</path>
         <kind>archive</kind>
         <file>libclang_rt.builtins.a</file>
         <name>extendsfdf2.S.obj</name>
      </input_file>
      <input_file id="fl-10c">
         <path>/Applications/ti/ccs2040/ccs/tools/compiler/ti-cgt-armllvm_4.0.4.LTS/lib/armv6m-ti-none-eabi/</path>
         <kind>archive</kind>
         <file>libclang_rt.builtins.a</file>
         <name>fixdfsi.S.obj</name>
      </input_file>
      <input_file id="fl-10d">
         <path>/Applications/ti/ccs2040/ccs/tools/compiler/ti-cgt-armllvm_4.0.4.LTS/lib/armv6m-ti-none-eabi/</path>
         <kind>archive</kind>
         <file>libclang_rt.builtins.a</file>
         <name>fixsfsi.S.obj</name>
      </input_file>
      <input_file id="fl-10e">
         <path>/Applications/ti/ccs2040/ccs/tools/compiler/ti-cgt-armllvm_4.0.4.LTS/lib/armv6m-ti-none-eabi/</path>
         <kind>archive</kind>
         <file>libclang_rt.builtins.a</file>
         <name>fixunssfsi.S.obj</name>
      </input_file>
      <input_file id="fl-10f">
         <path>/Applications/ti/ccs2040/ccs/tools/compiler/ti-cgt-armllvm_4.0.4.LTS/lib/armv6m-ti-none-eabi/</path>
         <kind>archive</kind>
         <file>libclang_rt.builtins.a</file>
         <name>floatsidf.S.obj</name>
      </input_file>
      <input_file id="fl-110">
         <path>/Applications/ti/ccs2040/ccs/tools/compiler/ti-cgt-armllvm_4.0.4.LTS/lib/armv6m-ti-none-eabi/</path>
         <kind>archive</kind>
         <file>libclang_rt.builtins.a</file>
         <name>floatsisf.S.obj</name>
      </input_file>
      <input_file id="fl-111">
         <path>/Applications/ti/ccs2040/ccs/tools/compiler/ti-cgt-armllvm_4.0.4.LTS/lib/armv6m-ti-none-eabi/</path>
         <kind>archive</kind>
         <file>libclang_rt.builtins.a</file>
         <name>floatunsisf.S.obj</name>
      </input_file>
      <input_file id="fl-112">
         <path>/Applications/ti/ccs2040/ccs/tools/compiler/ti-cgt-armllvm_4.0.4.LTS/lib/armv6m-ti-none-eabi/</path>
         <kind>archive</kind>
         <file>libclang_rt.builtins.a</file>
         <name>muldi3.S.obj</name>
      </input_file>
      <input_file id="fl-113">
         <path>/Applications/ti/ccs2040/ccs/tools/compiler/ti-cgt-armllvm_4.0.4.LTS/lib/armv6m-ti-none-eabi/</path>
         <kind>archive</kind>
         <file>libclang_rt.builtins.a</file>
         <name>aeabi_dcmp.S.obj</name>
      </input_file>
      <input_file id="fl-114">
         <path>/Applications/ti/ccs2040/ccs/tools/compiler/ti-cgt-armllvm_4.0.4.LTS/lib/armv6m-ti-none-eabi/</path>
         <kind>archive</kind>
         <file>libclang_rt.builtins.a</file>
         <name>aeabi_fcmp.S.obj</name>
      </input_file>
      <input_file id="fl-115">
         <path>/Applications/ti/ccs2040/ccs/tools/compiler/ti-cgt-armllvm_4.0.4.LTS/lib/armv6m-ti-none-eabi/</path>
         <kind>archive</kind>
         <file>libclang_rt.builtins.a</file>
         <name>aeabi_idivmod.S.obj</name>
      </input_file>
      <input_file id="fl-116">
         <path>/Applications/ti/ccs2040/ccs/tools/compiler/ti-cgt-armllvm_4.0.4.LTS/lib/armv6m-ti-none-eabi/</path>
         <kind>archive</kind>
         <file>libclang_rt.builtins.a</file>
         <name>aeabi_memcpy.S.obj</name>
      </input_file>
      <input_file id="fl-117">
         <path>/Applications/ti/ccs2040/ccs/tools/compiler/ti-cgt-armllvm_4.0.4.LTS/lib/armv6m-ti-none-eabi/</path>
         <kind>archive</kind>
         <file>libclang_rt.builtins.a</file>
         <name>aeabi_memset.S.obj</name>
      </input_file>
      <input_file id="fl-118">
         <path>/Applications/ti/ccs2040/ccs/tools/compiler/ti-cgt-armllvm_4.0.4.LTS/lib/armv6m-ti-none-eabi/</path>
         <kind>archive</kind>
         <file>libclang_rt.builtins.a</file>
         <name>aeabi_uidivmod.S.obj</name>
      </input_file>
      <input_file id="fl-119">
         <path>/Applications/ti/ccs2040/ccs/tools/compiler/ti-cgt-armllvm_4.0.4.LTS/lib/armv6m-ti-none-eabi/</path>
         <kind>archive</kind>
         <file>libclang_rt.builtins.a</file>
         <name>aeabi_uldivmod.S.obj</name>
      </input_file>
      <input_file id="fl-11a">
         <path>/Applications/ti/ccs2040/ccs/tools/compiler/ti-cgt-armllvm_4.0.4.LTS/lib/armv6m-ti-none-eabi/</path>
         <kind>archive</kind>
         <file>libclang_rt.builtins.a</file>
         <name>comparesf2.S.obj</name>
      </input_file>
      <input_file id="fl-11b">
         <path>/Applications/ti/ccs2040/ccs/tools/compiler/ti-cgt-armllvm_4.0.4.LTS/lib/armv6m-ti-none-eabi/</path>
         <kind>archive</kind>
         <file>libclang_rt.builtins.a</file>
         <name>udivmoddi4.S.obj</name>
      </input_file>
      <input_file id="fl-11c">
         <path>/Applications/ti/ccs2040/ccs/tools/compiler/ti-cgt-armllvm_4.0.4.LTS/lib/armv6m-ti-none-eabi/</path>
         <kind>archive</kind>
         <file>libclang_rt.builtins.a</file>
         <name>ashldi3.S.obj</name>
      </input_file>
      <input_file id="fl-11d">
         <path>/Applications/ti/ccs2040/ccs/tools/compiler/ti-cgt-armllvm_4.0.4.LTS/lib/armv6m-ti-none-eabi/</path>
         <kind>archive</kind>
         <file>libclang_rt.builtins.a</file>
         <name>comparedf2.c.obj</name>
      </input_file>
      <input_file id="fl-11e">
         <path>/Applications/ti/ccs2040/ccs/tools/compiler/ti-cgt-armllvm_4.0.4.LTS/lib/armv6m-ti-none-eabi/</path>
         <kind>archive</kind>
         <file>libclang_rt.builtins.a</file>
         <name>aeabi_div0.c.obj</name>
      </input_file>
      <input_file id="fl-11f">
         <path>/Applications/ti/ccs2040/ccs/tools/compiler/ti-cgt-armllvm_4.0.4.LTS/lib/armv6m-ti-none-eabi/c/</path>
         <kind>archive</kind>
         <file>libc.a</file>
         <name>getdevice.c.obj</name>
      </input_file>
      <input_file id="fl-120">
         <path>/Applications/ti/ccs2040/ccs/tools/compiler/ti-cgt-armllvm_4.0.4.LTS/lib/armv6m-ti-none-eabi/c/</path>
         <kind>archive</kind>
         <file>libc.a</file>
         <name>memcpy16.S.obj</name>
      </input_file>
      <input_file id="fl-121">
         <path>/Applications/ti/ccs2040/ccs/tools/compiler/ti-cgt-armllvm_4.0.4.LTS/lib/armv6m-ti-none-eabi/c/</path>
         <kind>archive</kind>
         <file>libc.a</file>
         <name>memset16.S.obj</name>
      </input_file>
      <input_file id="fl-122">
         <path>/Applications/ti/ccs2040/ccs/tools/compiler/ti-cgt-armllvm_4.0.4.LTS/lib/armv6m-ti-none-eabi/c/</path>
         <kind>archive</kind>
         <file>libc.a</file>
         <name>strcmp-armv6m.S.obj</name>
      </input_file>
   </input_file_list>
   <object_component_list>
      <object_component id="oc-18">
         <name>.intvecs</name>
         <load_address>0x0</load_address>
         <readonly>true</readonly>
         <run_address>0x0</run_address>
         <size>0xc0</size>
         <alignment>0x4</alignment>
         <input_file_ref idref="fl-2"/>
      </object_component>
      <object_component id="oc-1c4">
         <name>.text:__TI_printfi</name>
         <load_address>0xc0</load_address>
         <readonly>true</readonly>
         <executable>true</executable>
         <run_address>0xc0</run_address>
         <size>0x9d0</size>
         <alignment>0x4</alignment>
         <input_file_ref idref="fl-3e"/>
      </object_component>
      <object_component id="oc-1e3">
         <name>.text.disk_initialize</name>
         <load_address>0xa90</load_address>
         <readonly>true</readonly>
         <executable>true</executable>
         <run_address>0xa90</run_address>
         <size>0x72c</size>
         <alignment>0x4</alignment>
         <input_file_ref idref="fl-4"/>
      </object_component>
      <object_component id="oc-63">
         <name>.text.main</name>
         <load_address>0x11bc</load_address>
         <readonly>true</readonly>
         <executable>true</executable>
         <run_address>0x11bc</run_address>
         <size>0x6d8</size>
         <alignment>0x4</alignment>
         <input_file_ref idref="fl-3"/>
      </object_component>
      <object_component id="oc-144">
         <name>.text.bme68x_get_data</name>
         <load_address>0x1894</load_address>
         <readonly>true</readonly>
         <executable>true</executable>
         <run_address>0x1894</run_address>
         <size>0x630</size>
         <alignment>0x4</alignment>
         <input_file_ref idref="fl-6"/>
      </object_component>
      <object_component id="oc-122">
         <name>.text.bme68x_set_heatr_conf</name>
         <load_address>0x1ec4</load_address>
         <readonly>true</readonly>
         <executable>true</executable>
         <run_address>0x1ec4</run_address>
         <size>0x5a8</size>
         <alignment>0x4</alignment>
         <input_file_ref idref="fl-6"/>
      </object_component>
      <object_component id="oc-196">
         <name>.text.follow_path</name>
         <load_address>0x246c</load_address>
         <readonly>true</readonly>
         <executable>true</executable>
         <run_address>0x246c</run_address>
         <size>0x5a8</size>
         <alignment>0x4</alignment>
         <input_file_ref idref="fl-7"/>
      </object_component>
      <object_component id="oc-188">
         <name>.text.bme68x_set_regs</name>
         <load_address>0x2a14</load_address>
         <readonly>true</readonly>
         <executable>true</executable>
         <run_address>0x2a14</run_address>
         <size>0x438</size>
         <alignment>0x4</alignment>
         <input_file_ref idref="fl-6"/>
      </object_component>
      <object_component id="oc-192">
         <name>.text.mount_volume</name>
         <load_address>0x2e4c</load_address>
         <readonly>true</readonly>
         <executable>true</executable>
         <run_address>0x2e4c</run_address>
         <size>0x40c</size>
         <alignment>0x4</alignment>
         <input_file_ref idref="fl-7"/>
      </object_component>
      <object_component id="oc-96">
         <name>.text.hab_sx1276_init</name>
         <load_address>0x3258</load_address>
         <readonly>true</readonly>
         <executable>true</executable>
         <run_address>0x3258</run_address>
         <size>0x390</size>
         <alignment>0x4</alignment>
         <input_file_ref idref="fl-b"/>
      </object_component>
      <object_component id="oc-11b">
         <name>.text.bme68x_init</name>
         <load_address>0x35e8</load_address>
         <readonly>true</readonly>
         <executable>true</executable>
         <run_address>0x35e8</run_address>
         <size>0x328</size>
         <alignment>0x2</alignment>
         <input_file_ref idref="fl-6"/>
      </object_component>
      <object_component id="oc-13d">
         <name>.text.f_open</name>
         <load_address>0x3910</load_address>
         <readonly>true</readonly>
         <executable>true</executable>
         <run_address>0x3910</run_address>
         <size>0x2a4</size>
         <alignment>0x4</alignment>
         <input_file_ref idref="fl-7"/>
      </object_component>
      <object_component id="oc-ba">
         <name>.text.hab_sx1276_send</name>
         <load_address>0x3bb4</load_address>
         <readonly>true</readonly>
         <executable>true</executable>
         <run_address>0x3bb4</run_address>
         <size>0x264</size>
         <alignment>0x2</alignment>
         <input_file_ref idref="fl-b"/>
      </object_component>
      <object_component id="oc-217">
         <name>.text._pconv_a</name>
         <load_address>0x3e18</load_address>
         <readonly>true</readonly>
         <executable>true</executable>
         <run_address>0x3e18</run_address>
         <size>0x220</size>
         <alignment>0x4</alignment>
         <input_file_ref idref="fl-3e"/>
      </object_component>
      <object_component id="oc-140">
         <name>.text.f_write</name>
         <load_address>0x4038</load_address>
         <readonly>true</readonly>
         <executable>true</executable>
         <run_address>0x4038</run_address>
         <size>0x20c</size>
         <alignment>0x4</alignment>
         <input_file_ref idref="fl-7"/>
      </object_component>
      <object_component id="oc-1eb">
         <name>.text.poc_sd_send_cmd</name>
         <load_address>0x4244</load_address>
         <readonly>true</readonly>
         <executable>true</executable>
         <run_address>0x4244</run_address>
         <size>0x200</size>
         <alignment>0x4</alignment>
         <input_file_ref idref="fl-4"/>
      </object_component>
      <object_component id="oc-1a0">
         <name>.text.disk_read</name>
         <load_address>0x4444</load_address>
         <readonly>true</readonly>
         <executable>true</executable>
         <run_address>0x4444</run_address>
         <size>0x1f0</size>
         <alignment>0x4</alignment>
         <input_file_ref idref="fl-4"/>
      </object_component>
      <object_component id="oc-1a7">
         <name>.text.calc_pressure</name>
         <load_address>0x4634</load_address>
         <readonly>true</readonly>
         <executable>true</executable>
         <run_address>0x4634</run_address>
         <size>0x1e0</size>
         <alignment>0x4</alignment>
         <input_file_ref idref="fl-6"/>
      </object_component>
      <object_component id="oc-21c">
         <name>.text._pconv_g</name>
         <load_address>0x4814</load_address>
         <readonly>true</readonly>
         <executable>true</executable>
         <run_address>0x4814</run_address>
         <size>0x1dc</size>
         <alignment>0x4</alignment>
         <input_file_ref idref="fl-3e"/>
      </object_component>
      <object_component id="oc-1a4">
         <name>.text.disk_write</name>
         <load_address>0x49f0</load_address>
         <readonly>true</readonly>
         <executable>true</executable>
         <run_address>0x49f0</run_address>
         <size>0x1b8</size>
         <alignment>0x4</alignment>
         <input_file_ref idref="fl-4"/>
      </object_component>
      <object_component id="oc-121">
         <name>.text.bme68x_set_conf</name>
         <load_address>0x4ba8</load_address>
         <readonly>true</readonly>
         <executable>true</executable>
         <run_address>0x4ba8</run_address>
         <size>0x1b0</size>
         <alignment>0x4</alignment>
         <input_file_ref idref="fl-6"/>
      </object_component>
      <object_component id="oc-152">
         <name>.text.poc_i2c_write_registers</name>
         <load_address>0x4d58</load_address>
         <readonly>true</readonly>
         <executable>true</executable>
         <run_address>0x4d58</run_address>
         <size>0x19c</size>
         <alignment>0x4</alignment>
         <input_file_ref idref="fl-5"/>
      </object_component>
      <object_component id="oc-264">
         <name>.text.adddf3_subdf3</name>
         <load_address>0x4ef4</load_address>
         <readonly>true</readonly>
         <executable>true</executable>
         <run_address>0x4ef4</run_address>
         <size>0x192</size>
         <alignment>0x4</alignment>
         <input_file_ref idref="fl-105"/>
      </object_component>
      <object_component id="oc-33">
         <name>.text.Default_Handler</name>
         <load_address>0x5086</load_address>
         <readonly>true</readonly>
         <executable>true</executable>
         <run_address>0x5086</run_address>
         <size>0x2</size>
         <alignment>0x2</alignment>
         <input_file_ref idref="fl-2"/>
      </object_component>
      <object_component id="oc-1f0">
         <name>.text.disk_ioctl</name>
         <load_address>0x5088</load_address>
         <readonly>true</readonly>
         <executable>true</executable>
         <run_address>0x5088</run_address>
         <size>0x14c</size>
         <alignment>0x4</alignment>
         <input_file_ref idref="fl-4"/>
      </object_component>
      <object_component id="oc-268">
         <name>.text.fcvt</name>
         <load_address>0x51d4</load_address>
         <readonly>true</readonly>
         <executable>true</executable>
         <run_address>0x51d4</run_address>
         <size>0x13c</size>
         <alignment>0x4</alignment>
         <input_file_ref idref="fl-3e"/>
      </object_component>
      <object_component id="oc-151">
         <name>.text.poc_i2c_read_registers</name>
         <load_address>0x5310</load_address>
         <readonly>true</readonly>
         <executable>true</executable>
         <run_address>0x5310</run_address>
         <size>0x138</size>
         <alignment>0x4</alignment>
         <input_file_ref idref="fl-5"/>
      </object_component>
      <object_component id="oc-19e">
         <name>.text.put_fat</name>
         <load_address>0x5448</load_address>
         <readonly>true</readonly>
         <executable>true</executable>
         <run_address>0x5448</run_address>
         <size>0x134</size>
         <alignment>0x4</alignment>
         <input_file_ref idref="fl-7"/>
      </object_component>
      <object_component id="oc-100">
         <name>.text.SYSCFG_DL_GPIO_init</name>
         <load_address>0x557c</load_address>
         <readonly>true</readonly>
         <executable>true</executable>
         <run_address>0x557c</run_address>
         <size>0x12c</size>
         <alignment>0x4</alignment>
         <input_file_ref idref="fl-1"/>
      </object_component>
      <object_component id="oc-1a3">
         <name>.text.create_chain</name>
         <load_address>0x56a8</load_address>
         <readonly>true</readonly>
         <executable>true</executable>
         <run_address>0x56a8</run_address>
         <size>0x12a</size>
         <alignment>0x2</alignment>
         <input_file_ref idref="fl-7"/>
      </object_component>
      <object_component id="oc-146">
         <name>.text.__aeabi_idiv0</name>
         <load_address>0x57d2</load_address>
         <readonly>true</readonly>
         <executable>true</executable>
         <run_address>0x57d2</run_address>
         <size>0x2</size>
         <alignment>0x2</alignment>
         <input_file_ref idref="fl-11e"/>
      </object_component>
      <object_component id="oc-1a8">
         <name>.text.calc_humidity</name>
         <load_address>0x57d4</load_address>
         <readonly>true</readonly>
         <executable>true</executable>
         <run_address>0x57d4</run_address>
         <size>0x128</size>
         <alignment>0x4</alignment>
         <input_file_ref idref="fl-6"/>
      </object_component>
      <object_component id="oc-21e">
         <name>.text._pconv_e</name>
         <load_address>0x58fc</load_address>
         <readonly>true</readonly>
         <executable>true</executable>
         <run_address>0x58fc</run_address>
         <size>0x120</size>
         <alignment>0x4</alignment>
         <input_file_ref idref="fl-3e"/>
      </object_component>
      <object_component id="oc-1e4">
         <name>.text.check_fs</name>
         <load_address>0x5a1c</load_address>
         <readonly>true</readonly>
         <executable>true</executable>
         <run_address>0x5a1c</run_address>
         <size>0x114</size>
         <alignment>0x4</alignment>
         <input_file_ref idref="fl-7"/>
      </object_component>
      <object_component id="oc-155">
         <name>.text.poc_spi_transfer</name>
         <load_address>0x5b30</load_address>
         <readonly>true</readonly>
         <executable>true</executable>
         <run_address>0x5b30</run_address>
         <size>0x114</size>
         <alignment>0x4</alignment>
         <input_file_ref idref="fl-5"/>
      </object_component>
      <object_component id="oc-189">
         <name>.text.calc_res_heat</name>
         <load_address>0x5c44</load_address>
         <readonly>true</readonly>
         <executable>true</executable>
         <run_address>0x5c44</run_address>
         <size>0x110</size>
         <alignment>0x4</alignment>
         <input_file_ref idref="fl-6"/>
      </object_component>
      <object_component id="oc-260">
         <name>.text.__divdf3</name>
         <load_address>0x5d54</load_address>
         <readonly>true</readonly>
         <executable>true</executable>
         <run_address>0x5d54</run_address>
         <size>0x10c</size>
         <alignment>0x4</alignment>
         <input_file_ref idref="fl-10a"/>
      </object_component>
      <object_component id="oc-143">
         <name>.text.bme68x_set_op_mode</name>
         <load_address>0x5e60</load_address>
         <readonly>true</readonly>
         <executable>true</executable>
         <run_address>0x5e60</run_address>
         <size>0x10c</size>
         <alignment>0x4</alignment>
         <input_file_ref idref="fl-6"/>
      </object_component>
      <object_component id="oc-223">
         <name>.text.poc_sd_rcvr_datablock</name>
         <load_address>0x5f6c</load_address>
         <readonly>true</readonly>
         <executable>true</executable>
         <run_address>0x5f6c</run_address>
         <size>0x104</size>
         <alignment>0x2</alignment>
         <input_file_ref idref="fl-4"/>
      </object_component>
      <object_component id="oc-19d">
         <name>.text.get_fat</name>
         <load_address>0x6070</load_address>
         <readonly>true</readonly>
         <executable>true</executable>
         <run_address>0x6070</run_address>
         <size>0x100</size>
         <alignment>0x4</alignment>
         <input_file_ref idref="fl-7"/>
      </object_component>
      <object_component id="oc-1b9">
         <name>.text.calc_gas_resistance_low</name>
         <load_address>0x6170</load_address>
         <readonly>true</readonly>
         <executable>true</executable>
         <run_address>0x6170</run_address>
         <size>0xf8</size>
         <alignment>0x4</alignment>
         <input_file_ref idref="fl-6"/>
      </object_component>
      <object_component id="oc-1e7">
         <name>.text.dir_next</name>
         <load_address>0x6268</load_address>
         <readonly>true</readonly>
         <executable>true</executable>
         <run_address>0x6268</run_address>
         <size>0xe8</size>
         <alignment>0x4</alignment>
         <input_file_ref idref="fl-7"/>
      </object_component>
      <object_component id="oc-250">
         <name>.text.__muldf3</name>
         <load_address>0x6350</load_address>
         <readonly>true</readonly>
         <executable>true</executable>
         <run_address>0x6350</run_address>
         <size>0xe4</size>
         <alignment>0x4</alignment>
         <input_file_ref idref="fl-106"/>
      </object_component>
      <object_component id="oc-197">
         <name>.text.dir_register</name>
         <load_address>0x6434</load_address>
         <readonly>true</readonly>
         <executable>true</executable>
         <run_address>0x6434</run_address>
         <size>0xdc</size>
         <alignment>0x2</alignment>
         <input_file_ref idref="fl-7"/>
      </object_component>
      <object_component id="oc-142">
         <name>.text.f_sync</name>
         <load_address>0x6510</load_address>
         <readonly>true</readonly>
         <executable>true</executable>
         <run_address>0x6510</run_address>
         <size>0xd8</size>
         <alignment>0x2</alignment>
         <input_file_ref idref="fl-7"/>
      </object_component>
      <object_component id="oc-23f">
         <name>.text.scalbn</name>
         <load_address>0x65e8</load_address>
         <readonly>true</readonly>
         <executable>true</executable>
         <run_address>0x65e8</run_address>
         <size>0xd8</size>
         <alignment>0x4</alignment>
         <input_file_ref idref="fl-4a"/>
      </object_component>
      <object_component id="oc-1d5">
         <name>.text</name>
         <load_address>0x66c0</load_address>
         <readonly>true</readonly>
         <executable>true</executable>
         <run_address>0x66c0</run_address>
         <size>0xd8</size>
         <alignment>0x4</alignment>
         <input_file_ref idref="fl-104"/>
      </object_component>
      <object_component id="oc-1a5">
         <name>.text.sync_fs</name>
         <load_address>0x6798</load_address>
         <readonly>true</readonly>
         <executable>true</executable>
         <run_address>0x6798</run_address>
         <size>0xd0</size>
         <alignment>0x2</alignment>
         <input_file_ref idref="fl-7"/>
      </object_component>
      <object_component id="oc-187">
         <name>.text.bme68x_get_op_mode</name>
         <load_address>0x6868</load_address>
         <readonly>true</readonly>
         <executable>true</executable>
         <run_address>0x6868</run_address>
         <size>0xc2</size>
         <alignment>0x2</alignment>
         <input_file_ref idref="fl-6"/>
      </object_component>
      <object_component id="oc-184">
         <name>.text.bme68x_get_regs</name>
         <load_address>0x692a</load_address>
         <readonly>true</readonly>
         <executable>true</executable>
         <run_address>0x692a</run_address>
         <size>0xc0</size>
         <alignment>0x2</alignment>
         <input_file_ref idref="fl-6"/>
      </object_component>
      <object_component id="oc-1dd">
         <name>.text.__aeabi_ldiv0</name>
         <load_address>0x69ea</load_address>
         <readonly>true</readonly>
         <executable>true</executable>
         <run_address>0x69ea</run_address>
         <size>0x2</size>
         <alignment>0x2</alignment>
         <input_file_ref idref="fl-11e"/>
      </object_component>
      <object_component id="oc-8f">
         <name>.text.hab_bme680_init</name>
         <load_address>0x69ec</load_address>
         <readonly>true</readonly>
         <executable>true</executable>
         <run_address>0x69ec</run_address>
         <size>0xb8</size>
         <alignment>0x4</alignment>
         <input_file_ref idref="fl-a"/>
      </object_component>
      <object_component id="oc-123">
         <name>.text.bme68x_get_meas_dur</name>
         <load_address>0x6aa4</load_address>
         <readonly>true</readonly>
         <executable>true</executable>
         <run_address>0x6aa4</run_address>
         <size>0xb4</size>
         <alignment>0x4</alignment>
         <input_file_ref idref="fl-6"/>
      </object_component>
      <object_component id="oc-a5">
         <name>.text.hab_bme680_sample</name>
         <load_address>0x6b58</load_address>
         <readonly>true</readonly>
         <executable>true</executable>
         <run_address>0x6b58</run_address>
         <size>0xa4</size>
         <alignment>0x4</alignment>
         <input_file_ref idref="fl-a"/>
      </object_component>
      <object_component id="oc-18d">
         <name>.text</name>
         <load_address>0x6bfc</load_address>
         <readonly>true</readonly>
         <executable>true</executable>
         <run_address>0x6bfc</run_address>
         <size>0xa2</size>
         <alignment>0x4</alignment>
         <input_file_ref idref="fl-11b"/>
      </object_component>
      <object_component id="oc-222">
         <name>.text.dir_clear</name>
         <load_address>0x6c9e</load_address>
         <readonly>true</readonly>
         <executable>true</executable>
         <run_address>0x6c9e</run_address>
         <size>0x9e</size>
         <alignment>0x2</alignment>
         <input_file_ref idref="fl-7"/>
      </object_component>
      <object_component id="oc-1a6">
         <name>.text.calc_temperature</name>
         <load_address>0x6d3c</load_address>
         <readonly>true</readonly>
         <executable>true</executable>
         <run_address>0x6d3c</run_address>
         <size>0x9c</size>
         <alignment>0x4</alignment>
         <input_file_ref idref="fl-6"/>
      </object_component>
      <object_component id="oc-78">
         <name>.text:memcpy</name>
         <load_address>0x6dd8</load_address>
         <readonly>true</readonly>
         <executable>true</executable>
         <run_address>0x6dd8</run_address>
         <size>0x9a</size>
         <alignment>0x1</alignment>
         <input_file_ref idref="fl-120"/>
      </object_component>
      <object_component id="oc-1ad">
         <name>.text.__mulsf3</name>
         <load_address>0x6e74</load_address>
         <readonly>true</readonly>
         <executable>true</executable>
         <run_address>0x6e74</run_address>
         <size>0x8c</size>
         <alignment>0x4</alignment>
         <input_file_ref idref="fl-108"/>
      </object_component>
      <object_component id="oc-183">
         <name>.text.bme68x_soft_reset</name>
         <load_address>0x6f00</load_address>
         <readonly>true</readonly>
         <executable>true</executable>
         <run_address>0x6f00</run_address>
         <size>0x88</size>
         <alignment>0x4</alignment>
         <input_file_ref idref="fl-6"/>
      </object_component>
      <object_component id="oc-1b5">
         <name>.text.__divsf3</name>
         <load_address>0x6f88</load_address>
         <readonly>true</readonly>
         <executable>true</executable>
         <run_address>0x6f88</run_address>
         <size>0x82</size>
         <alignment>0x4</alignment>
         <input_file_ref idref="fl-109"/>
      </object_component>
      <object_component id="oc-a2">
         <name>.text.hab_sd_fatfs_append_line</name>
         <load_address>0x700c</load_address>
         <readonly>true</readonly>
         <executable>true</executable>
         <run_address>0x700c</run_address>
         <size>0x80</size>
         <alignment>0x4</alignment>
         <input_file_ref idref="fl-c"/>
      </object_component>
      <object_component id="oc-1c">
         <name>.text:decompress:lzss</name>
         <load_address>0x708c</load_address>
         <readonly>true</readonly>
         <executable>true</executable>
         <run_address>0x708c</run_address>
         <size>0x7c</size>
         <alignment>0x4</alignment>
         <input_file_ref idref="fl-3d"/>
      </object_component>
      <object_component id="oc-19f">
         <name>.text.move_window</name>
         <load_address>0x7108</load_address>
         <readonly>true</readonly>
         <executable>true</executable>
         <run_address>0x7108</run_address>
         <size>0x7a</size>
         <alignment>0x2</alignment>
         <input_file_ref idref="fl-7"/>
      </object_component>
      <object_component id="oc-8d">
         <name>.text.poc_i2c_probe</name>
         <load_address>0x7184</load_address>
         <readonly>true</readonly>
         <executable>true</executable>
         <run_address>0x7184</run_address>
         <size>0x78</size>
         <alignment>0x4</alignment>
         <input_file_ref idref="fl-5"/>
      </object_component>
      <object_component id="oc-25e">
         <name>.text.__gedf2</name>
         <load_address>0x71fc</load_address>
         <readonly>true</readonly>
         <executable>true</executable>
         <run_address>0x71fc</run_address>
         <size>0x74</size>
         <alignment>0x4</alignment>
         <input_file_ref idref="fl-11d"/>
      </object_component>
      <object_component id="oc-8e">
         <name>.text.poc_uart_printf</name>
         <load_address>0x7270</load_address>
         <readonly>true</readonly>
         <executable>true</executable>
         <run_address>0x7270</run_address>
         <size>0x74</size>
         <alignment>0x4</alignment>
         <input_file_ref idref="fl-5"/>
      </object_component>
      <object_component id="oc-258">
         <name>.text.__ledf2</name>
         <load_address>0x72e4</load_address>
         <readonly>true</readonly>
         <executable>true</executable>
         <run_address>0x72e4</run_address>
         <size>0x68</size>
         <alignment>0x4</alignment>
         <input_file_ref idref="fl-11d"/>
      </object_component>
      <object_component id="oc-a4">
         <name>.text.poc_delay_ms</name>
         <load_address>0x734c</load_address>
         <readonly>true</readonly>
         <executable>true</executable>
         <run_address>0x734c</run_address>
         <size>0x68</size>
         <alignment>0x2</alignment>
         <input_file_ref idref="fl-5"/>
      </object_component>
      <object_component id="oc-257">
         <name>.text._mcpy</name>
         <load_address>0x73b4</load_address>
         <readonly>true</readonly>
         <executable>true</executable>
         <run_address>0x73b4</run_address>
         <size>0x66</size>
         <alignment>0x2</alignment>
         <input_file_ref idref="fl-3e"/>
      </object_component>
      <object_component id="oc-218">
         <name>.text.__aeabi_dcmp</name>
         <load_address>0x741c</load_address>
         <readonly>true</readonly>
         <executable>true</executable>
         <run_address>0x741c</run_address>
         <size>0x62</size>
         <alignment>0x4</alignment>
         <input_file_ref idref="fl-113"/>
      </object_component>
      <object_component id="oc-1f1">
         <name>.text.__aeabi_fcmp</name>
         <load_address>0x7480</load_address>
         <readonly>true</readonly>
         <executable>true</executable>
         <run_address>0x7480</run_address>
         <size>0x62</size>
         <alignment>0x4</alignment>
         <input_file_ref idref="fl-114"/>
      </object_component>
      <object_component id="oc-fe">
         <name>.text:memset</name>
         <load_address>0x74e2</load_address>
         <readonly>true</readonly>
         <executable>true</executable>
         <run_address>0x74e2</run_address>
         <size>0x62</size>
         <alignment>0x1</alignment>
         <input_file_ref idref="fl-121"/>
      </object_component>
      <object_component id="oc-104">
         <name>.text.SYSCFG_DL_UART_DEBUG_init</name>
         <load_address>0x7544</load_address>
         <readonly>true</readonly>
         <executable>true</executable>
         <run_address>0x7544</run_address>
         <size>0x60</size>
         <alignment>0x4</alignment>
         <input_file_ref idref="fl-1"/>
      </object_component>
      <object_component id="oc-137">
         <name>.text.f_mount</name>
         <load_address>0x75a4</load_address>
         <readonly>true</readonly>
         <executable>true</executable>
         <run_address>0x75a4</run_address>
         <size>0x60</size>
         <alignment>0x4</alignment>
         <input_file_ref idref="fl-7"/>
      </object_component>
      <object_component id="oc-23b">
         <name>.text.frexp</name>
         <load_address>0x7604</load_address>
         <readonly>true</readonly>
         <executable>true</executable>
         <run_address>0x7604</run_address>
         <size>0x5c</size>
         <alignment>0x4</alignment>
         <input_file_ref idref="fl-49"/>
      </object_component>
      <object_component id="oc-247">
         <name>.text.__TI_ltoa</name>
         <load_address>0x7660</load_address>
         <readonly>true</readonly>
         <executable>true</executable>
         <run_address>0x7660</run_address>
         <size>0x58</size>
         <alignment>0x2</alignment>
         <input_file_ref idref="fl-42"/>
      </object_component>
      <object_component id="oc-21d">
         <name>.text._pconv_f</name>
         <load_address>0x76b8</load_address>
         <readonly>true</readonly>
         <executable>true</executable>
         <run_address>0x76b8</run_address>
         <size>0x58</size>
         <alignment>0x2</alignment>
         <input_file_ref idref="fl-3e"/>
      </object_component>
      <object_component id="oc-9c">
         <name>.text.hab_sd_fatfs_init</name>
         <load_address>0x7710</load_address>
         <readonly>true</readonly>
         <executable>true</executable>
         <run_address>0x7710</run_address>
         <size>0x58</size>
         <alignment>0x4</alignment>
         <input_file_ref idref="fl-c"/>
      </object_component>
      <object_component id="oc-272">
         <name>.text.__aeabi_idivmod</name>
         <load_address>0x7768</load_address>
         <readonly>true</readonly>
         <executable>true</executable>
         <run_address>0x7768</run_address>
         <size>0x56</size>
         <alignment>0x4</alignment>
         <input_file_ref idref="fl-115"/>
      </object_component>
      <object_component id="oc-103">
         <name>.text.SYSCFG_DL_I2C_ENV_init</name>
         <load_address>0x77c0</load_address>
         <readonly>true</readonly>
         <executable>true</executable>
         <run_address>0x77c0</run_address>
         <size>0x54</size>
         <alignment>0x4</alignment>
         <input_file_ref idref="fl-1"/>
      </object_component>
      <object_component id="oc-87">
         <name>.text.poc_uart_write_line</name>
         <load_address>0x7814</load_address>
         <readonly>true</readonly>
         <executable>true</executable>
         <run_address>0x7814</run_address>
         <size>0x54</size>
         <alignment>0x4</alignment>
         <input_file_ref idref="fl-5"/>
      </object_component>
      <object_component id="oc-255">
         <name>.text._ecpy</name>
         <load_address>0x7868</load_address>
         <readonly>true</readonly>
         <executable>true</executable>
         <run_address>0x7868</run_address>
         <size>0x52</size>
         <alignment>0x2</alignment>
         <input_file_ref idref="fl-3e"/>
      </object_component>
      <object_component id="oc-105">
         <name>.text.SYSCFG_DL_SPI_SHARED_init</name>
         <load_address>0x78bc</load_address>
         <readonly>true</readonly>
         <executable>true</executable>
         <run_address>0x78bc</run_address>
         <size>0x4c</size>
         <alignment>0x4</alignment>
         <input_file_ref idref="fl-1"/>
      </object_component>
      <object_component id="oc-ae">
         <name>.text.snprintf</name>
         <load_address>0x7908</load_address>
         <readonly>true</readonly>
         <executable>true</executable>
         <run_address>0x7908</run_address>
         <size>0x4c</size>
         <alignment>0x4</alignment>
         <input_file_ref idref="fl-34"/>
      </object_component>
      <object_component id="oc-243">
         <name>.text.__fixdfsi</name>
         <load_address>0x7954</load_address>
         <readonly>true</readonly>
         <executable>true</executable>
         <run_address>0x7954</run_address>
         <size>0x4a</size>
         <alignment>0x4</alignment>
         <input_file_ref idref="fl-10c"/>
      </object_component>
      <object_component id="oc-1d4">
         <name>.text.get_mem_page</name>
         <load_address>0x799e</load_address>
         <readonly>true</readonly>
         <executable>true</executable>
         <run_address>0x799e</run_address>
         <size>0x4a</size>
         <alignment>0x2</alignment>
         <input_file_ref idref="fl-6"/>
      </object_component>
      <object_component id="oc-173">
         <name>.text.DL_UART_init</name>
         <load_address>0x79e8</load_address>
         <readonly>true</readonly>
         <executable>true</executable>
         <run_address>0x79e8</run_address>
         <size>0x48</size>
         <alignment>0x4</alignment>
         <input_file_ref idref="fl-1d"/>
      </object_component>
      <object_component id="oc-ff">
         <name>.text.SYSCFG_DL_initPower</name>
         <load_address>0x7a30</load_address>
         <readonly>true</readonly>
         <executable>true</executable>
         <run_address>0x7a30</run_address>
         <size>0x48</size>
         <alignment>0x4</alignment>
         <input_file_ref idref="fl-1"/>
      </object_component>
      <object_component id="oc-95">
         <name>.text.poc_lora_read_register</name>
         <load_address>0x7a78</load_address>
         <readonly>true</readonly>
         <executable>true</executable>
         <run_address>0x7a78</run_address>
         <size>0x48</size>
         <alignment>0x4</alignment>
         <input_file_ref idref="fl-5"/>
      </object_component>
      <object_component id="oc-154">
         <name>.text.hab_sx1276_set_op_mode</name>
         <load_address>0x7ac0</load_address>
         <readonly>true</readonly>
         <executable>true</executable>
         <run_address>0x7ac0</run_address>
         <size>0x46</size>
         <alignment>0x2</alignment>
         <input_file_ref idref="fl-b"/>
      </object_component>
      <object_component id="oc-177">
         <name>.text.DL_SPI_init</name>
         <load_address>0x7b08</load_address>
         <readonly>true</readonly>
         <executable>true</executable>
         <run_address>0x7b08</run_address>
         <size>0x44</size>
         <alignment>0x4</alignment>
         <input_file_ref idref="fl-1c"/>
      </object_component>
      <object_component id="oc-134">
         <name>.text.hab_sx1276_write_reg</name>
         <load_address>0x7b4c</load_address>
         <readonly>true</readonly>
         <executable>true</executable>
         <run_address>0x7b4c</run_address>
         <size>0x44</size>
         <alignment>0x2</alignment>
         <input_file_ref idref="fl-b"/>
      </object_component>
      <object_component id="oc-aa">
         <name>.text.__aeabi_uidivmod</name>
         <load_address>0x7b90</load_address>
         <readonly>true</readonly>
         <executable>true</executable>
         <run_address>0x7b90</run_address>
         <size>0x40</size>
         <alignment>0x4</alignment>
         <input_file_ref idref="fl-118"/>
      </object_component>
      <object_component id="oc-a6">
         <name>.text.__extendsfdf2</name>
         <load_address>0x7bd0</load_address>
         <readonly>true</readonly>
         <executable>true</executable>
         <run_address>0x7bd0</run_address>
         <size>0x40</size>
         <alignment>0x4</alignment>
         <input_file_ref idref="fl-10b"/>
      </object_component>
      <object_component id="oc-205">
         <name>.text.atoi</name>
         <load_address>0x7c10</load_address>
         <readonly>true</readonly>
         <executable>true</executable>
         <run_address>0x7c10</run_address>
         <size>0x40</size>
         <alignment>0x4</alignment>
         <input_file_ref idref="fl-45"/>
      </object_component>
      <object_component id="oc-115">
         <name>.text.vsnprintf</name>
         <load_address>0x7c50</load_address>
         <readonly>true</readonly>
         <executable>true</executable>
         <run_address>0x7c50</run_address>
         <size>0x40</size>
         <alignment>0x4</alignment>
         <input_file_ref idref="fl-35"/>
      </object_component>
      <object_component id="oc-1c5">
         <name>.text.DL_I2C_flushControllerTXFIFO</name>
         <load_address>0x7c90</load_address>
         <readonly>true</readonly>
         <executable>true</executable>
         <run_address>0x7c90</run_address>
         <size>0x3c</size>
         <alignment>0x4</alignment>
         <input_file_ref idref="fl-1b"/>
      </object_component>
      <object_component id="oc-1b1">
         <name>.text.__floatsisf</name>
         <load_address>0x7ccc</load_address>
         <readonly>true</readonly>
         <executable>true</executable>
         <run_address>0x7ccc</run_address>
         <size>0x3c</size>
         <alignment>0x4</alignment>
         <input_file_ref idref="fl-110"/>
      </object_component>
      <object_component id="oc-229">
         <name>.text.__gtsf2</name>
         <load_address>0x7d08</load_address>
         <readonly>true</readonly>
         <executable>true</executable>
         <run_address>0x7d08</run_address>
         <size>0x3c</size>
         <alignment>0x4</alignment>
         <input_file_ref idref="fl-11a"/>
      </object_component>
      <object_component id="oc-e6">
         <name>.text:__TI_auto_init_nobinit_nopinit</name>
         <load_address>0x7d44</load_address>
         <readonly>true</readonly>
         <executable>true</executable>
         <run_address>0x7d44</run_address>
         <size>0x3c</size>
         <alignment>0x4</alignment>
         <input_file_ref idref="fl-38"/>
      </object_component>
      <object_component id="oc-224">
         <name>.text.__eqsf2</name>
         <load_address>0x7d80</load_address>
         <readonly>true</readonly>
         <executable>true</executable>
         <run_address>0x7d80</run_address>
         <size>0x3a</size>
         <alignment>0x4</alignment>
         <input_file_ref idref="fl-11a"/>
      </object_component>
      <object_component id="oc-1f6">
         <name>.text.__muldsi3</name>
         <load_address>0x7dbc</load_address>
         <readonly>true</readonly>
         <executable>true</executable>
         <run_address>0x7dbc</run_address>
         <size>0x3a</size>
         <alignment>0x4</alignment>
         <input_file_ref idref="fl-107"/>
      </object_component>
      <object_component id="oc-1d9">
         <name>.text.__fixsfsi</name>
         <load_address>0x7df8</load_address>
         <readonly>true</readonly>
         <executable>true</executable>
         <run_address>0x7df8</run_address>
         <size>0x38</size>
         <alignment>0x4</alignment>
         <input_file_ref idref="fl-10d"/>
      </object_component>
      <object_component id="oc-1c6">
         <name>.text.DL_I2C_flushControllerRXFIFO</name>
         <load_address>0x7e30</load_address>
         <readonly>true</readonly>
         <executable>true</executable>
         <run_address>0x7e30</run_address>
         <size>0x30</size>
         <alignment>0x4</alignment>
         <input_file_ref idref="fl-1b"/>
      </object_component>
      <object_component id="oc-129">
         <name>.text.DL_SPI_transmitDataBlocking8</name>
         <load_address>0x7e60</load_address>
         <readonly>true</readonly>
         <executable>true</executable>
         <run_address>0x7e60</run_address>
         <size>0x30</size>
         <alignment>0x4</alignment>
         <input_file_ref idref="fl-1c"/>
      </object_component>
      <object_component id="oc-10b">
         <name>.text.DL_UART_transmitDataBlocking</name>
         <load_address>0x7e90</load_address>
         <readonly>true</readonly>
         <executable>true</executable>
         <run_address>0x7e90</run_address>
         <size>0x30</size>
         <alignment>0x4</alignment>
         <input_file_ref idref="fl-1d"/>
      </object_component>
      <object_component id="oc-102">
         <name>.text.SYSCFG_DL_SYSCTL_init</name>
         <load_address>0x7ec0</load_address>
         <readonly>true</readonly>
         <executable>true</executable>
         <run_address>0x7ec0</run_address>
         <size>0x30</size>
         <alignment>0x4</alignment>
         <input_file_ref idref="fl-1"/>
      </object_component>
      <object_component id="oc-256">
         <name>.text._fcpy</name>
         <load_address>0x7ef0</load_address>
         <readonly>true</readonly>
         <executable>true</executable>
         <run_address>0x7ef0</run_address>
         <size>0x30</size>
         <alignment>0x2</alignment>
         <input_file_ref idref="fl-3e"/>
      </object_component>
      <object_component id="oc-14d">
         <name>.text._outs</name>
         <load_address>0x7f20</load_address>
         <readonly>true</readonly>
         <executable>true</executable>
         <run_address>0x7f20</run_address>
         <size>0x30</size>
         <alignment>0x2</alignment>
         <input_file_ref idref="fl-34"/>
      </object_component>
      <object_component id="oc-17f">
         <name>.text._outs</name>
         <load_address>0x7f50</load_address>
         <readonly>true</readonly>
         <executable>true</executable>
         <run_address>0x7f50</run_address>
         <size>0x30</size>
         <alignment>0x2</alignment>
         <input_file_ref idref="fl-35"/>
      </object_component>
      <object_component id="oc-24b">
         <name>.text.__floatsidf</name>
         <load_address>0x7f80</load_address>
         <readonly>true</readonly>
         <executable>true</executable>
         <run_address>0x7f80</run_address>
         <size>0x2c</size>
         <alignment>0x4</alignment>
         <input_file_ref idref="fl-10f"/>
      </object_component>
      <object_component id="oc-7d">
         <name>.text.SYSCFG_DL_init</name>
         <load_address>0x7fac</load_address>
         <readonly>true</readonly>
         <executable>true</executable>
         <run_address>0x7fac</run_address>
         <size>0x28</size>
         <alignment>0x4</alignment>
         <input_file_ref idref="fl-1"/>
      </object_component>
      <object_component id="oc-1a9">
         <name>.text.__floatunsisf</name>
         <load_address>0x7fd4</load_address>
         <readonly>true</readonly>
         <executable>true</executable>
         <run_address>0x7fd4</run_address>
         <size>0x28</size>
         <alignment>0x4</alignment>
         <input_file_ref idref="fl-111"/>
      </object_component>
      <object_component id="oc-124">
         <name>.text.hab_bme680_bus_read</name>
         <load_address>0x7ffc</load_address>
         <readonly>true</readonly>
         <executable>true</executable>
         <run_address>0x7ffc</run_address>
         <size>0x28</size>
         <alignment>0x2</alignment>
         <input_file_ref idref="fl-a"/>
      </object_component>
      <object_component id="oc-125">
         <name>.text.hab_bme680_bus_write</name>
         <load_address>0x8024</load_address>
         <readonly>true</readonly>
         <executable>true</executable>
         <run_address>0x8024</run_address>
         <size>0x28</size>
         <alignment>0x2</alignment>
         <input_file_ref idref="fl-a"/>
      </object_component>
      <object_component id="oc-a3">
         <name>.text.hab_sd_fatfs_flush</name>
         <load_address>0x804c</load_address>
         <readonly>true</readonly>
         <executable>true</executable>
         <run_address>0x804c</run_address>
         <size>0x28</size>
         <alignment>0x4</alignment>
         <input_file_ref idref="fl-c"/>
      </object_component>
      <object_component id="oc-4f">
         <name>.text:_c_int00_noargs</name>
         <load_address>0x8074</load_address>
         <readonly>true</readonly>
         <executable>true</executable>
         <run_address>0x8074</run_address>
         <size>0x28</size>
         <alignment>0x4</alignment>
         <input_file_ref idref="fl-36"/>
      </object_component>
      <object_component id="oc-16b">
         <name>.text.DL_I2C_setClockConfig</name>
         <load_address>0x809c</load_address>
         <readonly>true</readonly>
         <executable>true</executable>
         <run_address>0x809c</run_address>
         <size>0x26</size>
         <alignment>0x2</alignment>
         <input_file_ref idref="fl-1b"/>
      </object_component>
      <object_component id="oc-212">
         <name>.text.__muldi3</name>
         <load_address>0x80c4</load_address>
         <readonly>true</readonly>
         <executable>true</executable>
         <run_address>0x80c4</run_address>
         <size>0x24</size>
         <alignment>0x4</alignment>
         <input_file_ref idref="fl-112"/>
      </object_component>
      <object_component id="oc-1fe">
         <name>.text.memccpy</name>
         <load_address>0x80e8</load_address>
         <readonly>true</readonly>
         <executable>true</executable>
         <run_address>0x80e8</run_address>
         <size>0x22</size>
         <alignment>0x2</alignment>
         <input_file_ref idref="fl-47"/>
      </object_component>
      <object_component id="oc-12f">
         <name>.text.DL_SPI_receiveDataBlocking8</name>
         <load_address>0x810c</load_address>
         <readonly>true</readonly>
         <executable>true</executable>
         <run_address>0x810c</run_address>
         <size>0x20</size>
         <alignment>0x4</alignment>
         <input_file_ref idref="fl-1c"/>
      </object_component>
      <object_component id="oc-1de">
         <name>.text.__ashldi3</name>
         <load_address>0x812c</load_address>
         <readonly>true</readonly>
         <executable>true</executable>
         <run_address>0x812c</run_address>
         <size>0x1e</size>
         <alignment>0x4</alignment>
         <input_file_ref idref="fl-11c"/>
      </object_component>
      <object_component id="oc-14e">
         <name>.text._outc</name>
         <load_address>0x814a</load_address>
         <readonly>true</readonly>
         <executable>true</executable>
         <run_address>0x814a</run_address>
         <size>0x18</size>
         <alignment>0x2</alignment>
         <input_file_ref idref="fl-34"/>
      </object_component>
      <object_component id="oc-180">
         <name>.text._outc</name>
         <load_address>0x8162</load_address>
         <readonly>true</readonly>
         <executable>true</executable>
         <run_address>0x8162</run_address>
         <size>0x18</size>
         <alignment>0x2</alignment>
         <input_file_ref idref="fl-35"/>
      </object_component>
      <object_component id="oc-1ec">
         <name>.text.poc_spi_transfer_byte</name>
         <load_address>0x817c</load_address>
         <readonly>true</readonly>
         <executable>true</executable>
         <run_address>0x817c</run_address>
         <size>0x18</size>
         <alignment>0x4</alignment>
         <input_file_ref idref="fl-5"/>
      </object_component>
      <object_component id="oc-126">
         <name>.text.hab_bme680_bus_delay</name>
         <load_address>0x8194</load_address>
         <readonly>true</readonly>
         <executable>true</executable>
         <run_address>0x8194</run_address>
         <size>0x16</size>
         <alignment>0x2</alignment>
         <input_file_ref idref="fl-a"/>
      </object_component>
      <object_component id="oc-130">
         <name>.text.__aeabi_uldivmod</name>
         <load_address>0x81ac</load_address>
         <readonly>true</readonly>
         <executable>true</executable>
         <run_address>0x81ac</run_address>
         <size>0x14</size>
         <alignment>0x4</alignment>
         <input_file_ref idref="fl-119"/>
      </object_component>
      <object_component id="oc-1a2">
         <name>.text.disk_status</name>
         <load_address>0x81c0</load_address>
         <readonly>true</readonly>
         <executable>true</executable>
         <run_address>0x81c0</run_address>
         <size>0x14</size>
         <alignment>0x4</alignment>
         <input_file_ref idref="fl-4"/>
      </object_component>
      <object_component id="oc-156">
         <name>.text.poc_lora_set_cs</name>
         <load_address>0x81d4</load_address>
         <readonly>true</readonly>
         <executable>true</executable>
         <run_address>0x81d4</run_address>
         <size>0x14</size>
         <alignment>0x4</alignment>
         <input_file_ref idref="fl-5"/>
      </object_component>
      <object_component id="oc-157">
         <name>.text.poc_lora_set_reset</name>
         <load_address>0x81e8</load_address>
         <readonly>true</readonly>
         <executable>true</executable>
         <run_address>0x81e8</run_address>
         <size>0x14</size>
         <alignment>0x4</alignment>
         <input_file_ref idref="fl-5"/>
      </object_component>
      <object_component id="oc-82">
         <name>.text.poc_platform_init</name>
         <load_address>0x81fc</load_address>
         <readonly>true</readonly>
         <executable>true</executable>
         <run_address>0x81fc</run_address>
         <size>0x14</size>
         <alignment>0x4</alignment>
         <input_file_ref idref="fl-5"/>
      </object_component>
      <object_component id="oc-1ed">
         <name>.text.poc_sd_set_cs</name>
         <load_address>0x8210</load_address>
         <readonly>true</readonly>
         <executable>true</executable>
         <run_address>0x8210</run_address>
         <size>0x14</size>
         <alignment>0x4</alignment>
         <input_file_ref idref="fl-5"/>
      </object_component>
      <object_component id="oc-254">
         <name>.text.strchr</name>
         <load_address>0x8224</load_address>
         <readonly>true</readonly>
         <executable>true</executable>
         <run_address>0x8224</run_address>
         <size>0x14</size>
         <alignment>0x2</alignment>
         <input_file_ref idref="fl-3e"/>
      </object_component>
      <object_component id="oc-176">
         <name>.text.DL_SPI_setClockConfig</name>
         <load_address>0x8238</load_address>
         <readonly>true</readonly>
         <executable>true</executable>
         <run_address>0x8238</run_address>
         <size>0x12</size>
         <alignment>0x2</alignment>
         <input_file_ref idref="fl-1c"/>
      </object_component>
      <object_component id="oc-172">
         <name>.text.DL_UART_setClockConfig</name>
         <load_address>0x824a</load_address>
         <readonly>true</readonly>
         <executable>true</executable>
         <run_address>0x824a</run_address>
         <size>0x12</size>
         <alignment>0x2</alignment>
         <input_file_ref idref="fl-1d"/>
      </object_component>
      <object_component id="oc-b7">
         <name>.text.poc_bme_i2c_read</name>
         <load_address>0x825c</load_address>
         <readonly>true</readonly>
         <executable>true</executable>
         <run_address>0x825c</run_address>
         <size>0x12</size>
         <alignment>0x2</alignment>
         <input_file_ref idref="fl-3"/>
      </object_component>
      <object_component id="oc-b8">
         <name>.text.poc_bme_i2c_write</name>
         <load_address>0x826e</load_address>
         <readonly>true</readonly>
         <executable>true</executable>
         <run_address>0x826e</run_address>
         <size>0x12</size>
         <alignment>0x2</alignment>
         <input_file_ref idref="fl-3"/>
      </object_component>
      <object_component id="oc-20">
         <name>.text:decompress:none</name>
         <load_address>0x8280</load_address>
         <readonly>true</readonly>
         <executable>true</executable>
         <run_address>0x8280</run_address>
         <size>0x12</size>
         <alignment>0x2</alignment>
         <input_file_ref idref="fl-3c"/>
      </object_component>
      <object_component id="oc-158">
         <name>.text.poc_lora_read_dio0</name>
         <load_address>0x8294</load_address>
         <readonly>true</readonly>
         <executable>true</executable>
         <run_address>0x8294</run_address>
         <size>0x10</size>
         <alignment>0x4</alignment>
         <input_file_ref idref="fl-5"/>
      </object_component>
      <object_component id="oc-209">
         <name>.text.wcslen</name>
         <load_address>0x82a4</load_address>
         <readonly>true</readonly>
         <executable>true</executable>
[...]
         <name>hab_sx1276_send</name>
         <value>0x3bb5</value>
         <object_component_ref idref="oc-ba"/>
      </symbol>
      <symbol id="sm-21e">
         <name>hab_sd_fatfs_init</name>
         <value>0x7711</value>
         <object_component_ref idref="oc-9c"/>
      </symbol>
      <symbol id="sm-21f">
         <name>hab_sd_fatfs_append_line</name>
         <value>0x700d</value>
         <object_component_ref idref="oc-a2"/>
      </symbol>
      <symbol id="sm-220">
         <name>hab_sd_fatfs_flush</name>
         <value>0x804d</value>
         <object_component_ref idref="oc-a3"/>
      </symbol>
      <symbol id="sm-221">
         <name>__TI_ATRegion0_src_addr</name>
         <value>0x0</value>
      </symbol>
      <symbol id="sm-222">
         <name>__TI_ATRegion0_trg_addr</name>
         <value>0x0</value>
      </symbol>
      <symbol id="sm-223">
         <name>__TI_ATRegion0_region_sz</name>
         <value>0x0</value>
      </symbol>
      <symbol id="sm-224">
         <name>__TI_ATRegion1_src_addr</name>
         <value>0x0</value>
      </symbol>
      <symbol id="sm-225">
         <name>__TI_ATRegion1_trg_addr</name>
         <value>0x0</value>
      </symbol>
      <symbol id="sm-226">
         <name>__TI_ATRegion1_region_sz</name>
         <value>0x0</value>
      </symbol>
      <symbol id="sm-227">
         <name>__TI_ATRegion2_src_addr</name>
         <value>0x0</value>
      </symbol>
      <symbol id="sm-228">
         <name>__TI_ATRegion2_trg_addr</name>
         <value>0x0</value>
      </symbol>
      <symbol id="sm-229">
         <name>__TI_ATRegion2_region_sz</name>
         <value>0x0</value>
      </symbol>
      <symbol id="sm-232">
         <name>DL_Common_delayCycles</name>
         <value>0x8309</value>
         <object_component_ref idref="oc-111"/>
      </symbol>
      <symbol id="sm-242">
         <name>DL_I2C_setClockConfig</name>
         <value>0x809d</value>
         <object_component_ref idref="oc-16b"/>
      </symbol>
      <symbol id="sm-243">
         <name>DL_I2C_flushControllerTXFIFO</name>
         <value>0x7c91</value>
         <object_component_ref idref="oc-1c5"/>
      </symbol>
      <symbol id="sm-244">
         <name>DL_I2C_flushControllerRXFIFO</name>
         <value>0x7e31</value>
         <object_component_ref idref="oc-1c6"/>
      </symbol>
      <symbol id="sm-257">
         <name>DL_SPI_init</name>
         <value>0x7b09</value>
         <object_component_ref idref="oc-177"/>
      </symbol>
      <symbol id="sm-258">
         <name>DL_SPI_setClockConfig</name>
         <value>0x8239</value>
         <object_component_ref idref="oc-176"/>
      </symbol>
      <symbol id="sm-259">
         <name>DL_SPI_receiveDataBlocking8</name>
         <value>0x810d</value>
         <object_component_ref idref="oc-12f"/>
      </symbol>
      <symbol id="sm-25a">
         <name>DL_SPI_transmitDataBlocking8</name>
         <value>0x7e61</value>
         <object_component_ref idref="oc-129"/>
      </symbol>
      <symbol id="sm-26a">
         <name>DL_UART_init</name>
         <value>0x79e9</value>
         <object_component_ref idref="oc-173"/>
      </symbol>
      <symbol id="sm-26b">
         <name>DL_UART_setClockConfig</name>
         <value>0x824b</value>
         <object_component_ref idref="oc-172"/>
      </symbol>
      <symbol id="sm-26c">
         <name>DL_UART_transmitDataBlocking</name>
         <value>0x7e91</value>
         <object_component_ref idref="oc-10b"/>
      </symbol>
      <symbol id="sm-27d">
         <name>snprintf</name>
         <value>0x7909</value>
         <object_component_ref idref="oc-ae"/>
      </symbol>
      <symbol id="sm-28e">
         <name>vsnprintf</name>
         <value>0x7c51</value>
         <object_component_ref idref="oc-115"/>
      </symbol>
      <symbol id="sm-299">
         <name>_c_int00_noargs</name>
         <value>0x8075</value>
         <object_component_ref idref="oc-4f"/>
      </symbol>
      <symbol id="sm-29a">
         <name>__stack</name>
         <value>0x20207e00</value>
         <object_component_ref idref="oc-1a"/>
      </symbol>
      <symbol id="sm-2a6">
         <name>__TI_auto_init_nobinit_nopinit</name>
         <value>0x7d45</value>
         <object_component_ref idref="oc-e6"/>
      </symbol>
      <symbol id="sm-2ae">
         <name>_system_pre_init</name>
         <value>0x838f</value>
         <object_component_ref idref="oc-5f"/>
      </symbol>
      <symbol id="sm-2b9">
         <name>__TI_zero_init</name>
         <value>0x82b5</value>
         <object_component_ref idref="oc-4c"/>
      </symbol>
      <symbol id="sm-2c2">
         <name>__TI_decompress_none</name>
         <value>0x8281</value>
         <object_component_ref idref="oc-20"/>
      </symbol>
      <symbol id="sm-2cd">
         <name>__TI_decompress_lzss</name>
         <value>0x708d</value>
         <object_component_ref idref="oc-1c"/>
      </symbol>
      <symbol id="sm-316">
         <name>__TI_printfi</name>
         <value>0xc1</value>
         <object_component_ref idref="oc-1c4"/>
      </symbol>
      <symbol id="sm-321">
         <name>__aeabi_errno_addr</name>
         <value>0x8361</value>
         <object_component_ref idref="oc-20d"/>
      </symbol>
      <symbol id="sm-322">
         <name>__aeabi_errno</name>
         <value>0x2020053c</value>
         <object_component_ref idref="oc-236"/>
      </symbol>
      <symbol id="sm-32c">
         <name>abort</name>
         <value>0x8381</value>
         <object_component_ref idref="oc-df"/>
      </symbol>
      <symbol id="sm-336">
         <name>__TI_ltoa</name>
         <value>0x7661</value>
         <object_component_ref idref="oc-247"/>
      </symbol>
      <symbol id="sm-342">
         <name>atoi</name>
         <value>0x7c11</value>
         <object_component_ref idref="oc-205"/>
      </symbol>
      <symbol id="sm-34c">
         <name>memccpy</name>
         <value>0x80e9</value>
         <object_component_ref idref="oc-1fe"/>
      </symbol>
      <symbol id="sm-357">
         <name>frexp</name>
         <value>0x7605</value>
         <object_component_ref idref="oc-23b"/>
      </symbol>
      <symbol id="sm-358">
         <name>frexpl</name>
         <value>0x7605</value>
         <object_component_ref idref="oc-23b"/>
      </symbol>
      <symbol id="sm-362">
         <name>scalbn</name>
         <value>0x65e9</value>
         <object_component_ref idref="oc-23f"/>
      </symbol>
      <symbol id="sm-363">
         <name>ldexp</name>
         <value>0x65e9</value>
         <object_component_ref idref="oc-23f"/>
      </symbol>
      <symbol id="sm-364">
         <name>scalbnl</name>
         <value>0x65e9</value>
         <object_component_ref idref="oc-23f"/>
      </symbol>
      <symbol id="sm-365">
         <name>ldexpl</name>
         <value>0x65e9</value>
         <object_component_ref idref="oc-23f"/>
      </symbol>
      <symbol id="sm-36e">
         <name>wcslen</name>
         <value>0x82a5</value>
         <object_component_ref idref="oc-209"/>
      </symbol>
      <symbol id="sm-374">
         <name>__aeabi_ctype_table_</name>
         <value>0x83a0</value>
         <object_component_ref idref="oc-22f"/>
      </symbol>
      <symbol id="sm-375">
         <name>__aeabi_ctype_table_C</name>
         <value>0x83a0</value>
         <object_component_ref idref="oc-22f"/>
      </symbol>
      <symbol id="sm-380">
         <name>HOSTexit</name>
         <value>0x8387</value>
         <object_component_ref idref="oc-159"/>
      </symbol>
      <symbol id="sm-381">
         <name>C$$EXIT</name>
         <value>0x8386</value>
         <object_component_ref idref="oc-159"/>
      </symbol>
      <symbol id="sm-396">
         <name>__aeabi_fadd</name>
         <value>0x66cb</value>
         <object_component_ref idref="oc-1d5"/>
      </symbol>
      <symbol id="sm-397">
         <name>__addsf3</name>
         <value>0x66cb</value>
         <object_component_ref idref="oc-1d5"/>
      </symbol>
      <symbol id="sm-398">
         <name>__aeabi_fsub</name>
         <value>0x66c1</value>
         <object_component_ref idref="oc-1d5"/>
      </symbol>
      <symbol id="sm-399">
         <name>__subsf3</name>
         <value>0x66c1</value>
         <object_component_ref idref="oc-1d5"/>
      </symbol>
      <symbol id="sm-39f">
         <name>__aeabi_dadd</name>
         <value>0x4eff</value>
         <object_component_ref idref="oc-264"/>
      </symbol>
      <symbol id="sm-3a0">
         <name>__adddf3</name>
         <value>0x4eff</value>
         <object_component_ref idref="oc-264"/>
      </symbol>
      <symbol id="sm-3a1">
         <name>__aeabi_dsub</name>
         <value>0x4ef5</value>
         <object_component_ref idref="oc-264"/>
      </symbol>
      <symbol id="sm-3a2">
         <name>__subdf3</name>
         <value>0x4ef5</value>
         <object_component_ref idref="oc-264"/>
      </symbol>
      <symbol id="sm-3ab">
         <name>__aeabi_dmul</name>
         <value>0x6351</value>
         <object_component_ref idref="oc-250"/>
      </symbol>
      <symbol id="sm-3ac">
         <name>__muldf3</name>
         <value>0x6351</value>
         <object_component_ref idref="oc-250"/>
      </symbol>
      <symbol id="sm-3b2">
         <name>__muldsi3</name>
         <value>0x7dbd</value>
         <object_component_ref idref="oc-1f6"/>
      </symbol>
      <symbol id="sm-3b8">
         <name>__aeabi_fmul</name>
         <value>0x6e75</value>
         <object_component_ref idref="oc-1ad"/>
      </symbol>
      <symbol id="sm-3b9">
         <name>__mulsf3</name>
         <value>0x6e75</value>
         <object_component_ref idref="oc-1ad"/>
      </symbol>
      <symbol id="sm-3bf">
         <name>__aeabi_fdiv</name>
         <value>0x6f89</value>
         <object_component_ref idref="oc-1b5"/>
      </symbol>
      <symbol id="sm-3c0">
         <name>__divsf3</name>
         <value>0x6f89</value>
         <object_component_ref idref="oc-1b5"/>
      </symbol>
      <symbol id="sm-3c6">
         <name>__aeabi_ddiv</name>
         <value>0x5d55</value>
         <object_component_ref idref="oc-260"/>
      </symbol>
      <symbol id="sm-3c7">
         <name>__divdf3</name>
         <value>0x5d55</value>
         <object_component_ref idref="oc-260"/>
      </symbol>
      <symbol id="sm-3cd">
         <name>__aeabi_f2d</name>
         <value>0x7bd1</value>
         <object_component_ref idref="oc-a6"/>
      </symbol>
      <symbol id="sm-3ce">
         <name>__extendsfdf2</name>
         <value>0x7bd1</value>
         <object_component_ref idref="oc-a6"/>
      </symbol>
      <symbol id="sm-3d4">
         <name>__aeabi_d2iz</name>
         <value>0x7955</value>
         <object_component_ref idref="oc-243"/>
      </symbol>
      <symbol id="sm-3d5">
         <name>__fixdfsi</name>
         <value>0x7955</value>
         <object_component_ref idref="oc-243"/>
      </symbol>
      <symbol id="sm-3db">
         <name>__aeabi_f2iz</name>
         <value>0x7df9</value>
         <object_component_ref idref="oc-1d9"/>
      </symbol>
      <symbol id="sm-3dc">
         <name>__fixsfsi</name>
         <value>0x7df9</value>
         <object_component_ref idref="oc-1d9"/>
      </symbol>
      <symbol id="sm-3e2">
         <name>__aeabi_i2d</name>
         <value>0x7f81</value>
         <object_component_ref idref="oc-24b"/>
      </symbol>
      <symbol id="sm-3e3">
         <name>__floatsidf</name>
         <value>0x7f81</value>
         <object_component_ref idref="oc-24b"/>
      </symbol>
      <symbol id="sm-3e9">
         <name>__aeabi_i2f</name>
         <value>0x7ccd</value>
         <object_component_ref idref="oc-1b1"/>
      </symbol>
      <symbol id="sm-3ea">
         <name>__floatsisf</name>
         <value>0x7ccd</value>
         <object_component_ref idref="oc-1b1"/>
      </symbol>
      <symbol id="sm-3f0">
         <name>__aeabi_ui2f</name>
         <value>0x7fd5</value>
         <object_component_ref idref="oc-1a9"/>
      </symbol>
      <symbol id="sm-3f1">
         <name>__floatunsisf</name>
         <value>0x7fd5</value>
         <object_component_ref idref="oc-1a9"/>
      </symbol>
      <symbol id="sm-3f7">
         <name>__aeabi_lmul</name>
         <value>0x80c5</value>
         <object_component_ref idref="oc-212"/>
      </symbol>
      <symbol id="sm-3f8">
         <name>__muldi3</name>
         <value>0x80c5</value>
         <object_component_ref idref="oc-212"/>
      </symbol>
      <symbol id="sm-3fe">
         <name>__aeabi_dcmpeq</name>
         <value>0x741d</value>
         <object_component_ref idref="oc-218"/>
      </symbol>
      <symbol id="sm-3ff">
         <name>__aeabi_dcmplt</name>
         <value>0x7431</value>
         <object_component_ref idref="oc-218"/>
      </symbol>
      <symbol id="sm-400">
         <name>__aeabi_dcmple</name>
         <value>0x7445</value>
         <object_component_ref idref="oc-218"/>
      </symbol>
      <symbol id="sm-401">
         <name>__aeabi_dcmpge</name>
         <value>0x7459</value>
         <object_component_ref idref="oc-218"/>
      </symbol>
      <symbol id="sm-402">
         <name>__aeabi_dcmpgt</name>
         <value>0x746d</value>
         <object_component_ref idref="oc-218"/>
      </symbol>
      <symbol id="sm-408">
         <name>__aeabi_fcmpeq</name>
         <value>0x7481</value>
         <object_component_ref idref="oc-1f1"/>
      </symbol>
      <symbol id="sm-409">
         <name>__aeabi_fcmplt</name>
         <value>0x7495</value>
         <object_component_ref idref="oc-1f1"/>
      </symbol>
      <symbol id="sm-40a">
         <name>__aeabi_fcmple</name>
         <value>0x74a9</value>
         <object_component_ref idref="oc-1f1"/>
      </symbol>
      <symbol id="sm-40b">
         <name>__aeabi_fcmpge</name>
         <value>0x74bd</value>
         <object_component_ref idref="oc-1f1"/>
      </symbol>
      <symbol id="sm-40c">
         <name>__aeabi_fcmpgt</name>
         <value>0x74d1</value>
         <object_component_ref idref="oc-1f1"/>
      </symbol>
      <symbol id="sm-412">
         <name>__aeabi_idiv</name>
         <value>0x7769</value>
         <object_component_ref idref="oc-272"/>
      </symbol>
      <symbol id="sm-413">
         <name>__aeabi_idivmod</name>
         <value>0x7769</value>
         <object_component_ref idref="oc-272"/>
      </symbol>
      <symbol id="sm-419">
         <name>__aeabi_memcpy</name>
         <value>0x8369</value>
         <object_component_ref idref="oc-3f"/>
      </symbol>
      <symbol id="sm-41a">
         <name>__aeabi_memcpy4</name>
         <value>0x8369</value>
         <object_component_ref idref="oc-3f"/>
      </symbol>
      <symbol id="sm-41b">
         <name>__aeabi_memcpy8</name>
         <value>0x8369</value>
         <object_component_ref idref="oc-3f"/>
      </symbol>
      <symbol id="sm-424">
         <name>__aeabi_memset</name>
         <value>0x82c5</value>
         <object_component_ref idref="oc-1e6"/>
      </symbol>
      <symbol id="sm-425">
         <name>__aeabi_memset4</name>
         <value>0x82c5</value>
         <object_component_ref idref="oc-1e6"/>
      </symbol>
      <symbol id="sm-426">
         <name>__aeabi_memset8</name>
         <value>0x82c5</value>
         <object_component_ref idref="oc-1e6"/>
      </symbol>
      <symbol id="sm-427">
         <name>__aeabi_memclr</name>
         <value>0x82fd</value>
         <object_component_ref idref="oc-5a"/>
      </symbol>
      <symbol id="sm-428">
         <name>__aeabi_memclr4</name>
         <value>0x82fd</value>
         <object_component_ref idref="oc-5a"/>
      </symbol>
      <symbol id="sm-429">
         <name>__aeabi_memclr8</name>
         <value>0x82fd</value>
         <object_component_ref idref="oc-5a"/>
      </symbol>
      <symbol id="sm-42f">
         <name>__aeabi_uidiv</name>
         <value>0x7b91</value>
         <object_component_ref idref="oc-aa"/>
      </symbol>
      <symbol id="sm-430">
         <name>__aeabi_uidivmod</name>
         <value>0x7b91</value>
         <object_component_ref idref="oc-aa"/>
      </symbol>
      <symbol id="sm-436">
         <name>__aeabi_uldivmod</name>
         <value>0x81ad</value>
         <object_component_ref idref="oc-130"/>
      </symbol>
      <symbol id="sm-43f">
         <name>__eqsf2</name>
         <value>0x7d81</value>
         <object_component_ref idref="oc-224"/>
      </symbol>
      <symbol id="sm-440">
         <name>__lesf2</name>
         <value>0x7d81</value>
         <object_component_ref idref="oc-224"/>
      </symbol>
      <symbol id="sm-441">
         <name>__ltsf2</name>
         <value>0x7d81</value>
         <object_component_ref idref="oc-224"/>
      </symbol>
      <symbol id="sm-442">
         <name>__nesf2</name>
         <value>0x7d81</value>
         <object_component_ref idref="oc-224"/>
      </symbol>
      <symbol id="sm-443">
         <name>__cmpsf2</name>
         <value>0x7d81</value>
         <object_component_ref idref="oc-224"/>
      </symbol>
      <symbol id="sm-444">
         <name>__gtsf2</name>
         <value>0x7d09</value>
         <object_component_ref idref="oc-229"/>
      </symbol>
      <symbol id="sm-445">
         <name>__gesf2</name>
         <value>0x7d09</value>
         <object_component_ref idref="oc-229"/>
      </symbol>
      <symbol id="sm-44b">
         <name>__udivmoddi4</name>
         <value>0x6bfd</value>
         <object_component_ref idref="oc-18d"/>
      </symbol>
      <symbol id="sm-451">
         <name>__aeabi_llsl</name>
         <value>0x812d</value>
         <object_component_ref idref="oc-1de"/>
      </symbol>
      <symbol id="sm-452">
         <name>__ashldi3</name>
         <value>0x812d</value>
         <object_component_ref idref="oc-1de"/>
      </symbol>
      <symbol id="sm-460">
         <name>__ledf2</name>
         <value>0x72e5</value>
         <object_component_ref idref="oc-258"/>
      </symbol>
      <symbol id="sm-461">
         <name>__gedf2</name>
         <value>0x71fd</value>
         <object_component_ref idref="oc-25e"/>
      </symbol>
      <symbol id="sm-462">
         <name>__cmpdf2</name>
         <value>0x72e5</value>
         <object_component_ref idref="oc-258"/>
      </symbol>
      <symbol id="sm-463">
         <name>__eqdf2</name>
         <value>0x72e5</value>
         <object_component_ref idref="oc-258"/>
      </symbol>
      <symbol id="sm-464">
         <name>__ltdf2</name>
         <value>0x72e5</value>
         <object_component_ref idref="oc-258"/>
      </symbol>
      <symbol id="sm-465">
         <name>__nedf2</name>
         <value>0x72e5</value>
         <object_component_ref idref="oc-258"/>
      </symbol>
      <symbol id="sm-466">
         <name>__gtdf2</name>
         <value>0x71fd</value>
         <object_component_ref idref="oc-25e"/>
      </symbol>
      <symbol id="sm-472">
         <name>__aeabi_idiv0</name>
         <value>0x57d3</value>
         <object_component_ref idref="oc-146"/>
      </symbol>
      <symbol id="sm-473">
         <name>__aeabi_ldiv0</name>
         <value>0x69eb</value>
         <object_component_ref idref="oc-1dd"/>
      </symbol>
      <symbol id="sm-48d">
         <name>memcpy</name>
         <value>0x6dd9</value>
         <object_component_ref idref="oc-78"/>
      </symbol>
      <symbol id="sm-49c">
         <name>memset</name>
         <value>0x74e3</value>
         <object_component_ref idref="oc-fe"/>
      </symbol>
      <symbol id="sm-49d">
         <name>__TI_static_base__</name>
         <value>0x0</value>
      </symbol>
      <symbol id="sm-4a1">
         <name>__mpu_init</name>
         <value>0x0</value>
      </symbol>
      <symbol id="sm-4a2">
         <name>_system_post_cinit</name>
         <value>0x0</value>
      </symbol>
   </symbol_table>
   <title>Link successful</title>
</link_info>
