******************************************************************************
            TI ARM Clang Linker Unix v4.0.4                    
******************************************************************************
>> Linked Tue Mar 31 14:17:33 2026

OUTPUT FILE NAME:   <hab-v2.out>
ENTRY POINT SYMBOL: "_c_int00_noargs"  address: 0000bde9


MEMORY CONFIGURATION

         name            origin    length      used     unused   attr    fill
----------------------  --------  ---------  --------  --------  ----  --------
  FLASH                 00000000   00020000  0000c630  000139d0  R  X
  SRAM                  20200000   00008000  000008b1  0000774f  RW X
  BCR_CONFIG            41c00000   000000ff  00000000  000000ff  R   
  BSL_CONFIG            41c00100   00000080  00000000  00000080  R   


SEGMENT ALLOCATION MAP

run origin  load origin   length   init length attrs members
----------  ----------- ---------- ----------- ----- -------
00000000    00000000    0000c630   0000c630    r-x
  00000000    00000000    000000c0   000000c0    r-- .intvecs
  000000c0    000000c0    0000c0b0   0000c0b0    r-x .text
  0000c170    0000c170    00000490   00000490    r-- .rodata
  0000c600    0000c600    00000030   00000030    r-- .cinit
20200000    20200000    000006b3   00000000    rw-
  20200000    20200000    0000069a   00000000    rw- .bss
  2020069c    2020069c    00000017   00000000    rw- .data
20207e00    20207e00    00000200   00000000    rw-
  20207e00    20207e00    00000200   00000000    rw- .stack


SECTION ALLOCATION MAP

 output                                  attributes/
section   page    origin      length       input sections
--------  ----  ----------  ----------   ----------------
.intvecs   0    00000000    000000c0     
                  00000000    000000c0     startup_mspm0g350x_ticlang.o (.intvecs)

.text      0    000000c0    0000c0b0     
                  000000c0    00000c54     diskio_mspm0.o (.text.disk_initialize)
                  00000d14    00000a70     diskio_mspm0.o (.text.hab_sd_send_cmd)
                  00001784    000009d0     libc.a : _printfi.c.obj (.text:__TI_printfi)
                  00002154    00000960     diskio_mspm0.o (.text.disk_write)
                  00002ab4    000006b8     libc.a : e_powf.c.obj (.text.powf)
                  0000316c    00000630     bme68x.o (.text.bme68x_get_data)
                  0000379c    000005a8     bme68x.o (.text.bme68x_set_heatr_conf)
                  00003d44    000005a8     ff.o (.text.follow_path)
                  000042ec    00000510     platform_mspm0_ccs.o (.text.hab_mspm0_i2c_write)
                  000047fc    000004f0     empty.o (.text.main)
                  00004cec    00000438     bme68x.o (.text.bme68x_set_regs)
                  00005124    00000414     diskio_mspm0.o (.text.hab_sd_rcvr_datablock)
                  00005538    0000040c     ff.o (.text.mount_volume)
                  00005944    000003b8     libc.a : strtod.c.obj (.text.strtod)
                  00005cfc    0000039c     hab_gps.o (.text.hab_gps_parser_consume)
                  00006098    00000390     hab_lora_sx1276.o (.text.hab_sx1276_init)
                  00006428    00000384     platform_mspm0_ccs.o (.text.hab_mspm0_i2c_read)
                  000067ac    00000328     bme68x.o (.text.bme68x_init)
                  00006ad4    000002cc     hab_app.o (.text.hab_app_on_tick)
                  00006da0    000002cc     diskio_mspm0.o (.text.hab_sd_select_card)
                  0000706c    000002a4     ff.o (.text.f_open)
                  00007310    0000027c     diskio_mspm0.o (.text.disk_ioctl)
                  0000758c    00000264     hab_lora_sx1276.o (.text.hab_sx1276_send)
                  000077f0    00000220     libc.a : _printfi.c.obj (.text._pconv_a)
                  00007a10    00000214     diskio_mspm0.o (.text.disk_read)
                  00007c24    0000020c     ff.o (.text.f_write)
                  00007e30    000001e0     bme68x.o (.text.calc_pressure)
                  00008010    000001dc     libc.a : _printfi.c.obj (.text._pconv_g)
                  000081ec    000001d4     hab_gps.o (.text.hab_parse_rmc)
                  000083c0    000001cc     platform_mspm0_ccs.o (.text.hab_mspm0_spi_transfer)
                  0000858c    000001b0     bme68x.o (.text.bme68x_set_conf)
                  0000873c    00000192     libclang_rt.builtins.a : adddf3.S.obj (.text.adddf3_subdf3)
                  000088ce    00000002     startup_mspm0g350x_ticlang.o (.text.Default_Handler)
                  000088d0    00000164     empty.o (.text.GROUP1_IRQHandler)
                  00008a34    00000144     diskio_mspm0.o (.text.hab_sd_rcvr_spi_multi)
                  00008b78    0000013c     libc.a : _printfi.c.obj (.text.fcvt)
                  00008cb4    00000134     ff.o (.text.put_fat)
                  00008de8    0000012c     empty.o (.text.hab_flush_debug_gps_line)
                  00008f14    0000012c     libc.a : strtoul.c.obj (.text.strtoul)
                  00009040    0000012a     ff.o (.text.create_chain)
                  0000916a    00000002     libclang_rt.builtins.a : aeabi_div0.c.obj (.text.__aeabi_idiv0)
                  0000916c    00000128     bme68x.o (.text.calc_humidity)
                  00009294    00000124     ti_msp_dl_config.o (.text.SYSCFG_DL_GPIO_init)
                  000093b8    00000120     libc.a : _printfi.c.obj (.text._pconv_e)
                  000094d8    00000114     ff.o (.text.check_fs)
                  000095ec    00000114     hab_protocol.o (.text.hab_format_sd_csv)
                  00009700    00000110     bme68x.o (.text.calc_res_heat)
                  00009810    0000010c     libclang_rt.builtins.a : divdf3.S.obj (.text.__divdf3)
                  0000991c    0000010c     bme68x.o (.text.bme68x_set_op_mode)
                  00009a28    00000100     ff.o (.text.get_fat)
                  00009b28    000000fc     driverlib.a : dl_timer.o (.text.DL_Timer_initTimerMode)
                  00009c24    000000f8     bme68x.o (.text.calc_gas_resistance_low)
                  00009d1c    000000e8     ff.o (.text.dir_next)
                  00009e04    000000e4     libclang_rt.builtins.a : muldf3.S.obj (.text.__muldf3)
                  00009ee8    000000dc     ff.o (.text.dir_register)
                  00009fc4    000000d8     ff.o (.text.f_sync)
                  0000a09c    000000d8     platform_mspm0_ccs.o (.text.hab_mspm0_self_test)
                  0000a174    000000d8     libc.a : s_scalbn.c.obj (.text.scalbn)
                  0000a24c    000000d8     libclang_rt.builtins.a : addsf3.S.obj (.text)
                  0000a324    000000d0     diskio_mspm0.o (.text.hab_sd_deselect)
                  0000a3f4    000000d0     ff.o (.text.sync_fs)
                  0000a4c4    000000c4     hab_protocol.o (.text.hab_format_lora_csv)
                  0000a588    000000c2     bme68x.o (.text.bme68x_get_op_mode)
                  0000a64a    000000c0     bme68x.o (.text.bme68x_get_regs)
                  0000a70a    00000002     libclang_rt.builtins.a : aeabi_div0.c.obj (.text.__aeabi_ldiv0)
                  0000a70c    000000b8     hab_bme680.o (.text.hab_bme680_init)
                  0000a7c4    000000b4     bme68x.o (.text.bme68x_get_meas_dur)
                  0000a878    000000b0     libc.a : s_scalbnf.c.obj (.text.scalbnf)
                  0000a928    000000a4     hab_bme680.o (.text.hab_bme680_sample)
                  0000a9cc    000000a2     libclang_rt.builtins.a : udivmoddi4.S.obj (.text)
                  0000aa6e    00000002     hab_app.o (.text.hab_app_runtime)
                  0000aa70    000000a0     libc.a : e_sqrtf.c.obj (.text.sqrtf)
                  0000ab10    0000009e     ff.o (.text.dir_clear)
                  0000abae    00000002     platform_mspm0_ccs.o (.text.hab_mspm0_enter_sleep)
                  0000abb0    0000009c     bme68x.o (.text.calc_temperature)
                  0000ac4c    0000009a     libc.a : memcpy16.S.obj (.text:memcpy)
                  0000ace6    00000002     --HOLE-- [fill = 0]
                  0000ace8    0000008c     libclang_rt.builtins.a : mulsf3.S.obj (.text.__mulsf3)
                  0000ad74    00000088     bme68x.o (.text.bme68x_soft_reset)
                  0000adfc    00000084     ti_msp_dl_config.o (.text.SYSCFG_DL_UART_DEBUG_init)
                  0000ae80    00000082     libclang_rt.builtins.a : divsf3.S.obj (.text.__divsf3)
                  0000af02    00000002     --HOLE-- [fill = 0]
                  0000af04    00000080     hab_sd_fatfs.o (.text.hab_sd_fatfs_append_line)
                  0000af84    0000007c     libc.a : copy_decompress_lzss.c.obj (.text:decompress:lzss)
                  0000b000    0000007a     ff.o (.text.move_window)
                  0000b07a    00000078     hab_app.o (.text.hab_app_bootstrap)
                  0000b0f2    00000002     --HOLE-- [fill = 0]
                  0000b0f4    00000074     libclang_rt.builtins.a : comparedf2.c.obj (.text.__gedf2)
                  0000b168    00000008     libc.a : strtod.c.obj (.text.OUTLINED_FUNCTION_0)
                  0000b170    00000074     libclang_rt.builtins.a : truncdfsf2.S.obj (.text.__truncdfsf2)
                  0000b1e4    00000068                            : comparedf2.c.obj (.text.__ledf2)
                  0000b24c    00000068     platform_mspm0_ccs.o (.text.hab_mspm0_delay_ms)
                  0000b2b4    00000066     libc.a : _printfi.c.obj (.text._mcpy)
                  0000b31a    00000002     --HOLE-- [fill = 0]
                  0000b31c    00000062     libclang_rt.builtins.a : aeabi_dcmp.S.obj (.text.__aeabi_dcmp)
                  0000b37e    00000002     --HOLE-- [fill = 0]
                  0000b380    00000062                            : aeabi_fcmp.S.obj (.text.__aeabi_fcmp)
                  0000b3e2    00000062     libc.a : memset16.S.obj (.text:memset)
                  0000b444    00000060     ff.o (.text.f_mount)
                  0000b4a4    0000005c     libc.a : s_frexp.c.obj (.text.frexp)
                  0000b500    00000058            : _ltoa.c.obj (.text.__TI_ltoa)
                  0000b558    00000058            : _printfi.c.obj (.text._pconv_f)
                  0000b5b0    00000058     platform_mspm0_ccs.o (.text.hab_platform_init_mspm0_ccs)
                  0000b608    00000058     hab_sd_fatfs.o (.text.hab_sd_fatfs_init)
                  0000b660    00000056     libclang_rt.builtins.a : aeabi_idivmod.S.obj (.text.__aeabi_idivmod)
                  0000b6b6    00000052     libc.a : _printfi.c.obj (.text._ecpy)
                  0000b708    0000004c     hab_math.o (.text.hab_pressure_altitude_m)
                  0000b754    0000004c     libc.a : snprintf.c.obj (.text.snprintf)
                  0000b7a0    0000004a     libclang_rt.builtins.a : fixdfsi.S.obj (.text.__fixdfsi)
                  0000b7ea    0000004a     bme68x.o (.text.get_mem_page)
                  0000b834    00000048     driverlib.a : dl_uart.o (.text.DL_UART_init)
                  0000b87c    00000048     libc.a : strtok.c.obj (.text.strtok)
                  0000b8c4    00000046     hab_lora_sx1276.o (.text.hab_sx1276_set_op_mode)
                  0000b90a    00000044     hab_lora_sx1276.o (.text.hab_sx1276_write_reg)
                  0000b94e    00000042     hab_math.o (.text.hab_low_pass_filter)
                  0000b990    00000040     ti_msp_dl_config.o (.text.SYSCFG_DL_initPower)
                  0000b9d0    00000040     libclang_rt.builtins.a : aeabi_uidivmod.S.obj (.text.__aeabi_uidivmod)
                  0000ba10    00000040                            : extendsfdf2.S.obj (.text.__extendsfdf2)
                  0000ba50    00000040     libc.a : atoi.c.obj (.text.atoi)
                  0000ba90    0000003c     libclang_rt.builtins.a : floatsisf.S.obj (.text.__floatsisf)
                  0000bacc    0000003c                            : comparesf2.S.obj (.text.__gtsf2)
                  0000bb08    0000003c     libc.a : autoinit.c.obj (.text:__TI_auto_init_nobinit_nopinit)
                  0000bb44    0000003a     libclang_rt.builtins.a : comparesf2.S.obj (.text.__eqsf2)
                  0000bb7e    00000002     --HOLE-- [fill = 0]
                  0000bb80    0000003a                            : muldsi3.S.obj (.text.__muldsi3)
                  0000bbba    00000002     --HOLE-- [fill = 0]
                  0000bbbc    00000038     ti_msp_dl_config.o (.text.SYSCFG_DL_TIMER_SCHED_init)
                  0000bbf4    00000038     libclang_rt.builtins.a : fixsfsi.S.obj (.text.__fixsfsi)
                  0000bc2c    00000030     driverlib.a : dl_uart.o (.text.DL_UART_transmitDataBlocking)
                  0000bc5c    00000030     ti_msp_dl_config.o (.text.SYSCFG_DL_SYSCTL_init)
                  0000bc8c    00000030     libc.a : _printfi.c.obj (.text._fcpy)
                  0000bcbc    00000030            : snprintf.c.obj (.text._outs)
                  0000bcec    00000030     platform_mspm0_ccs.o (.text.hab_mspm0_send_lora)
                  0000bd1c    0000002c     libclang_rt.builtins.a : floatsidf.S.obj (.text.__floatsidf)
                  0000bd48    00000028                            : floatunsisf.S.obj (.text.__floatunsisf)
                  0000bd70    00000028     hab_bme680.o (.text.hab_bme680_bus_read)
                  0000bd98    00000028     hab_bme680.o (.text.hab_bme680_bus_write)
                  0000bdc0    00000028     hab_sd_fatfs.o (.text.hab_sd_fatfs_flush)
                  0000bde8    00000028     libc.a : boot_cortex_m.c.obj (.text:_c_int00_noargs)
                  0000be10    00000026            : strspn.c.obj (.text.strspn)
                  0000be36    00000002     --HOLE-- [fill = 0]
                  0000be38    00000024     libclang_rt.builtins.a : muldi3.S.obj (.text.__muldi3)
                  0000be5c    00000024     libc.a : strcspn.c.obj (.text.strcspn)
                  0000be80    00000022            : memccpy.c.obj (.text.memccpy)
                  0000bea2    00000002     --HOLE-- [fill = 0]
                  0000bea4    0000001e     libclang_rt.builtins.a : ashldi3.S.obj (.text.__ashldi3)
                  0000bec2    00000002     --HOLE-- [fill = 0]
                  0000bec4    0000001c     driverlib.a : dl_timer.o (.text.DL_Timer_setClockConfig)
                  0000bee0    0000001c     empty.o (.text.TIMG0_IRQHandler)
                  0000befc    00000018     ti_msp_dl_config.o (.text.SYSCFG_DL_init)
                  0000bf14    00000018     libc.a : snprintf.c.obj (.text._outc)
                  0000bf2c    00000018     hab_protocol.o (.text.hab_state_name)
                  0000bf44    00000016     hab_app.o (.text.hab_app_init)
                  0000bf5a    00000016     hab_bme680.o (.text.hab_bme680_bus_delay)
                  0000bf70    00000014     libclang_rt.builtins.a : aeabi_uldivmod.S.obj (.text.__aeabi_uldivmod)
                  0000bf84    00000014     diskio_mspm0.o (.text.disk_status)
                  0000bf98    00000014     platform_mspm0_ccs.o (.text.hab_mspm0_lora_cs)
                  0000bfac    00000014     platform_mspm0_ccs.o (.text.hab_mspm0_lora_reset)
                  0000bfc0    00000014     libc.a : _printfi.c.obj (.text.strchr)
                  0000bfd4    00000012     driverlib.a : dl_uart.o (.text.DL_UART_setClockConfig)
                  0000bfe6    00000012     libc.a : copy_decompress_none.c.obj (.text:decompress:none)
                  0000bff8    00000010     platform_mspm0_ccs.o (.text.hab_mspm0_lora_irq)
                  0000c008    00000010     libc.a : wcslen.c.obj (.text.wcslen)
                  0000c018    00000010            : copy_zero_init.c.obj (.text:decompress:ZI)
                  0000c028    0000000e     libclang_rt.builtins.a : aeabi_memset.S.obj (.text.__aeabi_memset)
                  0000c036    0000000e     hab_app.o (.text.hab_app_on_gps_byte)
                  0000c044    0000000e     platform_mspm0_ccs.o (.text.hab_mspm0_delay_us)
                  0000c052    0000000e     libc.a : _printfi.c.obj (.text.strlen)
                  0000c060    0000000c     libclang_rt.builtins.a : aeabi_memset.S.obj (.text.__aeabi_memclr)
                  0000c06c    0000000a     driverlib.a : dl_common.o (.text.DL_Common_delayCycles)
                  0000c076    0000000a     libc.a : _printfi.c.obj (.text.OUTLINED_FUNCTION_0)
                  0000c080    00000010     libclang_rt.builtins.a : adddf3.S.obj (.tramp.__aeabi_dsub.1)
                  0000c090    0000000a     libc.a : _printfi.c.obj (.text.OUTLINED_FUNCTION_1)
                  0000c09a    0000000a     hab_gps.o (.text.hab_gps_parser_init)
                  0000c0a4    0000000a     platform_mspm0_ccs.o (.text.hab_mspm0_flush_log)
                  0000c0ae    0000000a     platform_mspm0_ccs.o (.text.hab_mspm0_log_csv_line)
                  0000c0b8    00000008     libc.a : strtod.c.obj (.text.OUTLINED_FUNCTION_1)
                  0000c0c0    00000010     libclang_rt.builtins.a : aeabi_dcmp.S.obj (.tramp.__aeabi_dcmpeq.1)
                  0000c0d0    00000008     libc.a : aeabi_portable.c.obj (.text.__aeabi_errno_addr)
                  0000c0d8    00000008     libclang_rt.builtins.a : aeabi_memcpy.S.obj (.text.__aeabi_memcpy)
                  0000c0e0    00000008     diskio_mspm0.o (.text.get_fattime)
                  0000c0e8    00000008     platform_mspm0_ccs.o (.text.hab_mspm0_read_environment)
                  0000c0f0    00000006     libc.a : e_powf.c.obj (.text.OUTLINED_FUNCTION_1)
                  0000c0f6    00000002     --HOLE-- [fill = 0]
                  0000c0f8    00000010     libclang_rt.builtins.a : mulsf3.S.obj (.tramp.__aeabi_fmul.1)
                  0000c108    00000006     libc.a : e_powf.c.obj (.text.OUTLINED_FUNCTION_3)
                  0000c10e    00000002     --HOLE-- [fill = 0]
                  0000c110    00000010     libclang_rt.builtins.a : addsf3.S.obj (.tramp.__aeabi_fadd.1)
                  0000c120    00000006     libc.a : e_powf.c.obj (.text.OUTLINED_FUNCTION_4)
                  0000c126    00000002     --HOLE-- [fill = 0]
                  0000c128    00000010     libclang_rt.builtins.a : addsf3.S.obj (.tramp.__aeabi_fsub.1)
                  0000c138    00000006     libc.a : e_powf.c.obj (.text.OUTLINED_FUNCTION_5)
                  0000c13e    00000006            : e_powf.c.obj (.text.OUTLINED_FUNCTION_6)
                  0000c144    00000006            : exit.c.obj (.text:abort)
                  0000c14a    00000004     libsysbm.a : hostexit.c.obj (.text.HOSTexit)
                  0000c14e    00000004     libc.a : e_powf.c.obj (.text.OUTLINED_FUNCTION_0)
                  0000c152    00000004            : e_powf.c.obj (.text.OUTLINED_FUNCTION_2)
                  0000c156    00000004            : e_powf.c.obj (.text.OUTLINED_FUNCTION_7)
                  0000c15a    00000004            : e_powf.c.obj (.text.OUTLINED_FUNCTION_8)
                  0000c15e    00000004     startup_mspm0g350x_ticlang.o (.text.Reset_Handler)
                  0000c162    00000004     libc.a : pre_init.c.obj (.text._system_pre_init)
                  0000c166    0000000a     --HOLE-- [fill = 0]

.cinit     0    0000c600    00000030     
                  0000c600    0000000c     (__TI_handler_table)
                  0000c60c    0000000a     (.cinit..data.load) [load image, compression = lzss]
                  0000c616    00000002     --HOLE-- [fill = 0]
                  0000c618    00000008     (.cinit..bss.load) [load image, compression = zero_init]
                  0000c620    00000010     (__TI_cinit_table)

.rodata    0    0000c170    00000490     
                  0000c170    00000101     libc.a : aeabi_ctype.S.obj (.rodata:__aeabi_ctype_table_)
                  0000c271    00000080     ff.o (.rodata.ExCvt)
                  0000c2f1    00000006     bme68x.o (.rodata..L__const.bme68x_get_meas_dur.os_to_meas_cycles)
                  0000c2f7    00000001     hab_protocol.o (.rodata.str1.10720074939952615165.1)
                  0000c2f8    00000080     libc.a : strtod.c.obj (.rodata.digits)
                  0000c378    00000072     empty.o (.rodata.str1.15706828512682300538.1)
                  0000c3ea    0000004c     hab_protocol.o (.rodata.str1.4180334177740652245.1)
                  0000c436    00000002     ti_msp_dl_config.o (.rodata.gUART_DEBUGClockConfig)
                  0000c438    00000048     libc.a : strtod.c.obj (.rodata.powerof10)
                  0000c480    0000003b     hab_protocol.o (.rodata.str1.2966602509485870484.1)
                  0000c4bb    0000002d     ti_msp_dl_config.o (.rodata..L__const.SYSCFG_DL_GPIO_init.unusedPinIndexes)
                  0000c4e8    0000001e     empty.o (.rodata.str1.150872071346279890.1)
                  0000c506    00000002     hab_gps.o (.rodata.str1.14827614078710418679.1)
                  0000c508    0000001c     hab_protocol.o (.rodata..Lswitch.table.hab_format_sd_csv)
                  0000c524    00000018     libc.a : e_powf.c.obj (.rodata.cst8)
                  0000c53c    00000014     ti_msp_dl_config.o (.rodata.gTIMER_SCHEDTimerConfig)
                  0000c550    00000013     empty.o (.rodata.str1.16704889451495720520.1)
                  0000c563    00000011     libc.a : _printfi.c.obj (.rodata.str1.10348868589481759720.1)
                  0000c574    00000011            : _printfi.c.obj (.rodata.str1.15363888844622738466.1)
                  0000c585    0000000e     hab_protocol.o (.rodata.str1.12073515113088400654.1)
                  0000c593    0000000e     platform_mspm0_ccs.o (.rodata.str1.7168690707740120441.1)
                  0000c5a1    0000000d     hab_protocol.o (.rodata.str1.17377959724032426538.1)
                  0000c5ae    0000000c     hab_protocol.o (.rodata.str1.10723201648778720806.1)
                  0000c5ba    0000000c     hab_protocol.o (.rodata.str1.15187053072279029882.1)
                  0000c5c6    0000000a     ti_msp_dl_config.o (.rodata.gUART_DEBUGConfig)
                  0000c5d0    0000000a     hab_protocol.o (.rodata.str1.3262019661484311064.1)
                  0000c5da    00000008     hab_protocol.o (.rodata.str1.13176454870817466120.1)
                  0000c5e2    00000006     hab_protocol.o (.rodata.str1.14531399723564428694.1)
                  0000c5e8    00000005     hab_protocol.o (.rodata.str1.12235064655012588411.1)
                  0000c5ed    00000003     ti_msp_dl_config.o (.rodata.gTIMER_SCHEDClockConfig)
                  0000c5f0    00000003     hab_sd_fatfs.o (.rodata.str1.4296452854861736301.1)
                  0000c5f3    00000001     platform_mspm0_ccs.o (.rodata.str1.14930983380472498.1)
                  0000c5f4    0000000c     --HOLE-- [fill = 0]

.init_array 
*          0    00000000    00000000     UNINITIALIZED

.binit     0    00000000    00000000     

.bss       0    20200000    0000069a     UNINITIALIZED
                  20200000    00000510     platform_mspm0_ccs.o (.bss.hab_platform_init_mspm0_ccs.context)
                  20200510    00000108     empty.o (.bss.g_hab_app)
                  20200618    00000060     empty.o (.bss.g_gps_line_buffer)
                  20200678    0000001c     empty.o (.bss.g_hab_platform)
                  20200694    00000004     ff.o (.bss.FatFs.0)
                  20200698    00000002     ff.o (.bss.Fsid)

.data      0    2020069c    00000017     UNINITIALIZED
                  2020069c    00000004     libc.a : aeabi_portable.c.obj (.data.__aeabi_errno)
                  202006a0    00000004     empty.o (.data.g_gps_line_len)
                  202006a4    00000004     empty.o (.data.g_last_reported_fault_flags)
                  202006a8    00000004     libc.a : strtok.c.obj (.data.last_end)
                  202006ac    00000001     diskio_mspm0.o (.data.g_card_type)
                  202006ad    00000001     diskio_mspm0.o (.data.g_disk_status)
                  202006ae    00000001     empty.o (.data.g_gps_capture_active)
                  202006af    00000001     empty.o (.data.g_gps_line_ready)
                  202006b0    00000001     empty.o (.data.g_gps_line_truncated)
                  202006b1    00000001     empty.o (.data.g_last_reported_state)
                  202006b2    00000001     empty.o (.data.g_scheduler_tick_pending)

.stack     0    20207e00    00000200     UNINITIALIZED
                  20207e00    00000004     libc.a : boot_cortex_m.c.obj (.stack)
                  20207e04    000001fc     --HOLE--

__llvm_prf_cnts 
*          0    20200000    00000000     UNINITIALIZED

__llvm_prf_bits 
*          0    20200000    00000000     UNINITIALIZED

MODULE SUMMARY

       Module                         code    ro data   rw data
       ------                         ----    -------   -------
    ./
       empty.o                        1948    163       401    
       ti_msp_dl_config.o             616     80        0      
       startup_mspm0g350x_ticlang.o   6       192       0      
    +--+------------------------------+-------+---------+---------+
       Total:                         2570    435       401    
                                                               
    ./src/
       hab_lora_sx1276.o              1662    0         0      
       hab_gps.o                      1402    2         0      
       hab_app.o                      874     0         0      
       hab_protocol.o                 496     244       0      
       hab_bme680.o                   450     0         0      
       hab_sd_fatfs.o                 256     3         0      
       hab_math.o                     142     0         0      
    +--+------------------------------+-------+---------+---------+
       Total:                         5282    249       0      
                                                               
    ./src/platform/
       diskio_mspm0.o                 11716   0         2      
       platform_mspm0_ccs.o           3212    15        1296   
    +--+------------------------------+-------+---------+---------+
       Total:                         14928   15        1298   
                                                               
    ./third_party/bme68x/
       bme68x.o                       7848    6         0      
    +--+------------------------------+-------+---------+---------+
       Total:                         7848    6         0      
                                                               
    ./third_party/fatfs/source/
       ff.o                           6074    128       6      
    +--+------------------------------+-------+---------+---------+
       Total:                         6074    128       6      
                                                               
    /Applications/ti/ccs2040/ccs/tools/compiler/ti-cgt-armllvm_4.0.4.LTS/lib/armv6m-ti-none-eabi/c/libc.a
       _printfi.c.obj                 4510    34        0      
       e_powf.c.obj                   1766    24        0      
       strtod.c.obj                   968     200       0      
       strtoul.c.obj                  300     0         0      
       aeabi_ctype.S.obj              0       257       0      
       s_scalbn.c.obj                 216     0         0      
       s_scalbnf.c.obj                176     0         0      
       e_sqrtf.c.obj                  160     0         0      
       memcpy16.S.obj                 154     0         0      
       snprintf.c.obj                 148     0         0      
       copy_decompress_lzss.c.obj     124     0         0      
       memset16.S.obj                 98      0         0      
       s_frexp.c.obj                  92      0         0      
       _ltoa.c.obj                    88      0         0      
       strtok.c.obj                   72      0         4      
       atoi.c.obj                     64      0         0      
       autoinit.c.obj                 60      0         0      
       boot_cortex_m.c.obj            40      0         0      
       strspn.c.obj                   38      0         0      
       strcspn.c.obj                  36      0         0      
       memccpy.c.obj                  34      0         0      
       copy_decompress_none.c.obj     18      0         0      
       copy_zero_init.c.obj           16      0         0      
       wcslen.c.obj                   16      0         0      
       aeabi_portable.c.obj           8       0         4      
       exit.c.obj                     6       0         0      
       pre_init.c.obj                 4       0         0      
    +--+------------------------------+-------+---------+---------+
       Total:                         9212    515       8      
                                                               
    /Applications/ti/ccs2040/ccs/tools/compiler/ti-cgt-armllvm_4.0.4.LTS/lib/armv6m-ti-none-eabi/c/libsysbm.a
       hostexit.c.obj                 4       0         0      
    +--+------------------------------+-------+---------+---------+
       Total:                         4       0         0      
                                                               
    /Applications/ti/ccs2040/ccs/tools/compiler/ti-cgt-armllvm_4.0.4.LTS/lib/armv6m-ti-none-eabi/libclang_rt.builtins.a
       adddf3.S.obj                   418     0         0      
       divdf3.S.obj                   268     0         0      
       addsf3.S.obj                   248     0         0      
       muldf3.S.obj                   228     0         0      
       comparedf2.c.obj               220     0         0      
       udivmoddi4.S.obj               162     0         0      
       mulsf3.S.obj                   156     0         0      
       divsf3.S.obj                   130     0         0      
       comparesf2.S.obj               118     0         0      
       truncdfsf2.S.obj               116     0         0      
       aeabi_dcmp.S.obj               114     0         0      
       aeabi_fcmp.S.obj               98      0         0      
       aeabi_idivmod.S.obj            86      0         0      
       fixdfsi.S.obj                  74      0         0      
       aeabi_uidivmod.S.obj           64      0         0      
       extendsfdf2.S.obj              64      0         0      
       floatsisf.S.obj                60      0         0      
       muldsi3.S.obj                  58      0         0      
       fixsfsi.S.obj                  56      0         0      
       floatsidf.S.obj                44      0         0      
       floatunsisf.S.obj              40      0         0      
       muldi3.S.obj                   36      0         0      
       ashldi3.S.obj                  30      0         0      
       aeabi_memset.S.obj             26      0         0      
       aeabi_uldivmod.S.obj           20      0         0      
       aeabi_memcpy.S.obj             8       0         0      
       aeabi_div0.c.obj               4       0         0      
    +--+------------------------------+-------+---------+---------+
       Total:                         2946    0         0      
                                                               
    /Users/zanehensley/ti/mspm0_sdk_2_10_00_04/source/ti/driverlib/lib/ticlang/m0p/mspm0g1x0x_g3x0x/driverlib.a
       dl_timer.o                     280     0         0      
       dl_uart.o                      138     0         0      
       dl_common.o                    10      0         0      
    +--+------------------------------+-------+---------+---------+
       Total:                         428     0         0      
                                                               
       Stack:                         0       0         512    
       Linker Generated:              0       46        0      
    +--+------------------------------+-------+---------+---------+
       Grand Total:                   49292   1394      2225   


LINKER GENERATED COPY TABLES

__TI_cinit_table @ 0000c620 records: 2, size/record: 8, table size: 16
	.data: load addr=0000c60c, load size=0000000a bytes, run addr=2020069c, run size=00000017 bytes, compression=lzss
	.bss: load addr=0000c618, load size=00000008 bytes, run addr=20200000, run size=0000069a bytes, compression=zero_init


LINKER GENERATED HANDLER TABLE

__TI_handler_table @ 0000c600 records: 3, size/record: 4, table size: 12
	index: 0, handler: __TI_decompress_lzss
	index: 1, handler: __TI_decompress_none
	index: 2, handler: __TI_zero_init


FAR CALL TRAMPOLINES

callee name               trampoline name
   callee addr  tramp addr   call addr  call info
--------------  -----------  ---------  ----------------
__aeabi_dsub              $Tramp$TT$L$PI$$__aeabi_dsub
   0000873d     0000c080     0000c07e   libc.a : _printfi.c.obj (.text.OUTLINED_FUNCTION_0)
__aeabi_dcmpeq            $Tramp$TT$L$PI$$__aeabi_dcmpeq
   0000b31d     0000c0c0     0000c0be   libc.a : strtod.c.obj (.text.OUTLINED_FUNCTION_1)
__aeabi_fmul              $Tramp$TT$L$PI$$__aeabi_fmul
   0000ace9     0000c0f8     0000c0f4   libc.a : e_powf.c.obj (.text.OUTLINED_FUNCTION_1)
                             0000c150          : e_powf.c.obj (.text.OUTLINED_FUNCTION_0)
                             0000c158          : e_powf.c.obj (.text.OUTLINED_FUNCTION_7)
__aeabi_fadd              $Tramp$TT$L$PI$$__aeabi_fadd
   0000a257     0000c110     0000c10c   libc.a : e_powf.c.obj (.text.OUTLINED_FUNCTION_3)
                             0000c154          : e_powf.c.obj (.text.OUTLINED_FUNCTION_2)
                             0000c15c          : e_powf.c.obj (.text.OUTLINED_FUNCTION_8)
__aeabi_fsub              $Tramp$TT$L$PI$$__aeabi_fsub
   0000a24d     0000c128     0000c124   libc.a : e_powf.c.obj (.text.OUTLINED_FUNCTION_4)
                             0000c13c          : e_powf.c.obj (.text.OUTLINED_FUNCTION_5)
                             0000c142          : e_powf.c.obj (.text.OUTLINED_FUNCTION_6)

[5 trampolines]
[11 trampoline calls]


GLOBAL SYMBOLS: SORTED ALPHABETICALLY BY Name 

address   name                          
-------   ----                          
000088cf  ADC0_IRQHandler               
000088cf  ADC1_IRQHandler               
000088cf  AES_IRQHandler                
0000c14a  C$$EXIT                       
000088cf  CANFD0_IRQHandler             
000088cf  DAC0_IRQHandler               
0000c06d  DL_Common_delayCycles         
00009b29  DL_Timer_initTimerMode        
0000bec5  DL_Timer_setClockConfig       
0000b835  DL_UART_init                  
0000bfd5  DL_UART_setClockConfig        
0000bc2d  DL_UART_transmitDataBlocking  
000088cf  DMA_IRQHandler                
000088cf  Default_Handler               
000088cf  GROUP0_IRQHandler             
000088d1  GROUP1_IRQHandler             
0000c14b  HOSTexit                      
000088cf  HardFault_Handler             
000088cf  I2C0_IRQHandler               
000088cf  I2C1_IRQHandler               
000088cf  NMI_Handler                   
000088cf  PendSV_Handler                
000088cf  RTC_IRQHandler                
0000c15f  Reset_Handler                 
000088cf  SPI0_IRQHandler               
000088cf  SPI1_IRQHandler               
000088cf  SVC_Handler                   
00009295  SYSCFG_DL_GPIO_init           
0000bc5d  SYSCFG_DL_SYSCTL_init         
0000bbbd  SYSCFG_DL_TIMER_SCHED_init    
0000adfd  SYSCFG_DL_UART_DEBUG_init     
0000befd  SYSCFG_DL_init                
0000b991  SYSCFG_DL_initPower           
000088cf  SysTick_Handler               
000088cf  TIMA0_IRQHandler              
000088cf  TIMA1_IRQHandler              
0000bee1  TIMG0_IRQHandler              
000088cf  TIMG12_IRQHandler             
000088cf  TIMG6_IRQHandler              
000088cf  TIMG7_IRQHandler              
000088cf  TIMG8_IRQHandler              
000088cf  UART0_IRQHandler              
000088cf  UART1_IRQHandler              
000088cf  UART2_IRQHandler              
000088cf  UART3_IRQHandler              
20208000  __STACK_END                   
00000200  __STACK_SIZE                  
00000000  __TI_ATRegion0_region_sz      
00000000  __TI_ATRegion0_src_addr       
00000000  __TI_ATRegion0_trg_addr       
00000000  __TI_ATRegion1_region_sz      
00000000  __TI_ATRegion1_src_addr       
00000000  __TI_ATRegion1_trg_addr       
00000000  __TI_ATRegion2_region_sz      
00000000  __TI_ATRegion2_src_addr       
00000000  __TI_ATRegion2_trg_addr       
0000c620  __TI_CINIT_Base               
0000c630  __TI_CINIT_Limit              
0000c630  __TI_CINIT_Warm               
0000c600  __TI_Handler_Table_Base       
0000c60c  __TI_Handler_Table_Limit      
0000bb09  __TI_auto_init_nobinit_nopinit
0000af85  __TI_decompress_lzss          
0000bfe7  __TI_decompress_none          
0000b501  __TI_ltoa                     
ffffffff  __TI_pprof_out_hndl           
00001785  __TI_printfi                  
ffffffff  __TI_prof_data_size           
ffffffff  __TI_prof_data_start          
00000000  __TI_static_base__            
0000c019  __TI_zero_init                
00008747  __adddf3                      
0000a257  __addsf3                      
0000c170  __aeabi_ctype_table_          
0000c170  __aeabi_ctype_table_C         
0000b171  __aeabi_d2f                   
0000b7a1  __aeabi_d2iz                  
00008747  __aeabi_dadd                  
0000b31d  __aeabi_dcmpeq                
0000b359  __aeabi_dcmpge                
0000b36d  __aeabi_dcmpgt                
0000b345  __aeabi_dcmple                
0000b331  __aeabi_dcmplt                
00009811  __aeabi_ddiv                  
00009e05  __aeabi_dmul                  
0000873d  __aeabi_dsub                  
2020069c  __aeabi_errno                 
0000c0d1  __aeabi_errno_addr            
0000ba11  __aeabi_f2d                   
0000bbf5  __aeabi_f2iz                  
0000a257  __aeabi_fadd                  
0000b381  __aeabi_fcmpeq                
0000b3bd  __aeabi_fcmpge                
0000b3d1  __aeabi_fcmpgt                
0000b3a9  __aeabi_fcmple                
0000b395  __aeabi_fcmplt                
0000ae81  __aeabi_fdiv                  
0000ace9  __aeabi_fmul                  
0000a24d  __aeabi_fsub                  
0000bd1d  __aeabi_i2d                   
0000ba91  __aeabi_i2f                   
0000b661  __aeabi_idiv                  
0000916b  __aeabi_idiv0                 
0000b661  __aeabi_idivmod               
0000a70b  __aeabi_ldiv0                 
0000bea5  __aeabi_llsl                  
0000be39  __aeabi_lmul                  
0000c061  __aeabi_memclr                
0000c061  __aeabi_memclr4               
0000c061  __aeabi_memclr8               
0000c0d9  __aeabi_memcpy                
0000c0d9  __aeabi_memcpy4               
0000c0d9  __aeabi_memcpy8               
0000c029  __aeabi_memset                
0000c029  __aeabi_memset4               
0000c029  __aeabi_memset8               
0000bd49  __aeabi_ui2f                  
0000b9d1  __aeabi_uidiv                 
0000b9d1  __aeabi_uidivmod              
0000bf71  __aeabi_uldivmod              
0000bea5  __ashldi3                     
ffffffff  __binit__                     
0000b1e5  __cmpdf2                      
0000bb45  __cmpsf2                      
00009811  __divdf3                      
0000ae81  __divsf3                      
0000b1e5  __eqdf2                       
0000bb45  __eqsf2                       
0000ba11  __extendsfdf2                 
0000b7a1  __fixdfsi                     
0000bbf5  __fixsfsi                     
0000bd1d  __floatsidf                   
0000ba91  __floatsisf                   
0000bd49  __floatunsisf                 
0000b0f5  __gedf2                       
0000bacd  __gesf2                       
0000b0f5  __gtdf2                       
0000bacd  __gtsf2                       
0000b1e5  __ledf2                       
0000bb45  __lesf2                       
0000b1e5  __ltdf2                       
0000bb45  __ltsf2                       
UNDEFED   __mpu_init                    
00009e05  __muldf3                      
0000be39  __muldi3                      
0000bb81  __muldsi3                     
0000ace9  __mulsf3                      
0000b1e5  __nedf2                       
0000bb45  __nesf2                       
20207e00  __stack                       
20200000  __start___llvm_prf_bits       
20200000  __start___llvm_prf_cnts       
20200000  __stop___llvm_prf_bits        
20200000  __stop___llvm_prf_cnts        
0000873d  __subdf3                      
0000a24d  __subsf3                      
0000b171  __truncdfsf2                  
0000a9cd  __udivmoddi4                  
0000bde9  _c_int00_noargs               
UNDEFED   _system_post_cinit            
0000c163  _system_pre_init              
0000c145  abort                         
0000ba51  atoi                          
ffffffff  binit                         
0000316d  bme68x_get_data               
0000a7c5  bme68x_get_meas_dur           
0000a589  bme68x_get_op_mode            
0000a64b  bme68x_get_regs               
000067ad  bme68x_init                   
0000858d  bme68x_set_conf               
0000379d  bme68x_set_heatr_conf         
0000991d  bme68x_set_op_mode            
00004ced  bme68x_set_regs               
0000ad75  bme68x_soft_reset             
000000c1  disk_initialize               
00007311  disk_ioctl                    
00007a11  disk_read                     
0000bf85  disk_status                   
00002155  disk_write                    
0000b445  f_mount                       
0000706d  f_open                        
00009fc5  f_sync                        
00007c25  f_write                       
0000b4a5  frexp                         
0000b4a5  frexpl                        
0000c0e1  get_fattime                   
0000b07b  hab_app_bootstrap             
0000bf45  hab_app_init                  
0000c037  hab_app_on_gps_byte           
00006ad5  hab_app_on_tick               
0000aa6f  hab_app_runtime               
0000a70d  hab_bme680_init               
0000a929  hab_bme680_sample             
0000a4c5  hab_format_lora_csv           
000095ed  hab_format_sd_csv             
00005cfd  hab_gps_parser_consume        
0000c09b  hab_gps_parser_init           
0000b94f  hab_low_pass_filter           
0000b5b1  hab_platform_init_mspm0_ccs   
0000b709  hab_pressure_altitude_m       
0000af05  hab_sd_fatfs_append_line      
0000bdc1  hab_sd_fatfs_flush            
0000b609  hab_sd_fatfs_init             
0000bf2d  hab_state_name                
00006099  hab_sx1276_init               
0000758d  hab_sx1276_send               
00000000  interruptVectors              
0000a175  ldexp                         
0000a879  ldexpf                        
0000a175  ldexpl                        
000047fd  main                          
0000be81  memccpy                       
0000ac4d  memcpy                        
0000b3e3  memset                        
00002ab5  powf                          
0000a175  scalbn                        
0000a879  scalbnf                       
0000a175  scalbnl                       
0000b755  snprintf                      
0000aa71  sqrtf                         
0000be5d  strcspn                       
0000be11  strspn                        
00005945  strtod                        
0000b87d  strtok                        
00005945  strtold                       
00008f15  strtoul                       
0000c009  wcslen                        


GLOBAL SYMBOLS: SORTED BY Symbol Address 

address   name                          
-------   ----                          
00000000  __TI_ATRegion0_region_sz      
00000000  __TI_ATRegion0_src_addr       
00000000  __TI_ATRegion0_trg_addr       
00000000  __TI_ATRegion1_region_sz      
00000000  __TI_ATRegion1_src_addr       
00000000  __TI_ATRegion1_trg_addr       
00000000  __TI_ATRegion2_region_sz      
00000000  __TI_ATRegion2_src_addr       
00000000  __TI_ATRegion2_trg_addr       
00000000  __TI_static_base__            
00000000  interruptVectors              
000000c1  disk_initialize               
00000200  __STACK_SIZE                  
00001785  __TI_printfi                  
00002155  disk_write                    
00002ab5  powf                          
0000316d  bme68x_get_data               
0000379d  bme68x_set_heatr_conf         
000047fd  main                          
00004ced  bme68x_set_regs               
00005945  strtod                        
00005945  strtold                       
00005cfd  hab_gps_parser_consume        
00006099  hab_sx1276_init               
000067ad  bme68x_init                   
00006ad5  hab_app_on_tick               
0000706d  f_open                        
00007311  disk_ioctl                    
0000758d  hab_sx1276_send               
00007a11  disk_read                     
00007c25  f_write                       
0000858d  bme68x_set_conf               
0000873d  __aeabi_dsub                  
0000873d  __subdf3                      
00008747  __adddf3                      
00008747  __aeabi_dadd                  
000088cf  ADC0_IRQHandler               
000088cf  ADC1_IRQHandler               
000088cf  AES_IRQHandler                
000088cf  CANFD0_IRQHandler             
000088cf  DAC0_IRQHandler               
000088cf  DMA_IRQHandler                
000088cf  Default_Handler               
000088cf  GROUP0_IRQHandler             
000088cf  HardFault_Handler             
000088cf  I2C0_IRQHandler               
000088cf  I2C1_IRQHandler               
000088cf  NMI_Handler                   
000088cf  PendSV_Handler                
000088cf  RTC_IRQHandler                
000088cf  SPI0_IRQHandler               
000088cf  SPI1_IRQHandler               
000088cf  SVC_Handler                   
000088cf  SysTick_Handler               
000088cf  TIMA0_IRQHandler              
000088cf  TIMA1_IRQHandler              
000088cf  TIMG12_IRQHandler             
000088cf  TIMG6_IRQHandler              
000088cf  TIMG7_IRQHandler              
000088cf  TIMG8_IRQHandler              
000088cf  UART0_IRQHandler              
000088cf  UART1_IRQHandler              
000088cf  UART2_IRQHandler              
000088cf  UART3_IRQHandler              
000088d1  GROUP1_IRQHandler             
00008f15  strtoul                       
0000916b  __aeabi_idiv0                 
00009295  SYSCFG_DL_GPIO_init           
000095ed  hab_format_sd_csv             
00009811  __aeabi_ddiv                  
00009811  __divdf3                      
0000991d  bme68x_set_op_mode            
00009b29  DL_Timer_initTimerMode        
00009e05  __aeabi_dmul                  
00009e05  __muldf3                      
00009fc5  f_sync                        
0000a175  ldexp                         
0000a175  ldexpl                        
0000a175  scalbn                        
0000a175  scalbnl                       
0000a24d  __aeabi_fsub                  
0000a24d  __subsf3                      
0000a257  __addsf3                      
0000a257  __aeabi_fadd                  
0000a4c5  hab_format_lora_csv           
0000a589  bme68x_get_op_mode            
0000a64b  bme68x_get_regs               
0000a70b  __aeabi_ldiv0                 
0000a70d  hab_bme680_init               
0000a7c5  bme68x_get_meas_dur           
0000a879  ldexpf                        
0000a879  scalbnf                       
0000a929  hab_bme680_sample             
0000a9cd  __udivmoddi4                  
0000aa6f  hab_app_runtime               
0000aa71  sqrtf                         
0000ac4d  memcpy                        
0000ace9  __aeabi_fmul                  
0000ace9  __mulsf3                      
0000ad75  bme68x_soft_reset             
0000adfd  SYSCFG_DL_UART_DEBUG_init     
0000ae81  __aeabi_fdiv                  
0000ae81  __divsf3                      
0000af05  hab_sd_fatfs_append_line      
0000af85  __TI_decompress_lzss          
0000b07b  hab_app_bootstrap             
0000b0f5  __gedf2                       
0000b0f5  __gtdf2                       
0000b171  __aeabi_d2f                   
0000b171  __truncdfsf2                  
0000b1e5  __cmpdf2                      
0000b1e5  __eqdf2                       
0000b1e5  __ledf2                       
0000b1e5  __ltdf2                       
0000b1e5  __nedf2                       
0000b31d  __aeabi_dcmpeq                
0000b331  __aeabi_dcmplt                
0000b345  __aeabi_dcmple                
0000b359  __aeabi_dcmpge                
0000b36d  __aeabi_dcmpgt                
0000b381  __aeabi_fcmpeq                
0000b395  __aeabi_fcmplt                
0000b3a9  __aeabi_fcmple                
0000b3bd  __aeabi_fcmpge                
0000b3d1  __aeabi_fcmpgt                
0000b3e3  memset                        
0000b445  f_mount                       
0000b4a5  frexp                         
0000b4a5  frexpl                        
0000b501  __TI_ltoa                     
0000b5b1  hab_platform_init_mspm0_ccs   
0000b609  hab_sd_fatfs_init             
0000b661  __aeabi_idiv                  
0000b661  __aeabi_idivmod               
0000b709  hab_pressure_altitude_m       
0000b755  snprintf                      
0000b7a1  __aeabi_d2iz                  
0000b7a1  __fixdfsi                     
0000b835  DL_UART_init                  
0000b87d  strtok                        
0000b94f  hab_low_pass_filter           
0000b991  SYSCFG_DL_initPower           
0000b9d1  __aeabi_uidiv                 
0000b9d1  __aeabi_uidivmod              
0000ba11  __aeabi_f2d                   
0000ba11  __extendsfdf2                 
0000ba51  atoi                          
0000ba91  __aeabi_i2f                   
0000ba91  __floatsisf                   
0000bacd  __gesf2                       
0000bacd  __gtsf2                       
0000bb09  __TI_auto_init_nobinit_nopinit
0000bb45  __cmpsf2                      
0000bb45  __eqsf2                       
0000bb45  __lesf2                       
0000bb45  __ltsf2                       
0000bb45  __nesf2                       
0000bb81  __muldsi3                     
0000bbbd  SYSCFG_DL_TIMER_SCHED_init    
0000bbf5  __aeabi_f2iz                  
0000bbf5  __fixsfsi                     
0000bc2d  DL_UART_transmitDataBlocking  
0000bc5d  SYSCFG_DL_SYSCTL_init         
0000bd1d  __aeabi_i2d                   
0000bd1d  __floatsidf                   
0000bd49  __aeabi_ui2f                  
0000bd49  __floatunsisf                 
0000bdc1  hab_sd_fatfs_flush            
0000bde9  _c_int00_noargs               
0000be11  strspn                        
0000be39  __aeabi_lmul                  
0000be39  __muldi3                      
0000be5d  strcspn                       
0000be81  memccpy                       
0000bea5  __aeabi_llsl                  
0000bea5  __ashldi3                     
0000bec5  DL_Timer_setClockConfig       
0000bee1  TIMG0_IRQHandler              
0000befd  SYSCFG_DL_init                
0000bf2d  hab_state_name                
0000bf45  hab_app_init                  
0000bf71  __aeabi_uldivmod              
0000bf85  disk_status                   
0000bfd5  DL_UART_setClockConfig        
0000bfe7  __TI_decompress_none          
0000c009  wcslen                        
0000c019  __TI_zero_init                
0000c029  __aeabi_memset                
0000c029  __aeabi_memset4               
0000c029  __aeabi_memset8               
0000c037  hab_app_on_gps_byte           
0000c061  __aeabi_memclr                
0000c061  __aeabi_memclr4               
0000c061  __aeabi_memclr8               
0000c06d  DL_Common_delayCycles         
0000c09b  hab_gps_parser_init           
0000c0d1  __aeabi_errno_addr            
0000c0d9  __aeabi_memcpy                
0000c0d9  __aeabi_memcpy4               
0000c0d9  __aeabi_memcpy8               
0000c0e1  get_fattime                   
0000c145  abort                         
0000c14a  C$$EXIT                       
0000c14b  HOSTexit                      
0000c15f  Reset_Handler                 
0000c163  _system_pre_init              
0000c170  __aeabi_ctype_table_          
0000c170  __aeabi_ctype_table_C         
0000c600  __TI_Handler_Table_Base       
0000c60c  __TI_Handler_Table_Limit      
0000c620  __TI_CINIT_Base               
0000c630  __TI_CINIT_Limit              
0000c630  __TI_CINIT_Warm               
20200000  __start___llvm_prf_bits       
20200000  __start___llvm_prf_cnts       
20200000  __stop___llvm_prf_bits        
20200000  __stop___llvm_prf_cnts        
2020069c  __aeabi_errno                 
20207e00  __stack                       
20208000  __STACK_END                   
ffffffff  __TI_pprof_out_hndl           
ffffffff  __TI_prof_data_size           
ffffffff  __TI_prof_data_start          
ffffffff  __binit__                     
ffffffff  binit                         
UNDEFED   __mpu_init                    
UNDEFED   _system_post_cinit            

[227 symbols]
