<?xml version="1.0" encoding="ISO-8859-1" ?>
<link_info>
   <banner>TI ARM Clang Linker Unix v4.0.4.LTS</banner>
   <copyright>Copyright (c) 1996-2018 Texas Instruments Incorporated</copyright>
   <command_line>/Applications/ti/ccs2040/ccs/tools/compiler/ti-cgt-armllvm_4.0.4.LTS/bin/tiarmlnk -I/Applications/ti/ccs2040/ccs/tools/compiler/ti-cgt-armllvm_4.0.4.LTS/lib -o hab-v2.out -mhab-v2.map -i/Users/zanehensley/ti/mspm0_sdk_2_10_00_04/source -i/Users/zanehensley/code/classes/classelec327/high_altitude_balloon/firmware -i/Users/zanehensley/code/classes/classelec327/high_altitude_balloon/firmware/Debug/syscfg -i/Applications/ti/ccs2040/ccs/tools/compiler/ti-cgt-armllvm_4.0.4.LTS/lib --diag_wrap=off --display_error_number --warn_sections --xml_link_info=hab-v2_linkInfo.xml --rom_model ./empty.o ./ti_msp_dl_config.o ./startup_mspm0g350x_ticlang.o ./src/hab_app.o ./src/hab_bme680.o ./src/hab_gps.o ./src/hab_lora_sx1276.o ./src/hab_math.o ./src/hab_protocol.o ./src/hab_sd_fatfs.o ./src/main.o ./src/platform_stub.o ./src/platform/diskio_mspm0.o ./src/platform/platform_mspm0_ccs.o ./third_party/bme68x/bme68x.o ./third_party/fatfs/source/ff.o ./third_party/fatfs/source/ffsystem.o ./third_party/fatfs/source/ffunicode.o -l./device_linker.cmd -ldevice.cmd.genlibs -llibc.a --start-group -llibc++.a -llibc++abi.a -llibc.a -llibsys.a -llibsysbm.a -llibclang_rt.builtins.a -llibclang_rt.profile.a --end-group --cg_opt_level=2</command_line>
   <link_time>0x69cc1dcd</link_time>
   <link_errors>0x0</link_errors>
   <output_file>/Users/zanehensley/code/classes/classelec327/high_altitude_balloon/firmware/Debug/hab-v2.out</output_file>
   <entry_point>
      <name>_c_int00_noargs</name>
      <address>0xbde9</address>
   </entry_point>
   <input_file_list>
      <input_file id="fl-1">
         <path>/Users/zanehensley/code/classes/classelec327/high_altitude_balloon/firmware/Debug/./</path>
         <kind>object</kind>
         <file>empty.o</file>
         <name>empty.o</name>
      </input_file>
      <input_file id="fl-2">
         <path>/Users/zanehensley/code/classes/classelec327/high_altitude_balloon/firmware/Debug/./</path>
         <kind>object</kind>
         <file>ti_msp_dl_config.o</file>
         <name>ti_msp_dl_config.o</name>
      </input_file>
      <input_file id="fl-3">
         <path>/Users/zanehensley/code/classes/classelec327/high_altitude_balloon/firmware/Debug/./</path>
         <kind>object</kind>
         <file>startup_mspm0g350x_ticlang.o</file>
         <name>startup_mspm0g350x_ticlang.o</name>
      </input_file>
      <input_file id="fl-4">
         <path>/Users/zanehensley/code/classes/classelec327/high_altitude_balloon/firmware/Debug/./src/</path>
         <kind>object</kind>
         <file>hab_app.o</file>
         <name>hab_app.o</name>
      </input_file>
      <input_file id="fl-5">
         <path>/Users/zanehensley/code/classes/classelec327/high_altitude_balloon/firmware/Debug/./src/</path>
         <kind>object</kind>
         <file>hab_bme680.o</file>
         <name>hab_bme680.o</name>
      </input_file>
      <input_file id="fl-6">
         <path>/Users/zanehensley/code/classes/classelec327/high_altitude_balloon/firmware/Debug/./src/</path>
         <kind>object</kind>
         <file>hab_gps.o</file>
         <name>hab_gps.o</name>
      </input_file>
      <input_file id="fl-7">
         <path>/Users/zanehensley/code/classes/classelec327/high_altitude_balloon/firmware/Debug/./src/</path>
         <kind>object</kind>
         <file>hab_lora_sx1276.o</file>
         <name>hab_lora_sx1276.o</name>
      </input_file>
      <input_file id="fl-8">
         <path>/Users/zanehensley/code/classes/classelec327/high_altitude_balloon/firmware/Debug/./src/</path>
         <kind>object</kind>
         <file>hab_math.o</file>
         <name>hab_math.o</name>
      </input_file>
      <input_file id="fl-9">
         <path>/Users/zanehensley/code/classes/classelec327/high_altitude_balloon/firmware/Debug/./src/</path>
         <kind>object</kind>
         <file>hab_protocol.o</file>
         <name>hab_protocol.o</name>
      </input_file>
      <input_file id="fl-a">
         <path>/Users/zanehensley/code/classes/classelec327/high_altitude_balloon/firmware/Debug/./src/</path>
         <kind>object</kind>
         <file>hab_sd_fatfs.o</file>
         <name>hab_sd_fatfs.o</name>
      </input_file>
      <input_file id="fl-b">
         <path>/Users/zanehensley/code/classes/classelec327/high_altitude_balloon/firmware/Debug/./src/</path>
         <kind>object</kind>
         <file>main.o</file>
         <name>main.o</name>
      </input_file>
      <input_file id="fl-c">
         <path>/Users/zanehensley/code/classes/classelec327/high_altitude_balloon/firmware/Debug/./src/</path>
         <kind>object</kind>
         <file>platform_stub.o</file>
         <name>platform_stub.o</name>
      </input_file>
      <input_file id="fl-d">
         <path>/Users/zanehensley/code/classes/classelec327/high_altitude_balloon/firmware/Debug/./src/platform/</path>
         <kind>object</kind>
         <file>diskio_mspm0.o</file>
         <name>diskio_mspm0.o</name>
      </input_file>
      <input_file id="fl-e">
         <path>/Users/zanehensley/code/classes/classelec327/high_altitude_balloon/firmware/Debug/./src/platform/</path>
         <kind>object</kind>
         <file>platform_mspm0_ccs.o</file>
         <name>platform_mspm0_ccs.o</name>
      </input_file>
      <input_file id="fl-f">
         <path>/Users/zanehensley/code/classes/classelec327/high_altitude_balloon/firmware/Debug/./third_party/bme68x/</path>
         <kind>object</kind>
         <file>bme68x.o</file>
         <name>bme68x.o</name>
      </input_file>
      <input_file id="fl-10">
         <path>/Users/zanehensley/code/classes/classelec327/high_altitude_balloon/firmware/Debug/./third_party/fatfs/source/</path>
         <kind>object</kind>
         <file>ff.o</file>
         <name>ff.o</name>
      </input_file>
      <input_file id="fl-11">
         <path>/Users/zanehensley/code/classes/classelec327/high_altitude_balloon/firmware/Debug/./third_party/fatfs/source/</path>
         <kind>object</kind>
         <file>ffsystem.o</file>
         <name>ffsystem.o</name>
      </input_file>
      <input_file id="fl-12">
         <path>/Users/zanehensley/code/classes/classelec327/high_altitude_balloon/firmware/Debug/./third_party/fatfs/source/</path>
         <kind>object</kind>
         <file>ffunicode.o</file>
         <name>ffunicode.o</name>
      </input_file>
      <input_file id="fl-1f">
         <path>/Users/zanehensley/code/classes/classelec327/high_altitude_balloon/firmware/Debug/</path>
         <kind>object</kind>
         <file>&lt;internal&gt;</file>
         <name>&lt;internal&gt;</name>
      </input_file>
      <input_file id="fl-20">
         <path>/Users/zanehensley/ti/mspm0_sdk_2_10_00_04/source/ti/driverlib/lib/ticlang/m0p/mspm0g1x0x_g3x0x/</path>
         <kind>archive</kind>
         <file>driverlib.a</file>
         <name>dl_common.o</name>
      </input_file>
      <input_file id="fl-21">
         <path>/Users/zanehensley/ti/mspm0_sdk_2_10_00_04/source/ti/driverlib/lib/ticlang/m0p/mspm0g1x0x_g3x0x/</path>
         <kind>archive</kind>
         <file>driverlib.a</file>
         <name>dl_timer.o</name>
      </input_file>
      <input_file id="fl-22">
         <path>/Users/zanehensley/ti/mspm0_sdk_2_10_00_04/source/ti/driverlib/lib/ticlang/m0p/mspm0g1x0x_g3x0x/</path>
         <kind>archive</kind>
         <file>driverlib.a</file>
         <name>dl_uart.o</name>
      </input_file>
      <input_file id="fl-39">
         <path>/Applications/ti/ccs2040/ccs/tools/compiler/ti-cgt-armllvm_4.0.4.LTS/lib/armv6m-ti-none-eabi/c/</path>
         <kind>archive</kind>
         <file>libc.a</file>
         <name>e_powf.c.obj</name>
      </input_file>
      <input_file id="fl-3a">
         <path>/Applications/ti/ccs2040/ccs/tools/compiler/ti-cgt-armllvm_4.0.4.LTS/lib/armv6m-ti-none-eabi/c/</path>
         <kind>archive</kind>
         <file>libc.a</file>
         <name>e_sqrtf.c.obj</name>
      </input_file>
      <input_file id="fl-3b">
         <path>/Applications/ti/ccs2040/ccs/tools/compiler/ti-cgt-armllvm_4.0.4.LTS/lib/armv6m-ti-none-eabi/c/</path>
         <kind>archive</kind>
         <file>libc.a</file>
         <name>s_scalbnf.c.obj</name>
      </input_file>
      <input_file id="fl-3c">
         <path>/Applications/ti/ccs2040/ccs/tools/compiler/ti-cgt-armllvm_4.0.4.LTS/lib/armv6m-ti-none-eabi/c/</path>
         <kind>archive</kind>
         <file>libc.a</file>
         <name>snprintf.c.obj</name>
      </input_file>
      <input_file id="fl-3d">
         <path>/Applications/ti/ccs2040/ccs/tools/compiler/ti-cgt-armllvm_4.0.4.LTS/lib/armv6m-ti-none-eabi/c/</path>
         <kind>archive</kind>
         <file>libc.a</file>
         <name>aeabi_portable.c.obj</name>
      </input_file>
      <input_file id="fl-3e">
         <path>/Applications/ti/ccs2040/ccs/tools/compiler/ti-cgt-armllvm_4.0.4.LTS/lib/armv6m-ti-none-eabi/c/</path>
         <kind>archive</kind>
         <file>libc.a</file>
         <name>assert.c.obj</name>
      </input_file>
      <input_file id="fl-3f">
         <path>/Applications/ti/ccs2040/ccs/tools/compiler/ti-cgt-armllvm_4.0.4.LTS/lib/armv6m-ti-none-eabi/c/</path>
         <kind>archive</kind>
         <file>libc.a</file>
         <name>defs.c.obj</name>
      </input_file>
      <input_file id="fl-40">
         <path>/Applications/ti/ccs2040/ccs/tools/compiler/ti-cgt-armllvm_4.0.4.LTS/lib/armv6m-ti-none-eabi/c/</path>
         <kind>archive</kind>
         <file>libc.a</file>
         <name>memory.c.obj</name>
      </input_file>
      <input_file id="fl-41">
         <path>/Applications/ti/ccs2040/ccs/tools/compiler/ti-cgt-armllvm_4.0.4.LTS/lib/armv6m-ti-none-eabi/c/</path>
         <kind>archive</kind>
         <file>libc.a</file>
         <name>strtod.c.obj</name>
      </input_file>
      <input_file id="fl-42">
         <path>/Applications/ti/ccs2040/ccs/tools/compiler/ti-cgt-armllvm_4.0.4.LTS/lib/armv6m-ti-none-eabi/c/</path>
         <kind>archive</kind>
         <file>libc.a</file>
         <name>strtok.c.obj</name>
      </input_file>
      <input_file id="fl-43">
         <path>/Applications/ti/ccs2040/ccs/tools/compiler/ti-cgt-armllvm_4.0.4.LTS/lib/armv6m-ti-none-eabi/c/</path>
         <kind>archive</kind>
         <file>libc.a</file>
         <name>strtoul.c.obj</name>
      </input_file>
      <input_file id="fl-44">
         <path>/Applications/ti/ccs2040/ccs/tools/compiler/ti-cgt-armllvm_4.0.4.LTS/lib/armv6m-ti-none-eabi/c/</path>
         <kind>archive</kind>
         <file>libc.a</file>
         <name>boot_cortex_m.c.obj</name>
      </input_file>
      <input_file id="fl-45">
         <path>/Applications/ti/ccs2040/ccs/tools/compiler/ti-cgt-armllvm_4.0.4.LTS/lib/armv6m-ti-none-eabi/c/</path>
         <kind>archive</kind>
         <file>libc.a</file>
         <name>mathacl_init.c.obj</name>
      </input_file>
      <input_file id="fl-46">
         <path>/Applications/ti/ccs2040/ccs/tools/compiler/ti-cgt-armllvm_4.0.4.LTS/lib/armv6m-ti-none-eabi/c/</path>
         <kind>archive</kind>
         <file>libc.a</file>
         <name>autoinit.c.obj</name>
      </input_file>
      <input_file id="fl-47">
         <path>/Applications/ti/ccs2040/ccs/tools/compiler/ti-cgt-armllvm_4.0.4.LTS/lib/armv6m-ti-none-eabi/c/</path>
         <kind>archive</kind>
         <file>libc.a</file>
         <name>pre_init.c.obj</name>
      </input_file>
      <input_file id="fl-48">
         <path>/Applications/ti/ccs2040/ccs/tools/compiler/ti-cgt-armllvm_4.0.4.LTS/lib/armv6m-ti-none-eabi/c/</path>
         <kind>archive</kind>
         <file>libc.a</file>
         <name>cpy_tbl.c.obj</name>
      </input_file>
      <input_file id="fl-49">
         <path>/Applications/ti/ccs2040/ccs/tools/compiler/ti-cgt-armllvm_4.0.4.LTS/lib/armv6m-ti-none-eabi/c/</path>
         <kind>archive</kind>
         <file>libc.a</file>
         <name>copy_zero_init.c.obj</name>
      </input_file>
      <input_file id="fl-4a">
         <path>/Applications/ti/ccs2040/ccs/tools/compiler/ti-cgt-armllvm_4.0.4.LTS/lib/armv6m-ti-none-eabi/c/</path>
         <kind>archive</kind>
         <file>libc.a</file>
         <name>copy_decompress_none.c.obj</name>
      </input_file>
      <input_file id="fl-4b">
         <path>/Applications/ti/ccs2040/ccs/tools/compiler/ti-cgt-armllvm_4.0.4.LTS/lib/armv6m-ti-none-eabi/c/</path>
         <kind>archive</kind>
         <file>libc.a</file>
         <name>copy_decompress_lzss.c.obj</name>
      </input_file>
      <input_file id="fl-4c">
         <path>/Applications/ti/ccs2040/ccs/tools/compiler/ti-cgt-armllvm_4.0.4.LTS/lib/armv6m-ti-none-eabi/c/</path>
         <kind>archive</kind>
         <file>libc.a</file>
         <name>s_scalbn.c.obj</name>
      </input_file>
      <input_file id="fl-4d">
         <path>/Applications/ti/ccs2040/ccs/tools/compiler/ti-cgt-armllvm_4.0.4.LTS/lib/armv6m-ti-none-eabi/c/</path>
         <kind>archive</kind>
         <file>libc.a</file>
         <name>_printfi.c.obj</name>
      </input_file>
      <input_file id="fl-4e">
         <path>/Applications/ti/ccs2040/ccs/tools/compiler/ti-cgt-armllvm_4.0.4.LTS/lib/armv6m-ti-none-eabi/c/</path>
         <kind>archive</kind>
         <file>libc.a</file>
         <name>sprintf.c.obj</name>
      </input_file>
      <input_file id="fl-4f">
         <path>/Applications/ti/ccs2040/ccs/tools/compiler/ti-cgt-armllvm_4.0.4.LTS/lib/armv6m-ti-none-eabi/c/</path>
         <kind>archive</kind>
         <file>libc.a</file>
         <name>fflush.c.obj</name>
      </input_file>
      <input_file id="fl-50">
         <path>/Applications/ti/ccs2040/ccs/tools/compiler/ti-cgt-armllvm_4.0.4.LTS/lib/armv6m-ti-none-eabi/c/</path>
         <kind>archive</kind>
         <file>libc.a</file>
         <name>fputs.c.obj</name>
      </input_file>
      <input_file id="fl-51">
         <path>/Applications/ti/ccs2040/ccs/tools/compiler/ti-cgt-armllvm_4.0.4.LTS/lib/armv6m-ti-none-eabi/c/</path>
         <kind>archive</kind>
         <file>libc.a</file>
         <name>_io_perm.c.obj</name>
      </input_file>
      <input_file id="fl-52">
         <path>/Applications/ti/ccs2040/ccs/tools/compiler/ti-cgt-armllvm_4.0.4.LTS/lib/armv6m-ti-none-eabi/c/</path>
         <kind>archive</kind>
         <file>libc.a</file>
         <name>setvbuf.c.obj</name>
      </input_file>
      <input_file id="fl-53">
         <path>/Applications/ti/ccs2040/ccs/tools/compiler/ti-cgt-armllvm_4.0.4.LTS/lib/armv6m-ti-none-eabi/c/</path>
         <kind>archive</kind>
         <file>libc.a</file>
         <name>aeabi_ctype.S.obj</name>
      </input_file>
      <input_file id="fl-54">
         <path>/Applications/ti/ccs2040/ccs/tools/compiler/ti-cgt-armllvm_4.0.4.LTS/lib/armv6m-ti-none-eabi/c/</path>
         <kind>archive</kind>
         <file>libc.a</file>
         <name>exit.c.obj</name>
      </input_file>
      <input_file id="fl-55">
         <path>/Applications/ti/ccs2040/ccs/tools/compiler/ti-cgt-armllvm_4.0.4.LTS/lib/armv6m-ti-none-eabi/c/</path>
         <kind>archive</kind>
         <file>libc.a</file>
         <name>_lock.c.obj</name>
      </input_file>
      <input_file id="fl-56">
         <path>/Applications/ti/ccs2040/ccs/tools/compiler/ti-cgt-armllvm_4.0.4.LTS/lib/armv6m-ti-none-eabi/c/</path>
         <kind>archive</kind>
         <file>libc.a</file>
         <name>_ltoa.c.obj</name>
      </input_file>
      <input_file id="fl-57">
         <path>/Applications/ti/ccs2040/ccs/tools/compiler/ti-cgt-armllvm_4.0.4.LTS/lib/armv6m-ti-none-eabi/c/</path>
         <kind>archive</kind>
         <file>libc.a</file>
         <name>args_main.c.obj</name>
      </input_file>
      <input_file id="fl-58">
         <path>/Applications/ti/ccs2040/ccs/tools/compiler/ti-cgt-armllvm_4.0.4.LTS/lib/armv6m-ti-none-eabi/c/</path>
         <kind>archive</kind>
         <file>libc.a</file>
         <name>atoi.c.obj</name>
      </input_file>
      <input_file id="fl-59">
         <path>/Applications/ti/ccs2040/ccs/tools/compiler/ti-cgt-armllvm_4.0.4.LTS/lib/armv6m-ti-none-eabi/c/</path>
         <kind>archive</kind>
         <file>libc.a</file>
         <name>memccpy.c.obj</name>
      </input_file>
      <input_file id="fl-5a">
         <path>/Applications/ti/ccs2040/ccs/tools/compiler/ti-cgt-armllvm_4.0.4.LTS/lib/armv6m-ti-none-eabi/c/</path>
         <kind>archive</kind>
         <file>libc.a</file>
         <name>strcspn.c.obj</name>
      </input_file>
      <input_file id="fl-5b">
         <path>/Applications/ti/ccs2040/ccs/tools/compiler/ti-cgt-armllvm_4.0.4.LTS/lib/armv6m-ti-none-eabi/c/</path>
         <kind>archive</kind>
         <file>libc.a</file>
         <name>strspn.c.obj</name>
      </input_file>
      <input_file id="fl-5c">
         <path>/Applications/ti/ccs2040/ccs/tools/compiler/ti-cgt-armllvm_4.0.4.LTS/lib/armv6m-ti-none-eabi/c/</path>
         <kind>archive</kind>
         <file>libc.a</file>
         <name>s_frexp.c.obj</name>
      </input_file>
      <input_file id="fl-5d">
         <path>/Applications/ti/ccs2040/ccs/tools/compiler/ti-cgt-armllvm_4.0.4.LTS/lib/armv6m-ti-none-eabi/c/</path>
         <kind>archive</kind>
         <file>libc.a</file>
         <name>wcslen.c.obj</name>
      </input_file>
      <input_file id="fl-5e">
         <path>/Applications/ti/ccs2040/ccs/tools/compiler/ti-cgt-armllvm_4.0.4.LTS/lib/armv6m-ti-none-eabi/c/</path>
         <kind>archive</kind>
         <file>libc.a</file>
         <name>fopen.c.obj</name>
      </input_file>
      <input_file id="fl-5f">
         <path>/Applications/ti/ccs2040/ccs/tools/compiler/ti-cgt-armllvm_4.0.4.LTS/lib/armv6m-ti-none-eabi/c/</path>
         <kind>archive</kind>
         <file>libc.a</file>
         <name>fseek.c.obj</name>
      </input_file>
      <input_file id="fl-60">
         <path>/Applications/ti/ccs2040/ccs/tools/compiler/ti-cgt-armllvm_4.0.4.LTS/lib/armv6m-ti-none-eabi/c/</path>
         <kind>archive</kind>
         <file>libc.a</file>
         <name>fclose.c.obj</name>
      </input_file>
      <input_file id="fl-100">
         <path>/Applications/ti/ccs2040/ccs/tools/compiler/ti-cgt-armllvm_4.0.4.LTS/lib/armv6m-ti-none-eabi/c/</path>
         <kind>archive</kind>
         <file>libsysbm.a</file>
         <name>hostexit.c.obj</name>
      </input_file>
      <input_file id="fl-101">
         <path>/Applications/ti/ccs2040/ccs/tools/compiler/ti-cgt-armllvm_4.0.4.LTS/lib/armv6m-ti-none-eabi/c/</path>
         <kind>archive</kind>
         <file>libsysbm.a</file>
         <name>write.c.obj</name>
      </input_file>
      <input_file id="fl-102">
         <path>/Applications/ti/ccs2040/ccs/tools/compiler/ti-cgt-armllvm_4.0.4.LTS/lib/armv6m-ti-none-eabi/c/</path>
         <kind>archive</kind>
         <file>libsysbm.a</file>
         <name>host_device.c.obj</name>
      </input_file>
      <input_file id="fl-103">
         <path>/Applications/ti/ccs2040/ccs/tools/compiler/ti-cgt-armllvm_4.0.4.LTS/lib/armv6m-ti-none-eabi/c/</path>
         <kind>archive</kind>
         <file>libsysbm.a</file>
         <name>remove.c.obj</name>
      </input_file>
      <input_file id="fl-104">
         <path>/Applications/ti/ccs2040/ccs/tools/compiler/ti-cgt-armllvm_4.0.4.LTS/lib/armv6m-ti-none-eabi/c/</path>
         <kind>archive</kind>
         <file>libsysbm.a</file>
         <name>open.c.obj</name>
      </input_file>
      <input_file id="fl-105">
         <path>/Applications/ti/ccs2040/ccs/tools/compiler/ti-cgt-armllvm_4.0.4.LTS/lib/armv6m-ti-none-eabi/c/</path>
         <kind>archive</kind>
         <file>libsysbm.a</file>
         <name>lseek.c.obj</name>
      </input_file>
      <input_file id="fl-106">
         <path>/Applications/ti/ccs2040/ccs/tools/compiler/ti-cgt-armllvm_4.0.4.LTS/lib/armv6m-ti-none-eabi/c/</path>
         <kind>archive</kind>
         <file>libsysbm.a</file>
         <name>close.c.obj</name>
      </input_file>
      <input_file id="fl-107">
         <path>/Applications/ti/ccs2040/ccs/tools/compiler/ti-cgt-armllvm_4.0.4.LTS/lib/armv6m-ti-none-eabi/c/</path>
         <kind>archive</kind>
         <file>libsysbm.a</file>
         <name>unlink.c.obj</name>
      </input_file>
      <input_file id="fl-108">
         <path>/Applications/ti/ccs2040/ccs/tools/compiler/ti-cgt-armllvm_4.0.4.LTS/lib/armv6m-ti-none-eabi/c/</path>
         <kind>archive</kind>
         <file>libsysbm.a</file>
         <name>hostclose.c.obj</name>
      </input_file>
      <input_file id="fl-109">
         <path>/Applications/ti/ccs2040/ccs/tools/compiler/ti-cgt-armllvm_4.0.4.LTS/lib/armv6m-ti-none-eabi/c/</path>
         <kind>archive</kind>
         <file>libsysbm.a</file>
         <name>hostlseek.c.obj</name>
      </input_file>
      <input_file id="fl-10a">
         <path>/Applications/ti/ccs2040/ccs/tools/compiler/ti-cgt-armllvm_4.0.4.LTS/lib/armv6m-ti-none-eabi/c/</path>
         <kind>archive</kind>
         <file>libsysbm.a</file>
         <name>hostopen.c.obj</name>
      </input_file>
      <input_file id="fl-10b">
         <path>/Applications/ti/ccs2040/ccs/tools/compiler/ti-cgt-armllvm_4.0.4.LTS/lib/armv6m-ti-none-eabi/c/</path>
         <kind>archive</kind>
         <file>libsysbm.a</file>
         <name>hostread.c.obj</name>
      </input_file>
      <input_file id="fl-10c">
         <path>/Applications/ti/ccs2040/ccs/tools/compiler/ti-cgt-armllvm_4.0.4.LTS/lib/armv6m-ti-none-eabi/c/</path>
         <kind>archive</kind>
         <file>libsysbm.a</file>
         <name>hostrename.c.obj</name>
      </input_file>
      <input_file id="fl-10d">
         <path>/Applications/ti/ccs2040/ccs/tools/compiler/ti-cgt-armllvm_4.0.4.LTS/lib/armv6m-ti-none-eabi/c/</path>
         <kind>archive</kind>
         <file>libsysbm.a</file>
         <name>hostunlink.c.obj</name>
      </input_file>
      <input_file id="fl-10e">
         <path>/Applications/ti/ccs2040/ccs/tools/compiler/ti-cgt-armllvm_4.0.4.LTS/lib/armv6m-ti-none-eabi/c/</path>
         <kind>archive</kind>
         <file>libsysbm.a</file>
         <name>hostwrite.c.obj</name>
      </input_file>
      <input_file id="fl-10f">
         <path>/Applications/ti/ccs2040/ccs/tools/compiler/ti-cgt-armllvm_4.0.4.LTS/lib/armv6m-ti-none-eabi/c/</path>
         <kind>archive</kind>
         <file>libsysbm.a</file>
         <name>trgmsg.c.obj</name>
      </input_file>
      <input_file id="fl-110">
         <path>/Applications/ti/ccs2040/ccs/tools/compiler/ti-cgt-armllvm_4.0.4.LTS/lib/armv6m-ti-none-eabi/</path>
         <kind>archive</kind>
         <file>libclang_rt.builtins.a</file>
         <name>addsf3.S.obj</name>
      </input_file>
      <input_file id="fl-111">
         <path>/Applications/ti/ccs2040/ccs/tools/compiler/ti-cgt-armllvm_4.0.4.LTS/lib/armv6m-ti-none-eabi/</path>
         <kind>archive</kind>
         <file>libclang_rt.builtins.a</file>
         <name>adddf3.S.obj</name>
      </input_file>
      <input_file id="fl-112">
         <path>/Applications/ti/ccs2040/ccs/tools/compiler/ti-cgt-armllvm_4.0.4.LTS/lib/armv6m-ti-none-eabi/</path>
         <kind>archive</kind>
         <file>libclang_rt.builtins.a</file>
         <name>muldf3.S.obj</name>
      </input_file>
      <input_file id="fl-113">
         <path>/Applications/ti/ccs2040/ccs/tools/compiler/ti-cgt-armllvm_4.0.4.LTS/lib/armv6m-ti-none-eabi/</path>
         <kind>archive</kind>
         <file>libclang_rt.builtins.a</file>
         <name>muldsi3.S.obj</name>
      </input_file>
      <input_file id="fl-114">
         <path>/Applications/ti/ccs2040/ccs/tools/compiler/ti-cgt-armllvm_4.0.4.LTS/lib/armv6m-ti-none-eabi/</path>
         <kind>archive</kind>
         <file>libclang_rt.builtins.a</file>
         <name>mulsf3.S.obj</name>
      </input_file>
      <input_file id="fl-115">
         <path>/Applications/ti/ccs2040/ccs/tools/compiler/ti-cgt-armllvm_4.0.4.LTS/lib/armv6m-ti-none-eabi/</path>
         <kind>archive</kind>
         <file>libclang_rt.builtins.a</file>
         <name>divsf3.S.obj</name>
      </input_file>
      <input_file id="fl-116">
         <path>/Applications/ti/ccs2040/ccs/tools/compiler/ti-cgt-armllvm_4.0.4.LTS/lib/armv6m-ti-none-eabi/</path>
         <kind>archive</kind>
         <file>libclang_rt.builtins.a</file>
         <name>divdf3.S.obj</name>
      </input_file>
      <input_file id="fl-117">
         <path>/Applications/ti/ccs2040/ccs/tools/compiler/ti-cgt-armllvm_4.0.4.LTS/lib/armv6m-ti-none-eabi/</path>
         <kind>archive</kind>
         <file>libclang_rt.builtins.a</file>
         <name>extendsfdf2.S.obj</name>
      </input_file>
      <input_file id="fl-118">
         <path>/Applications/ti/ccs2040/ccs/tools/compiler/ti-cgt-armllvm_4.0.4.LTS/lib/armv6m-ti-none-eabi/</path>
         <kind>archive</kind>
         <file>libclang_rt.builtins.a</file>
         <name>fixdfsi.S.obj</name>
      </input_file>
      <input_file id="fl-119">
         <path>/Applications/ti/ccs2040/ccs/tools/compiler/ti-cgt-armllvm_4.0.4.LTS/lib/armv6m-ti-none-eabi/</path>
         <kind>archive</kind>
         <file>libclang_rt.builtins.a</file>
         <name>fixsfsi.S.obj</name>
      </input_file>
      <input_file id="fl-11a">
         <path>/Applications/ti/ccs2040/ccs/tools/compiler/ti-cgt-armllvm_4.0.4.LTS/lib/armv6m-ti-none-eabi/</path>
         <kind>archive</kind>
         <file>libclang_rt.builtins.a</file>
         <name>fixunssfsi.S.obj</name>
      </input_file>
      <input_file id="fl-11b">
         <path>/Applications/ti/ccs2040/ccs/tools/compiler/ti-cgt-armllvm_4.0.4.LTS/lib/armv6m-ti-none-eabi/</path>
         <kind>archive</kind>
         <file>libclang_rt.builtins.a</file>
         <name>floatsidf.S.obj</name>
      </input_file>
      <input_file id="fl-11c">
         <path>/Applications/ti/ccs2040/ccs/tools/compiler/ti-cgt-armllvm_4.0.4.LTS/lib/armv6m-ti-none-eabi/</path>
         <kind>archive</kind>
         <file>libclang_rt.builtins.a</file>
         <name>floatsisf.S.obj</name>
      </input_file>
      <input_file id="fl-11d">
         <path>/Applications/ti/ccs2040/ccs/tools/compiler/ti-cgt-armllvm_4.0.4.LTS/lib/armv6m-ti-none-eabi/</path>
         <kind>archive</kind>
         <file>libclang_rt.builtins.a</file>
         <name>floatunsisf.S.obj</name>
      </input_file>
      <input_file id="fl-11e">
         <path>/Applications/ti/ccs2040/ccs/tools/compiler/ti-cgt-armllvm_4.0.4.LTS/lib/armv6m-ti-none-eabi/</path>
         <kind>archive</kind>
         <file>libclang_rt.builtins.a</file>
         <name>muldi3.S.obj</name>
      </input_file>
      <input_file id="fl-11f">
         <path>/Applications/ti/ccs2040/ccs/tools/compiler/ti-cgt-armllvm_4.0.4.LTS/lib/armv6m-ti-none-eabi/</path>
         <kind>archive</kind>
         <file>libclang_rt.builtins.a</file>
         <name>truncdfsf2.S.obj</name>
      </input_file>
      <input_file id="fl-120">
         <path>/Applications/ti/ccs2040/ccs/tools/compiler/ti-cgt-armllvm_4.0.4.LTS/lib/armv6m-ti-none-eabi/</path>
         <kind>archive</kind>
         <file>libclang_rt.builtins.a</file>
         <name>aeabi_dcmp.S.obj</name>
      </input_file>
      <input_file id="fl-121">
         <path>/Applications/ti/ccs2040/ccs/tools/compiler/ti-cgt-armllvm_4.0.4.LTS/lib/armv6m-ti-none-eabi/</path>
         <kind>archive</kind>
         <file>libclang_rt.builtins.a</file>
         <name>aeabi_fcmp.S.obj</name>
      </input_file>
      <input_file id="fl-122">
         <path>/Applications/ti/ccs2040/ccs/tools/compiler/ti-cgt-armllvm_4.0.4.LTS/lib/armv6m-ti-none-eabi/</path>
         <kind>archive</kind>
         <file>libclang_rt.builtins.a</file>
         <name>aeabi_idivmod.S.obj</name>
      </input_file>
      <input_file id="fl-123">
         <path>/Applications/ti/ccs2040/ccs/tools/compiler/ti-cgt-armllvm_4.0.4.LTS/lib/armv6m-ti-none-eabi/</path>
         <kind>archive</kind>
         <file>libclang_rt.builtins.a</file>
         <name>aeabi_memcpy.S.obj</name>
      </input_file>
      <input_file id="fl-124">
         <path>/Applications/ti/ccs2040/ccs/tools/compiler/ti-cgt-armllvm_4.0.4.LTS/lib/armv6m-ti-none-eabi/</path>
         <kind>archive</kind>
         <file>libclang_rt.builtins.a</file>
         <name>aeabi_memset.S.obj</name>
      </input_file>
      <input_file id="fl-125">
         <path>/Applications/ti/ccs2040/ccs/tools/compiler/ti-cgt-armllvm_4.0.4.LTS/lib/armv6m-ti-none-eabi/</path>
         <kind>archive</kind>
         <file>libclang_rt.builtins.a</file>
         <name>aeabi_uidivmod.S.obj</name>
      </input_file>
      <input_file id="fl-126">
         <path>/Applications/ti/ccs2040/ccs/tools/compiler/ti-cgt-armllvm_4.0.4.LTS/lib/armv6m-ti-none-eabi/</path>
         <kind>archive</kind>
         <file>libclang_rt.builtins.a</file>
         <name>aeabi_uldivmod.S.obj</name>
      </input_file>
      <input_file id="fl-127">
         <path>/Applications/ti/ccs2040/ccs/tools/compiler/ti-cgt-armllvm_4.0.4.LTS/lib/armv6m-ti-none-eabi/</path>
         <kind>archive</kind>
         <file>libclang_rt.builtins.a</file>
         <name>comparesf2.S.obj</name>
      </input_file>
      <input_file id="fl-128">
         <path>/Applications/ti/ccs2040/ccs/tools/compiler/ti-cgt-armllvm_4.0.4.LTS/lib/armv6m-ti-none-eabi/</path>
         <kind>archive</kind>
         <file>libclang_rt.builtins.a</file>
         <name>udivmoddi4.S.obj</name>
      </input_file>
      <input_file id="fl-129">
         <path>/Applications/ti/ccs2040/ccs/tools/compiler/ti-cgt-armllvm_4.0.4.LTS/lib/armv6m-ti-none-eabi/</path>
         <kind>archive</kind>
         <file>libclang_rt.builtins.a</file>
         <name>ashldi3.S.obj</name>
      </input_file>
      <input_file id="fl-12a">
         <path>/Applications/ti/ccs2040/ccs/tools/compiler/ti-cgt-armllvm_4.0.4.LTS/lib/armv6m-ti-none-eabi/</path>
         <kind>archive</kind>
         <file>libclang_rt.builtins.a</file>
         <name>comparedf2.c.obj</name>
      </input_file>
      <input_file id="fl-12b">
         <path>/Applications/ti/ccs2040/ccs/tools/compiler/ti-cgt-armllvm_4.0.4.LTS/lib/armv6m-ti-none-eabi/</path>
         <kind>archive</kind>
         <file>libclang_rt.builtins.a</file>
         <name>aeabi_div0.c.obj</name>
      </input_file>
      <input_file id="fl-12c">
         <path>/Applications/ti/ccs2040/ccs/tools/compiler/ti-cgt-armllvm_4.0.4.LTS/lib/armv6m-ti-none-eabi/c/</path>
         <kind>archive</kind>
         <file>libc.a</file>
         <name>getdevice.c.obj</name>
      </input_file>
      <input_file id="fl-12d">
         <path>/Applications/ti/ccs2040/ccs/tools/compiler/ti-cgt-armllvm_4.0.4.LTS/lib/armv6m-ti-none-eabi/c/</path>
         <kind>archive</kind>
         <file>libc.a</file>
         <name>memcpy16.S.obj</name>
      </input_file>
      <input_file id="fl-12e">
         <path>/Applications/ti/ccs2040/ccs/tools/compiler/ti-cgt-armllvm_4.0.4.LTS/lib/armv6m-ti-none-eabi/c/</path>
         <kind>archive</kind>
         <file>libc.a</file>
         <name>memset16.S.obj</name>
      </input_file>
      <input_file id="fl-12f">
         <path>/Applications/ti/ccs2040/ccs/tools/compiler/ti-cgt-armllvm_4.0.4.LTS/lib/armv6m-ti-none-eabi/c/</path>
         <kind>archive</kind>
         <file>libc.a</file>
         <name>strcmp-armv6m.S.obj</name>
      </input_file>
   </input_file_list>
   <object_component_list>
      <object_component id="oc-18">
         <name>.intvecs</name>
         <load_address>0x0</load_address>
         <readonly>true</readonly>
         <run_address>0x0</run_address>
         <size>0xc0</size>
         <alignment>0x4</alignment>
         <input_file_ref idref="fl-3"/>
      </object_component>
      <object_component id="oc-2b8">
         <name>.text.disk_initialize</name>
         <load_address>0xc0</load_address>
         <readonly>true</readonly>
         <executable>true</executable>
         <run_address>0xc0</run_address>
         <size>0xc54</size>
         <alignment>0x4</alignment>
         <input_file_ref idref="fl-d"/>
      </object_component>
      <object_component id="oc-2bf">
         <name>.text.hab_sd_send_cmd</name>
         <load_address>0xd14</load_address>
         <readonly>true</readonly>
         <executable>true</executable>
         <run_address>0xd14</run_address>
         <size>0xa70</size>
         <alignment>0x4</alignment>
         <input_file_ref idref="fl-d"/>
      </object_component>
      <object_component id="oc-1e2">
         <name>.text:__TI_printfi</name>
         <load_address>0x1784</load_address>
         <readonly>true</readonly>
         <executable>true</executable>
         <run_address>0x1784</run_address>
         <size>0x9d0</size>
         <alignment>0x4</alignment>
         <input_file_ref idref="fl-4d"/>
      </object_component>
      <object_component id="oc-28b">
         <name>.text.disk_write</name>
         <load_address>0x2154</load_address>
         <readonly>true</readonly>
         <executable>true</executable>
         <run_address>0x2154</run_address>
         <size>0x960</size>
         <alignment>0x4</alignment>
         <input_file_ref idref="fl-d"/>
      </object_component>
      <object_component id="oc-1c4">
         <name>.text.powf</name>
         <load_address>0x2ab4</load_address>
         <readonly>true</readonly>
         <executable>true</executable>
         <run_address>0x2ab4</run_address>
         <size>0x6b8</size>
         <alignment>0x4</alignment>
         <input_file_ref idref="fl-39"/>
      </object_component>
      <object_component id="oc-228">
         <name>.text.bme68x_get_data</name>
         <load_address>0x316c</load_address>
         <readonly>true</readonly>
         <executable>true</executable>
         <run_address>0x316c</run_address>
         <size>0x630</size>
         <alignment>0x4</alignment>
         <input_file_ref idref="fl-f"/>
      </object_component>
      <object_component id="oc-210">
         <name>.text.bme68x_set_heatr_conf</name>
         <load_address>0x379c</load_address>
         <readonly>true</readonly>
         <executable>true</executable>
         <run_address>0x379c</run_address>
         <size>0x5a8</size>
         <alignment>0x4</alignment>
         <input_file_ref idref="fl-f"/>
      </object_component>
      <object_component id="oc-275">
         <name>.text.follow_path</name>
         <load_address>0x3d44</load_address>
         <readonly>true</readonly>
         <executable>true</executable>
         <run_address>0x3d44</run_address>
         <size>0x5a8</size>
         <alignment>0x4</alignment>
         <input_file_ref idref="fl-10"/>
      </object_component>
      <object_component id="oc-1ac">
         <name>.text.hab_mspm0_i2c_write</name>
         <load_address>0x42ec</load_address>
         <readonly>true</readonly>
         <executable>true</executable>
         <run_address>0x42ec</run_address>
         <size>0x510</size>
         <alignment>0x4</alignment>
         <input_file_ref idref="fl-e"/>
      </object_component>
      <object_component id="oc-7d">
         <name>.text.main</name>
         <load_address>0x47fc</load_address>
         <readonly>true</readonly>
         <executable>true</executable>
         <run_address>0x47fc</run_address>
         <size>0x4f0</size>
         <alignment>0x4</alignment>
         <input_file_ref idref="fl-1"/>
      </object_component>
      <object_component id="oc-269">
         <name>.text.bme68x_set_regs</name>
         <load_address>0x4cec</load_address>
         <readonly>true</readonly>
         <executable>true</executable>
         <run_address>0x4cec</run_address>
         <size>0x438</size>
         <alignment>0x4</alignment>
         <input_file_ref idref="fl-f"/>
      </object_component>
      <object_component id="oc-2c0">
         <name>.text.hab_sd_rcvr_datablock</name>
         <load_address>0x5124</load_address>
         <readonly>true</readonly>
         <executable>true</executable>
         <run_address>0x5124</run_address>
         <size>0x414</size>
         <alignment>0x4</alignment>
         <input_file_ref idref="fl-d"/>
      </object_component>
      <object_component id="oc-271">
         <name>.text.mount_volume</name>
         <load_address>0x5538</load_address>
         <readonly>true</readonly>
         <executable>true</executable>
         <run_address>0x5538</run_address>
         <size>0x40c</size>
         <alignment>0x4</alignment>
         <input_file_ref idref="fl-10"/>
      </object_component>
      <object_component id="oc-ef">
         <name>.text.strtod</name>
         <load_address>0x5944</load_address>
         <readonly>true</readonly>
         <executable>true</executable>
         <run_address>0x5944</run_address>
         <size>0x3b8</size>
         <alignment>0x4</alignment>
         <input_file_ref idref="fl-41"/>
      </object_component>
      <object_component id="oc-8b">
         <name>.text.hab_gps_parser_consume</name>
         <load_address>0x5cfc</load_address>
         <readonly>true</readonly>
         <executable>true</executable>
         <run_address>0x5cfc</run_address>
         <size>0x39c</size>
         <alignment>0x4</alignment>
         <input_file_ref idref="fl-6"/>
      </object_component>
      <object_component id="oc-19f">
         <name>.text.hab_sx1276_init</name>
         <load_address>0x6098</load_address>
         <readonly>true</readonly>
         <executable>true</executable>
         <run_address>0x6098</run_address>
         <size>0x390</size>
         <alignment>0x4</alignment>
         <input_file_ref idref="fl-7"/>
      </object_component>
      <object_component id="oc-1ab">
         <name>.text.hab_mspm0_i2c_read</name>
         <load_address>0x6428</load_address>
         <readonly>true</readonly>
         <executable>true</executable>
         <run_address>0x6428</run_address>
         <size>0x384</size>
         <alignment>0x4</alignment>
         <input_file_ref idref="fl-e"/>
      </object_component>
      <object_component id="oc-209">
         <name>.text.bme68x_init</name>
         <load_address>0x67ac</load_address>
         <readonly>true</readonly>
         <executable>true</executable>
         <run_address>0x67ac</run_address>
         <size>0x328</size>
         <alignment>0x2</alignment>
         <input_file_ref idref="fl-f"/>
      </object_component>
      <object_component id="oc-b3">
         <name>.text.hab_app_on_tick</name>
         <load_address>0x6ad4</load_address>
         <readonly>true</readonly>
         <executable>true</executable>
         <run_address>0x6ad4</run_address>
         <size>0x2cc</size>
         <alignment>0x4</alignment>
         <input_file_ref idref="fl-4"/>
      </object_component>
      <object_component id="oc-2d3">
         <name>.text.hab_sd_select_card</name>
         <load_address>0x6da0</load_address>
         <readonly>true</readonly>
         <executable>true</executable>
         <run_address>0x6da0</run_address>
         <size>0x2cc</size>
         <alignment>0x4</alignment>
         <input_file_ref idref="fl-d"/>
      </object_component>
      <object_component id="oc-224">
         <name>.text.f_open</name>
         <load_address>0x706c</load_address>
         <readonly>true</readonly>
         <executable>true</executable>
         <run_address>0x706c</run_address>
         <size>0x2a4</size>
         <alignment>0x4</alignment>
         <input_file_ref idref="fl-10"/>
      </object_component>
      <object_component id="oc-2c4">
         <name>.text.disk_ioctl</name>
         <load_address>0x7310</load_address>
         <readonly>true</readonly>
         <executable>true</executable>
         <run_address>0x7310</run_address>
         <size>0x27c</size>
         <alignment>0x4</alignment>
         <input_file_ref idref="fl-d"/>
      </object_component>
      <object_component id="oc-1b8">
         <name>.text.hab_sx1276_send</name>
         <load_address>0x758c</load_address>
         <readonly>true</readonly>
         <executable>true</executable>
         <run_address>0x758c</run_address>
         <size>0x264</size>
         <alignment>0x2</alignment>
         <input_file_ref idref="fl-7"/>
      </object_component>
      <object_component id="oc-25e">
         <name>.text._pconv_a</name>
         <load_address>0x77f0</load_address>
         <readonly>true</readonly>
         <executable>true</executable>
         <run_address>0x77f0</run_address>
         <size>0x220</size>
         <alignment>0x4</alignment>
         <input_file_ref idref="fl-4d"/>
      </object_component>
      <object_component id="oc-27f">
         <name>.text.disk_read</name>
         <load_address>0x7a10</load_address>
         <readonly>true</readonly>
         <executable>true</executable>
         <run_address>0x7a10</run_address>
         <size>0x214</size>
         <alignment>0x4</alignment>
         <input_file_ref idref="fl-d"/>
      </object_component>
      <object_component id="oc-229">
         <name>.text.f_write</name>
         <load_address>0x7c24</load_address>
         <readonly>true</readonly>
         <executable>true</executable>
         <run_address>0x7c24</run_address>
         <size>0x20c</size>
         <alignment>0x4</alignment>
         <input_file_ref idref="fl-10"/>
      </object_component>
      <object_component id="oc-282">
         <name>.text.calc_pressure</name>
         <load_address>0x7e30</load_address>
         <readonly>true</readonly>
         <executable>true</executable>
         <run_address>0x7e30</run_address>
         <size>0x1e0</size>
         <alignment>0x4</alignment>
         <input_file_ref idref="fl-f"/>
      </object_component>
      <object_component id="oc-25f">
         <name>.text._pconv_g</name>
         <load_address>0x8010</load_address>
         <readonly>true</readonly>
         <executable>true</executable>
         <run_address>0x8010</run_address>
         <size>0x1dc</size>
         <alignment>0x4</alignment>
         <input_file_ref idref="fl-4d"/>
      </object_component>
      <object_component id="oc-ee">
         <name>.text.hab_parse_rmc</name>
         <load_address>0x81ec</load_address>
         <readonly>true</readonly>
         <executable>true</executable>
         <run_address>0x81ec</run_address>
         <size>0x1d4</size>
         <alignment>0x4</alignment>
         <input_file_ref idref="fl-6"/>
      </object_component>
      <object_component id="oc-1ae">
         <name>.text.hab_mspm0_spi_transfer</name>
         <load_address>0x83c0</load_address>
         <readonly>true</readonly>
         <executable>true</executable>
         <run_address>0x83c0</run_address>
         <size>0x1cc</size>
         <alignment>0x4</alignment>
         <input_file_ref idref="fl-e"/>
      </object_component>
      <object_component id="oc-20f">
         <name>.text.bme68x_set_conf</name>
         <load_address>0x858c</load_address>
         <readonly>true</readonly>
         <executable>true</executable>
         <run_address>0x858c</run_address>
         <size>0x1b0</size>
         <alignment>0x4</alignment>
         <input_file_ref idref="fl-f"/>
      </object_component>
      <object_component id="oc-105">
         <name>.text.adddf3_subdf3</name>
         <load_address>0x873c</load_address>
         <readonly>true</readonly>
         <executable>true</executable>
         <run_address>0x873c</run_address>
         <size>0x192</size>
         <alignment>0x4</alignment>
         <input_file_ref idref="fl-111"/>
      </object_component>
      <object_component id="oc-33">
         <name>.text.Default_Handler</name>
         <load_address>0x88ce</load_address>
         <readonly>true</readonly>
         <executable>true</executable>
         <run_address>0x88ce</run_address>
         <size>0x2</size>
         <alignment>0x2</alignment>
         <input_file_ref idref="fl-3"/>
      </object_component>
      <object_component id="oc-34">
         <name>.text.GROUP1_IRQHandler</name>
         <load_address>0x88d0</load_address>
         <readonly>true</readonly>
         <executable>true</executable>
         <run_address>0x88d0</run_address>
         <size>0x164</size>
         <alignment>0x4</alignment>
         <input_file_ref idref="fl-1"/>
      </object_component>
      <object_component id="oc-2d1">
         <name>.text.hab_sd_rcvr_spi_multi</name>
         <load_address>0x8a34</load_address>
         <readonly>true</readonly>
         <executable>true</executable>
         <run_address>0x8a34</run_address>
         <size>0x144</size>
         <alignment>0x4</alignment>
         <input_file_ref idref="fl-d"/>
      </object_component>
      <object_component id="oc-2ab">
         <name>.text.fcvt</name>
         <load_address>0x8b78</load_address>
         <readonly>true</readonly>
         <executable>true</executable>
         <run_address>0x8b78</run_address>
         <size>0x13c</size>
         <alignment>0x4</alignment>
         <input_file_ref idref="fl-4d"/>
      </object_component>
      <object_component id="oc-27d">
         <name>.text.put_fat</name>
         <load_address>0x8cb4</load_address>
         <readonly>true</readonly>
         <executable>true</executable>
         <run_address>0x8cb4</run_address>
         <size>0x134</size>
         <alignment>0x4</alignment>
         <input_file_ref idref="fl-10"/>
      </object_component>
      <object_component id="oc-b1">
         <name>.text.hab_flush_debug_gps_line</name>
         <load_address>0x8de8</load_address>
         <readonly>true</readonly>
         <executable>true</executable>
         <run_address>0x8de8</run_address>
         <size>0x12c</size>
         <alignment>0x4</alignment>
         <input_file_ref idref="fl-1"/>
      </object_component>
      <object_component id="oc-e6">
         <name>.text.strtoul</name>
         <load_address>0x8f14</load_address>
         <readonly>true</readonly>
         <executable>true</executable>
         <run_address>0x8f14</run_address>
         <size>0x12c</size>
         <alignment>0x4</alignment>
         <input_file_ref idref="fl-43"/>
      </object_component>
      <object_component id="oc-28a">
         <name>.text.create_chain</name>
         <load_address>0x9040</load_address>
         <readonly>true</readonly>
         <executable>true</executable>
         <run_address>0x9040</run_address>
         <size>0x12a</size>
         <alignment>0x2</alignment>
         <input_file_ref idref="fl-10"/>
      </object_component>
      <object_component id="oc-156">
         <name>.text.__aeabi_idiv0</name>
         <load_address>0x916a</load_address>
         <readonly>true</readonly>
         <executable>true</executable>
         <run_address>0x916a</run_address>
         <size>0x2</size>
         <alignment>0x2</alignment>
         <input_file_ref idref="fl-12b"/>
      </object_component>
      <object_component id="oc-283">
         <name>.text.calc_humidity</name>
         <load_address>0x916c</load_address>
         <readonly>true</readonly>
         <executable>true</executable>
         <run_address>0x916c</run_address>
         <size>0x128</size>
         <alignment>0x4</alignment>
         <input_file_ref idref="fl-f"/>
      </object_component>
      <object_component id="oc-118">
         <name>.text.SYSCFG_DL_GPIO_init</name>
         <load_address>0x9294</load_address>
         <readonly>true</readonly>
         <executable>true</executable>
         <run_address>0x9294</run_address>
         <size>0x124</size>
         <alignment>0x4</alignment>
         <input_file_ref idref="fl-2"/>
      </object_component>
      <object_component id="oc-261">
         <name>.text._pconv_e</name>
         <load_address>0x93b8</load_address>
         <readonly>true</readonly>
         <executable>true</executable>
         <run_address>0x93b8</run_address>
         <size>0x120</size>
         <alignment>0x4</alignment>
         <input_file_ref idref="fl-4d"/>
      </object_component>
      <object_component id="oc-2b9">
         <name>.text.check_fs</name>
         <load_address>0x94d8</load_address>
         <readonly>true</readonly>
         <executable>true</executable>
         <run_address>0x94d8</run_address>
         <size>0x114</size>
         <alignment>0x4</alignment>
         <input_file_ref idref="fl-10"/>
      </object_component>
      <object_component id="oc-13a">
         <name>.text.hab_format_sd_csv</name>
         <load_address>0x95ec</load_address>
         <readonly>true</readonly>
         <executable>true</executable>
         <run_address>0x95ec</run_address>
         <size>0x114</size>
         <alignment>0x4</alignment>
         <input_file_ref idref="fl-9"/>
      </object_component>
      <object_component id="oc-26a">
         <name>.text.calc_res_heat</name>
         <load_address>0x9700</load_address>
         <readonly>true</readonly>
         <executable>true</executable>
         <run_address>0x9700</run_address>
         <size>0x110</size>
         <alignment>0x4</alignment>
         <input_file_ref idref="fl-f"/>
      </object_component>
      <object_component id="oc-f5">
         <name>.text.__divdf3</name>
         <load_address>0x9810</load_address>
         <readonly>true</readonly>
         <executable>true</executable>
         <run_address>0x9810</run_address>
         <size>0x10c</size>
         <alignment>0x4</alignment>
         <input_file_ref idref="fl-116"/>
      </object_component>
      <object_component id="oc-227">
         <name>.text.bme68x_set_op_mode</name>
         <load_address>0x991c</load_address>
         <readonly>true</readonly>
         <executable>true</executable>
         <run_address>0x991c</run_address>
         <size>0x10c</size>
         <alignment>0x4</alignment>
         <input_file_ref idref="fl-f"/>
      </object_component>
      <object_component id="oc-27c">
         <name>.text.get_fat</name>
         <load_address>0x9a28</load_address>
         <readonly>true</readonly>
         <executable>true</executable>
         <run_address>0x9a28</run_address>
         <size>0x100</size>
         <alignment>0x4</alignment>
         <input_file_ref idref="fl-10"/>
      </object_component>
      <object_component id="oc-192">
         <name>.text.DL_Timer_initTimerMode</name>
         <load_address>0x9b28</load_address>
         <readonly>true</readonly>
         <executable>true</executable>
         <run_address>0x9b28</run_address>
         <size>0xfc</size>
         <alignment>0x4</alignment>
         <input_file_ref idref="fl-21"/>
      </object_component>
      <object_component id="oc-288">
         <name>.text.calc_gas_resistance_low</name>
         <load_address>0x9c24</load_address>
         <readonly>true</readonly>
         <executable>true</executable>
         <run_address>0x9c24</run_address>
         <size>0xf8</size>
         <alignment>0x4</alignment>
         <input_file_ref idref="fl-f"/>
      </object_component>
      <object_component id="oc-2bb">
         <name>.text.dir_next</name>
         <load_address>0x9d1c</load_address>
         <readonly>true</readonly>
         <executable>true</executable>
         <run_address>0x9d1c</run_address>
         <size>0xe8</size>
         <alignment>0x4</alignment>
         <input_file_ref idref="fl-10"/>
      </object_component>
      <object_component id="oc-101">
         <name>.text.__muldf3</name>
         <load_address>0x9e04</load_address>
         <readonly>true</readonly>
         <executable>true</executable>
         <run_address>0x9e04</run_address>
         <size>0xe4</size>
         <alignment>0x4</alignment>
         <input_file_ref idref="fl-112"/>
      </object_component>
      <object_component id="oc-276">
         <name>.text.dir_register</name>
         <load_address>0x9ee8</load_address>
         <readonly>true</readonly>
         <executable>true</executable>
         <run_address>0x9ee8</run_address>
         <size>0xdc</size>
         <alignment>0x2</alignment>
         <input_file_ref idref="fl-10"/>
      </object_component>
      <object_component id="oc-22b">
         <name>.text.f_sync</name>
         <load_address>0x9fc4</load_address>
         <readonly>true</readonly>
         <executable>true</executable>
         <run_address>0x9fc4</run_address>
         <size>0xd8</size>
         <alignment>0x2</alignment>
         <input_file_ref idref="fl-10"/>
      </object_component>
      <object_component id="oc-120">
         <name>.text.hab_mspm0_self_test</name>
         <load_address>0xa09c</load_address>
         <readonly>true</readonly>
         <executable>true</executable>
         <run_address>0xa09c</run_address>
         <size>0xd8</size>
         <alignment>0x4</alignment>
         <input_file_ref idref="fl-e"/>
      </object_component>
      <object_component id="oc-178">
         <name>.text.scalbn</name>
         <load_address>0xa174</load_address>
         <readonly>true</readonly>
         <executable>true</executable>
         <run_address>0xa174</run_address>
         <size>0xd8</size>
         <alignment>0x4</alignment>
         <input_file_ref idref="fl-4c"/>
      </object_component>
      <object_component id="oc-136">
         <name>.text</name>
         <load_address>0xa24c</load_address>
         <readonly>true</readonly>
         <executable>true</executable>
         <run_address>0xa24c</run_address>
         <size>0xd8</size>
         <alignment>0x4</alignment>
         <input_file_ref idref="fl-110"/>
      </object_component>
      <object_component id="oc-2d4">
         <name>.text.hab_sd_deselect</name>
         <load_address>0xa324</load_address>
         <readonly>true</readonly>
         <executable>true</executable>
         <run_address>0xa324</run_address>
         <size>0xd0</size>
         <alignment>0x4</alignment>
         <input_file_ref idref="fl-d"/>
      </object_component>
      <object_component id="oc-28c">
         <name>.text.sync_fs</name>
         <load_address>0xa3f4</load_address>
         <readonly>true</readonly>
         <executable>true</executable>
         <run_address>0xa3f4</run_address>
         <size>0xd0</size>
         <alignment>0x2</alignment>
         <input_file_ref idref="fl-10"/>
      </object_component>
      <object_component id="oc-13b">
         <name>.text.hab_format_lora_csv</name>
         <load_address>0xa4c4</load_address>
         <readonly>true</readonly>
         <executable>true</executable>
         <run_address>0xa4c4</run_address>
         <size>0xc4</size>
         <alignment>0x4</alignment>
         <input_file_ref idref="fl-9"/>
      </object_component>
      <object_component id="oc-268">
         <name>.text.bme68x_get_op_mode</name>
         <load_address>0xa588</load_address>
         <readonly>true</readonly>
         <executable>true</executable>
         <run_address>0xa588</run_address>
         <size>0xc2</size>
         <alignment>0x2</alignment>
         <input_file_ref idref="fl-f"/>
      </object_component>
      <object_component id="oc-265">
         <name>.text.bme68x_get_regs</name>
         <load_address>0xa64a</load_address>
         <readonly>true</readonly>
         <executable>true</executable>
         <run_address>0xa64a</run_address>
         <size>0xc0</size>
         <alignment>0x2</alignment>
         <input_file_ref idref="fl-f"/>
      </object_component>
      <object_component id="oc-2b2">
         <name>.text.__aeabi_ldiv0</name>
         <load_address>0xa70a</load_address>
         <readonly>true</readonly>
         <executable>true</executable>
         <run_address>0xa70a</run_address>
         <size>0x2</size>
         <alignment>0x2</alignment>
         <input_file_ref idref="fl-12b"/>
      </object_component>
      <object_component id="oc-199">
         <name>.text.hab_bme680_init</name>
         <load_address>0xa70c</load_address>
         <readonly>true</readonly>
         <executable>true</executable>
         <run_address>0xa70c</run_address>
         <size>0xb8</size>
         <alignment>0x4</alignment>
         <input_file_ref idref="fl-5"/>
      </object_component>
      <object_component id="oc-211">
         <name>.text.bme68x_get_meas_dur</name>
         <load_address>0xa7c4</load_address>
         <readonly>true</readonly>
         <executable>true</executable>
         <run_address>0xa7c4</run_address>
         <size>0xb4</size>
         <alignment>0x4</alignment>
         <input_file_ref idref="fl-f"/>
      </object_component>
      <object_component id="oc-240">
         <name>.text.scalbnf</name>
         <load_address>0xa878</load_address>
         <readonly>true</readonly>
         <executable>true</executable>
         <run_address>0xa878</run_address>
         <size>0xb0</size>
         <alignment>0x4</alignment>
         <input_file_ref idref="fl-3b"/>
      </object_component>
      <object_component id="oc-1b5">
         <name>.text.hab_bme680_sample</name>
         <load_address>0xa928</load_address>
         <readonly>true</readonly>
         <executable>true</executable>
         <run_address>0xa928</run_address>
         <size>0xa4</size>
         <alignment>0x4</alignment>
         <input_file_ref idref="fl-5"/>
      </object_component>
      <object_component id="oc-26c">
         <name>.text</name>
         <load_address>0xa9cc</load_address>
         <readonly>true</readonly>
         <executable>true</executable>
         <run_address>0xa9cc</run_address>
         <size>0xa2</size>
         <alignment>0x4</alignment>
         <input_file_ref idref="fl-128"/>
      </object_component>
      <object_component id="oc-b0">
         <name>.text.hab_app_runtime</name>
         <load_address>0xaa6e</load_address>
         <readonly>true</readonly>
         <executable>true</executable>
         <run_address>0xaa6e</run_address>
         <size>0x2</size>
         <alignment>0x2</alignment>
         <input_file_ref idref="fl-4"/>
      </object_component>
      <object_component id="oc-230">
         <name>.text.sqrtf</name>
         <load_address>0xaa70</load_address>
         <readonly>true</readonly>
         <executable>true</executable>
         <run_address>0xaa70</run_address>
         <size>0xa0</size>
         <alignment>0x4</alignment>
         <input_file_ref idref="fl-3a"/>
      </object_component>
      <object_component id="oc-2d2">
         <name>.text.dir_clear</name>
         <load_address>0xab10</load_address>
         <readonly>true</readonly>
         <executable>true</executable>
         <run_address>0xab10</run_address>
         <size>0x9e</size>
         <alignment>0x2</alignment>
         <input_file_ref idref="fl-10"/>
      </object_component>
      <object_component id="oc-125">
         <name>.text.hab_mspm0_enter_sleep</name>
         <load_address>0xabae</load_address>
         <readonly>true</readonly>
         <executable>true</executable>
         <run_address>0xabae</run_address>
         <size>0x2</size>
         <alignment>0x2</alignment>
         <input_file_ref idref="fl-e"/>
      </object_component>
      <object_component id="oc-281">
         <name>.text.calc_temperature</name>
         <load_address>0xabb0</load_address>
         <readonly>true</readonly>
         <executable>true</executable>
         <run_address>0xabb0</run_address>
         <size>0x9c</size>
         <alignment>0x4</alignment>
         <input_file_ref idref="fl-f"/>
      </object_component>
      <object_component id="oc-98">
         <name>.text:memcpy</name>
         <load_address>0xac4c</load_address>
         <readonly>true</readonly>
         <executable>true</executable>
         <run_address>0xac4c</run_address>
         <size>0x9a</size>
         <alignment>0x1</alignment>
         <input_file_ref idref="fl-12d"/>
      </object_component>
      <object_component id="oc-1ca">
         <name>.text.__mulsf3</name>
         <load_address>0xace8</load_address>
         <readonly>true</readonly>
         <executable>true</executable>
         <run_address>0xace8</run_address>
         <size>0x8c</size>
         <alignment>0x4</alignment>
         <input_file_ref idref="fl-114"/>
      </object_component>
      <object_component id="oc-264">
         <name>.text.bme68x_soft_reset</name>
         <load_address>0xad74</load_address>
         <readonly>true</readonly>
         <executable>true</executable>
         <run_address>0xad74</run_address>
         <size>0x88</size>
         <alignment>0x4</alignment>
         <input_file_ref idref="fl-f"/>
      </object_component>
      <object_component id="oc-11c">
         <name>.text.SYSCFG_DL_UART_DEBUG_init</name>
         <load_address>0xadfc</load_address>
         <readonly>true</readonly>
         <executable>true</executable>
         <run_address>0xadfc</run_address>
         <size>0x84</size>
         <alignment>0x4</alignment>
         <input_file_ref idref="fl-2"/>
      </object_component>
      <object_component id="oc-1c0">
         <name>.text.__divsf3</name>
         <load_address>0xae80</load_address>
         <readonly>true</readonly>
         <executable>true</executable>
         <run_address>0xae80</run_address>
         <size>0x82</size>
         <alignment>0x4</alignment>
         <input_file_ref idref="fl-115"/>
      </object_component>
      <object_component id="oc-1b6">
         <name>.text.hab_sd_fatfs_append_line</name>
         <load_address>0xaf04</load_address>
         <readonly>true</readonly>
         <executable>true</executable>
         <run_address>0xaf04</run_address>
         <size>0x80</size>
         <alignment>0x4</alignment>
         <input_file_ref idref="fl-a"/>
      </object_component>
      <object_component id="oc-1c">
         <name>.text:decompress:lzss</name>
         <load_address>0xaf84</load_address>
         <readonly>true</readonly>
         <executable>true</executable>
         <run_address>0xaf84</run_address>
         <size>0x7c</size>
         <alignment>0x4</alignment>
         <input_file_ref idref="fl-4b"/>
      </object_component>
      <object_component id="oc-27e">
         <name>.text.move_window</name>
         <load_address>0xb000</load_address>
         <readonly>true</readonly>
         <executable>true</executable>
         <run_address>0xb000</run_address>
         <size>0x7a</size>
         <alignment>0x2</alignment>
         <input_file_ref idref="fl-10"/>
      </object_component>
      <object_component id="oc-a9">
         <name>.text.hab_app_bootstrap</name>
         <load_address>0xb07a</load_address>
         <readonly>true</readonly>
         <executable>true</executable>
         <run_address>0xb07a</run_address>
         <size>0x78</size>
         <alignment>0x2</alignment>
         <input_file_ref idref="fl-4"/>
      </object_component>
      <object_component id="oc-201">
         <name>.text.__gedf2</name>
         <load_address>0xb0f4</load_address>
         <readonly>true</readonly>
         <executable>true</executable>
         <run_address>0xb0f4</run_address>
         <size>0x74</size>
         <alignment>0x4</alignment>
         <input_file_ref idref="fl-12a"/>
      </object_component>
      <object_component id="oc-172">
         <name>.text.OUTLINED_FUNCTION_0</name>
         <load_address>0xb168</load_address>
         <readonly>true</readonly>
         <executable>true</executable>
         <run_address>0xb168</run_address>
         <size>0x8</size>
         <alignment>0x2</alignment>
         <input_file_ref idref="fl-41"/>
      </object_component>
      <object_component id="oc-109">
         <name>.text.__truncdfsf2</name>
         <load_address>0xb170</load_address>
         <readonly>true</readonly>
         <executable>true</executable>
         <run_address>0xb170</run_address>
         <size>0x74</size>
         <alignment>0x10</alignment>
         <input_file_ref idref="fl-11f"/>
      </object_component>
      <object_component id="oc-1fb">
         <name>.text.__ledf2</name>
         <load_address>0xb1e4</load_address>
         <readonly>true</readonly>
         <executable>true</executable>
         <run_address>0xb1e4</run_address>
         <size>0x68</size>
         <alignment>0x4</alignment>
         <input_file_ref idref="fl-12a"/>
      </object_component>
      <object_component id="oc-1b2">
         <name>.text.hab_mspm0_delay_ms</name>
         <load_address>0xb24c</load_address>
         <readonly>true</readonly>
         <executable>true</executable>
         <run_address>0xb24c</run_address>
         <size>0x68</size>
         <alignment>0x2</alignment>
         <input_file_ref idref="fl-e"/>
      </object_component>
      <object_component id="oc-2aa">
         <name>.text._mcpy</name>
         <load_address>0xb2b4</load_address>
         <readonly>true</readonly>
         <executable>true</executable>
         <run_address>0xb2b4</run_address>
         <size>0x66</size>
         <alignment>0x2</alignment>
         <input_file_ref idref="fl-4d"/>
      </object_component>
      <object_component id="oc-174">
         <name>.text.__aeabi_dcmp</name>
         <load_address>0xb31c</load_address>
         <readonly>true</readonly>
         <executable>true</executable>
         <run_address>0xb31c</run_address>
         <size>0x62</size>
         <alignment>0x4</alignment>
         <input_file_ref idref="fl-120"/>
      </object_component>
      <object_component id="oc-12b">
         <name>.text.__aeabi_fcmp</name>
         <load_address>0xb380</load_address>
         <readonly>true</readonly>
         <executable>true</executable>
         <run_address>0xb380</run_address>
         <size>0x62</size>
         <alignment>0x4</alignment>
         <input_file_ref idref="fl-121"/>
      </object_component>
      <object_component id="oc-116">
         <name>.text:memset</name>
         <load_address>0xb3e2</load_address>
         <readonly>true</readonly>
         <executable>true</executable>
         <run_address>0xb3e2</run_address>
         <size>0x62</size>
         <alignment>0x1</alignment>
         <input_file_ref idref="fl-12e"/>
      </object_component>
      <object_component id="oc-21e">
         <name>.text.f_mount</name>
         <load_address>0xb444</load_address>
         <readonly>true</readonly>
         <executable>true</executable>
         <run_address>0xb444</run_address>
         <size>0x60</size>
         <alignment>0x4</alignment>
         <input_file_ref idref="fl-10"/>
      </object_component>
      <object_component id="oc-29e">
         <name>.text.frexp</name>
         <load_address>0xb4a4</load_address>
         <readonly>true</readonly>
         <executable>true</executable>
         <run_address>0xb4a4</run_address>
         <size>0x5c</size>
         <alignment>0x4</alignment>
         <input_file_ref idref="fl-5c"/>
      </object_component>
      <object_component id="oc-2a2">
         <name>.text.__TI_ltoa</name>
         <load_address>0xb500</load_address>
         <readonly>true</readonly>
         <executable>true</executable>
         <run_address>0xb500</run_address>
         <size>0x58</size>
         <alignment>0x2</alignment>
         <input_file_ref idref="fl-56"/>
      </object_component>
      <object_component id="oc-260">
         <name>.text._pconv_f</name>
         <load_address>0xb558</load_address>
         <readonly>true</readonly>
         <executable>true</executable>
         <run_address>0xb558</run_address>
         <size>0x58</size>
         <alignment>0x2</alignment>
         <input_file_ref idref="fl-4d"/>
      </object_component>
      <object_component id="oc-a2">
         <name>.text.hab_platform_init_mspm0_ccs</name>
         <load_address>0xb5b0</load_address>
         <readonly>true</readonly>
         <executable>true</executable>
         <run_address>0xb5b0</run_address>
         <size>0x58</size>
         <alignment>0x4</alignment>
         <input_file_ref idref="fl-e"/>
      </object_component>
      <object_component id="oc-1a5">
         <name>.text.hab_sd_fatfs_init</name>
         <load_address>0xb608</load_address>
         <readonly>true</readonly>
         <executable>true</executable>
         <run_address>0xb608</run_address>
         <size>0x58</size>
         <alignment>0x4</alignment>
         <input_file_ref idref="fl-a"/>
      </object_component>
      <object_component id="oc-2c8">
         <name>.text.__aeabi_idivmod</name>
         <load_address>0xb660</load_address>
         <readonly>true</readonly>
         <executable>true</executable>
         <run_address>0xb660</run_address>
         <size>0x56</size>
         <alignment>0x4</alignment>
         <input_file_ref idref="fl-122"/>
      </object_component>
      <object_component id="oc-2a8">
         <name>.text._ecpy</name>
         <load_address>0xb6b6</load_address>
         <readonly>true</readonly>
         <executable>true</executable>
         <run_address>0xb6b6</run_address>
         <size>0x52</size>
         <alignment>0x2</alignment>
         <input_file_ref idref="fl-4d"/>
      </object_component>
      <object_component id="oc-12f">
         <name>.text.hab_pressure_altitude_m</name>
         <load_address>0xb708</load_address>
         <readonly>true</readonly>
         <executable>true</executable>
         <run_address>0xb708</run_address>
         <size>0x4c</size>
         <alignment>0x4</alignment>
         <input_file_ref idref="fl-8"/>
      </object_component>
      <object_component id="oc-ba">
         <name>.text.snprintf</name>
         <load_address>0xb754</load_address>
         <readonly>true</readonly>
         <executable>true</executable>
         <run_address>0xb754</run_address>
         <size>0x4c</size>
         <alignment>0x4</alignment>
         <input_file_ref idref="fl-3c"/>
      </object_component>
      <object_component id="oc-f9">
         <name>.text.__fixdfsi</name>
         <load_address>0xb7a0</load_address>
         <readonly>true</readonly>
         <executable>true</executable>
         <run_address>0xb7a0</run_address>
         <size>0x4a</size>
         <alignment>0x4</alignment>
         <input_file_ref idref="fl-118"/>
      </object_component>
      <object_component id="oc-2ad">
         <name>.text.get_mem_page</name>
         <load_address>0xb7ea</load_address>
         <readonly>true</readonly>
         <executable>true</executable>
         <run_address>0xb7ea</run_address>
         <size>0x4a</size>
         <alignment>0x2</alignment>
         <input_file_ref idref="fl-f"/>
      </object_component>
      <object_component id="oc-196">
         <name>.text.DL_UART_init</name>
         <load_address>0xb834</load_address>
         <readonly>true</readonly>
         <executable>true</executable>
         <run_address>0xb834</run_address>
         <size>0x48</size>
         <alignment>0x4</alignment>
         <input_file_ref idref="fl-22"/>
      </object_component>
      <object_component id="oc-ea">
         <name>.text.strtok</name>
         <load_address>0xb87c</load_address>
         <readonly>true</readonly>
         <executable>true</executable>
         <run_address>0xb87c</run_address>
         <size>0x48</size>
         <alignment>0x4</alignment>
         <input_file_ref idref="fl-42"/>
      </object_component>
      <object_component id="oc-22c">
         <name>.text.hab_sx1276_set_op_mode</name>
         <load_address>0xb8c4</load_address>
         <readonly>true</readonly>
         <executable>true</executable>
         <run_address>0xb8c4</run_address>
         <size>0x46</size>
         <alignment>0x2</alignment>
         <input_file_ref idref="fl-7"/>
      </object_component>
      <object_component id="oc-21b">
         <name>.text.hab_sx1276_write_reg</name>
         <load_address>0xb90a</load_address>
         <readonly>true</readonly>
         <executable>true</executable>
         <run_address>0xb90a</run_address>
         <size>0x44</size>
         <alignment>0x2</alignment>
         <input_file_ref idref="fl-7"/>
      </object_component>
      <object_component id="oc-135">
         <name>.text.hab_low_pass_filter</name>
         <load_address>0xb94e</load_address>
         <readonly>true</readonly>
         <executable>true</executable>
         <run_address>0xb94e</run_address>
         <size>0x42</size>
         <alignment>0x2</alignment>
         <input_file_ref idref="fl-8"/>
      </object_component>
      <object_component id="oc-117">
         <name>.text.SYSCFG_DL_initPower</name>
         <load_address>0xb990</load_address>
         <readonly>true</readonly>
         <executable>true</executable>
         <run_address>0xb990</run_address>
         <size>0x40</size>
         <alignment>0x4</alignment>
         <input_file_ref idref="fl-2"/>
      </object_component>
      <object_component id="oc-e2">
         <name>.text.__aeabi_uidivmod</name>
         <load_address>0xb9d0</load_address>
         <readonly>true</readonly>
         <executable>true</executable>
         <run_address>0xb9d0</run_address>
         <size>0x40</size>
         <alignment>0x4</alignment>
         <input_file_ref idref="fl-125"/>
      </object_component>
      <object_component id="oc-c0">
         <name>.text.__extendsfdf2</name>
         <load_address>0xba10</load_address>
         <readonly>true</readonly>
         <executable>true</executable>
         <run_address>0xba10</run_address>
         <size>0x40</size>
         <alignment>0x4</alignment>
         <input_file_ref idref="fl-117"/>
      </object_component>
      <object_component id="oc-251">
         <name>.text.atoi</name>
         <load_address>0xba50</load_address>
         <readonly>true</readonly>
         <executable>true</executable>
         <run_address>0xba50</run_address>
         <size>0x40</size>
         <alignment>0x4</alignment>
         <input_file_ref idref="fl-58"/>
      </object_component>
      <object_component id="oc-23b">
         <name>.text.__floatsisf</name>
         <load_address>0xba90</load_address>
         <readonly>true</readonly>
         <executable>true</executable>
         <run_address>0xba90</run_address>
         <size>0x3c</size>
         <alignment>0x4</alignment>
         <input_file_ref idref="fl-11c"/>
      </object_component>
      <object_component id="oc-1be">
         <name>.text.__gtsf2</name>
         <load_address>0xbacc</load_address>
         <readonly>true</readonly>
         <executable>true</executable>
         <run_address>0xbacc</run_address>
         <size>0x3c</size>
         <alignment>0x4</alignment>
         <input_file_ref idref="fl-127"/>
      </object_component>
      <object_component id="oc-d0">
         <name>.text:__TI_auto_init_nobinit_nopinit</name>
         <load_address>0xbb08</load_address>
         <readonly>true</readonly>
         <executable>true</executable>
         <run_address>0xbb08</run_address>
         <size>0x3c</size>
         <alignment>0x4</alignment>
         <input_file_ref idref="fl-46"/>
      </object_component>
      <object_component id="oc-1b9">
         <name>.text.__eqsf2</name>
         <load_address>0xbb44</load_address>
         <readonly>true</readonly>
         <executable>true</executable>
         <run_address>0xbb44</run_address>
         <size>0x3a</size>
         <alignment>0x4</alignment>
         <input_file_ref idref="fl-127"/>
      </object_component>
      <object_component id="oc-183">
         <name>.text.__muldsi3</name>
         <load_address>0xbb80</load_address>
         <readonly>true</readonly>
         <executable>true</executable>
         <run_address>0xbb80</run_address>
         <size>0x3a</size>
         <alignment>0x4</alignment>
         <input_file_ref idref="fl-113"/>
      </object_component>
      <object_component id="oc-11b">
         <name>.text.SYSCFG_DL_TIMER_SCHED_init</name>
         <load_address>0xbbbc</load_address>
         <readonly>true</readonly>
         <executable>true</executable>
         <run_address>0xbbbc</run_address>
         <size>0x38</size>
         <alignment>0x4</alignment>
         <input_file_ref idref="fl-2"/>
      </object_component>
      <object_component id="oc-2ae">
         <name>.text.__fixsfsi</name>
         <load_address>0xbbf4</load_address>
         <readonly>true</readonly>
         <executable>true</executable>
         <run_address>0xbbf4</run_address>
         <size>0x38</size>
         <alignment>0x4</alignment>
         <input_file_ref idref="fl-119"/>
      </object_component>
      <object_component id="oc-aa">
         <name>.text.DL_UART_transmitDataBlocking</name>
         <load_address>0xbc2c</load_address>
         <readonly>true</readonly>
         <executable>true</executable>
         <run_address>0xbc2c</run_address>
         <size>0x30</size>
         <alignment>0x4</alignment>
         <input_file_ref idref="fl-22"/>
      </object_component>
      <object_component id="oc-11a">
         <name>.text.SYSCFG_DL_SYSCTL_init</name>
         <load_address>0xbc5c</load_address>
         <readonly>true</readonly>
         <executable>true</executable>
         <run_address>0xbc5c</run_address>
         <size>0x30</size>
         <alignment>0x4</alignment>
         <input_file_ref idref="fl-2"/>
      </object_component>
      <object_component id="oc-2a9">
         <name>.text._fcpy</name>
         <load_address>0xbc8c</load_address>
         <readonly>true</readonly>
         <executable>true</executable>
         <run_address>0xbc8c</run_address>
         <size>0x30</size>
         <alignment>0x2</alignment>
         <input_file_ref idref="fl-4d"/>
      </object_component>
      <object_component id="oc-141">
         <name>.text._outs</name>
         <load_address>0xbcbc</load_address>
         <readonly>true</readonly>
         <executable>true</executable>
         <run_address>0xbcbc</run_address>
         <size>0x30</size>
         <alignment>0x2</alignment>
         <input_file_ref idref="fl-3c"/>
      </object_component>
      <object_component id="oc-124">
         <name>.text.hab_mspm0_send_lora</name>
         <load_address>0xbcec</load_address>
         <readonly>true</readonly>
         <executable>true</executable>
         <run_address>0xbcec</run_address>
         <size>0x30</size>
         <alignment>0x4</alignment>
         <input_file_ref idref="fl-e"/>
      </object_component>
      <object_component id="oc-fd">
         <name>.text.__floatsidf</name>
         <load_address>0xbd1c</load_address>
         <readonly>true</readonly>
         <executable>true</executable>
         <run_address>0xbd1c</run_address>
         <size>0x2c</size>
         <alignment>0x4</alignment>
         <input_file_ref idref="fl-11b"/>
      </object_component>
      <object_component id="oc-284">
         <name>.text.__floatunsisf</name>
         <load_address>0xbd48</load_address>
         <readonly>true</readonly>
         <executable>true</executable>
         <run_address>0xbd48</run_address>
         <size>0x28</size>
         <alignment>0x4</alignment>
         <input_file_ref idref="fl-11d"/>
      </object_component>
      <object_component id="oc-212">
         <name>.text.hab_bme680_bus_read</name>
         <load_address>0xbd70</load_address>
         <readonly>true</readonly>
         <executable>true</executable>
         <run_address>0xbd70</run_address>
         <size>0x28</size>
         <alignment>0x2</alignment>
         <input_file_ref idref="fl-5"/>
      </object_component>
      <object_component id="oc-213">
         <name>.text.hab_bme680_bus_write</name>
         <load_address>0xbd98</load_address>
         <readonly>true</readonly>
         <executable>true</executable>
         <run_address>0xbd98</run_address>
         <size>0x28</size>
         <alignment>0x2</alignment>
         <input_file_ref idref="fl-5"/>
      </object_component>
      <object_component id="oc-1b7">
[...]
         <value>0x0</value>
      </symbol>
      <symbol id="sm-278">
         <name>__TI_ATRegion0_region_sz</name>
         <value>0x0</value>
      </symbol>
      <symbol id="sm-279">
         <name>__TI_ATRegion1_src_addr</name>
         <value>0x0</value>
      </symbol>
      <symbol id="sm-27a">
         <name>__TI_ATRegion1_trg_addr</name>
         <value>0x0</value>
      </symbol>
      <symbol id="sm-27b">
         <name>__TI_ATRegion1_region_sz</name>
         <value>0x0</value>
      </symbol>
      <symbol id="sm-27c">
         <name>__TI_ATRegion2_src_addr</name>
         <value>0x0</value>
      </symbol>
      <symbol id="sm-27d">
         <name>__TI_ATRegion2_trg_addr</name>
         <value>0x0</value>
      </symbol>
      <symbol id="sm-27e">
         <name>__TI_ATRegion2_region_sz</name>
         <value>0x0</value>
      </symbol>
      <symbol id="sm-287">
         <name>DL_Common_delayCycles</name>
         <value>0xc06d</value>
         <object_component_ref idref="oc-5d"/>
      </symbol>
      <symbol id="sm-297">
         <name>DL_Timer_setClockConfig</name>
         <value>0xbec5</value>
         <object_component_ref idref="oc-18c"/>
      </symbol>
      <symbol id="sm-298">
         <name>DL_Timer_initTimerMode</name>
         <value>0x9b29</value>
         <object_component_ref idref="oc-192"/>
      </symbol>
      <symbol id="sm-2a8">
         <name>DL_UART_init</name>
         <value>0xb835</value>
         <object_component_ref idref="oc-196"/>
      </symbol>
      <symbol id="sm-2a9">
         <name>DL_UART_setClockConfig</name>
         <value>0xbfd5</value>
         <object_component_ref idref="oc-195"/>
      </symbol>
      <symbol id="sm-2aa">
         <name>DL_UART_transmitDataBlocking</name>
         <value>0xbc2d</value>
         <object_component_ref idref="oc-aa"/>
      </symbol>
      <symbol id="sm-2d6">
         <name>powf</name>
         <value>0x2ab5</value>
         <object_component_ref idref="oc-1c4"/>
      </symbol>
      <symbol id="sm-2e0">
         <name>sqrtf</name>
         <value>0xaa71</value>
         <object_component_ref idref="oc-230"/>
      </symbol>
      <symbol id="sm-2ea">
         <name>scalbnf</name>
         <value>0xa879</value>
         <object_component_ref idref="oc-240"/>
      </symbol>
      <symbol id="sm-2eb">
         <name>ldexpf</name>
         <value>0xa879</value>
         <object_component_ref idref="oc-240"/>
      </symbol>
      <symbol id="sm-2fc">
         <name>snprintf</name>
         <value>0xb755</value>
         <object_component_ref idref="oc-ba"/>
      </symbol>
      <symbol id="sm-307">
         <name>__aeabi_errno_addr</name>
         <value>0xc0d1</value>
         <object_component_ref idref="oc-15c"/>
      </symbol>
      <symbol id="sm-308">
         <name>__aeabi_errno</name>
         <value>0x2020069c</value>
         <object_component_ref idref="oc-1f1"/>
      </symbol>
      <symbol id="sm-320">
         <name>strtod</name>
         <value>0x5945</value>
         <object_component_ref idref="oc-ef"/>
      </symbol>
      <symbol id="sm-321">
         <name>strtold</name>
         <value>0x5945</value>
         <object_component_ref idref="oc-ef"/>
      </symbol>
      <symbol id="sm-32d">
         <name>strtok</name>
         <value>0xb87d</value>
         <object_component_ref idref="oc-ea"/>
      </symbol>
      <symbol id="sm-338">
         <name>strtoul</name>
         <value>0x8f15</value>
         <object_component_ref idref="oc-e6"/>
      </symbol>
      <symbol id="sm-343">
         <name>_c_int00_noargs</name>
         <value>0xbde9</value>
         <object_component_ref idref="oc-56"/>
      </symbol>
      <symbol id="sm-344">
         <name>__stack</name>
         <value>0x20207e00</value>
         <object_component_ref idref="oc-1a"/>
      </symbol>
      <symbol id="sm-350">
         <name>__TI_auto_init_nobinit_nopinit</name>
         <value>0xbb09</value>
         <object_component_ref idref="oc-d0"/>
      </symbol>
      <symbol id="sm-358">
         <name>_system_pre_init</name>
         <value>0xc163</value>
         <object_component_ref idref="oc-79"/>
      </symbol>
      <symbol id="sm-363">
         <name>__TI_zero_init</name>
         <value>0xc019</value>
         <object_component_ref idref="oc-53"/>
      </symbol>
      <symbol id="sm-36c">
         <name>__TI_decompress_none</name>
         <value>0xbfe7</value>
         <object_component_ref idref="oc-20"/>
      </symbol>
      <symbol id="sm-377">
         <name>__TI_decompress_lzss</name>
         <value>0xaf85</value>
         <object_component_ref idref="oc-1c"/>
      </symbol>
      <symbol id="sm-381">
         <name>scalbn</name>
         <value>0xa175</value>
         <object_component_ref idref="oc-178"/>
      </symbol>
      <symbol id="sm-382">
         <name>ldexp</name>
         <value>0xa175</value>
         <object_component_ref idref="oc-178"/>
      </symbol>
      <symbol id="sm-383">
         <name>scalbnl</name>
         <value>0xa175</value>
         <object_component_ref idref="oc-178"/>
      </symbol>
      <symbol id="sm-384">
         <name>ldexpl</name>
         <value>0xa175</value>
         <object_component_ref idref="oc-178"/>
      </symbol>
      <symbol id="sm-3cd">
         <name>__TI_printfi</name>
         <value>0x1785</value>
         <object_component_ref idref="oc-1e2"/>
      </symbol>
      <symbol id="sm-3d3">
         <name>__aeabi_ctype_table_</name>
         <value>0xc170</value>
         <object_component_ref idref="oc-161"/>
      </symbol>
      <symbol id="sm-3d4">
         <name>__aeabi_ctype_table_C</name>
         <value>0xc170</value>
         <object_component_ref idref="oc-161"/>
      </symbol>
      <symbol id="sm-3de">
         <name>abort</name>
         <value>0xc145</value>
         <object_component_ref idref="oc-c9"/>
      </symbol>
      <symbol id="sm-3e8">
         <name>__TI_ltoa</name>
         <value>0xb501</value>
         <object_component_ref idref="oc-2a2"/>
      </symbol>
      <symbol id="sm-3f3">
         <name>atoi</name>
         <value>0xba51</value>
         <object_component_ref idref="oc-251"/>
      </symbol>
      <symbol id="sm-3fc">
         <name>memccpy</name>
         <value>0xbe81</value>
         <object_component_ref idref="oc-24a"/>
      </symbol>
      <symbol id="sm-405">
         <name>strcspn</name>
         <value>0xbe5d</value>
         <object_component_ref idref="oc-16a"/>
      </symbol>
      <symbol id="sm-40e">
         <name>strspn</name>
         <value>0xbe11</value>
         <object_component_ref idref="oc-166"/>
      </symbol>
      <symbol id="sm-418">
         <name>frexp</name>
         <value>0xb4a5</value>
         <object_component_ref idref="oc-29e"/>
      </symbol>
      <symbol id="sm-419">
         <name>frexpl</name>
         <value>0xb4a5</value>
         <object_component_ref idref="oc-29e"/>
      </symbol>
      <symbol id="sm-422">
         <name>wcslen</name>
         <value>0xc009</value>
         <object_component_ref idref="oc-255"/>
      </symbol>
      <symbol id="sm-42d">
         <name>HOSTexit</name>
         <value>0xc14b</value>
         <object_component_ref idref="oc-146"/>
      </symbol>
      <symbol id="sm-42e">
         <name>C$$EXIT</name>
         <value>0xc14a</value>
         <object_component_ref idref="oc-146"/>
      </symbol>
      <symbol id="sm-443">
         <name>__aeabi_fadd</name>
         <value>0xa257</value>
         <object_component_ref idref="oc-136"/>
      </symbol>
      <symbol id="sm-444">
         <name>__addsf3</name>
         <value>0xa257</value>
         <object_component_ref idref="oc-136"/>
      </symbol>
      <symbol id="sm-445">
         <name>__aeabi_fsub</name>
         <value>0xa24d</value>
         <object_component_ref idref="oc-136"/>
      </symbol>
      <symbol id="sm-446">
         <name>__subsf3</name>
         <value>0xa24d</value>
         <object_component_ref idref="oc-136"/>
      </symbol>
      <symbol id="sm-452">
         <name>__aeabi_dadd</name>
         <value>0x8747</value>
         <object_component_ref idref="oc-105"/>
      </symbol>
      <symbol id="sm-453">
         <name>__adddf3</name>
         <value>0x8747</value>
         <object_component_ref idref="oc-105"/>
      </symbol>
      <symbol id="sm-454">
         <name>__aeabi_dsub</name>
         <value>0x873d</value>
         <object_component_ref idref="oc-105"/>
      </symbol>
      <symbol id="sm-455">
         <name>__subdf3</name>
         <value>0x873d</value>
         <object_component_ref idref="oc-105"/>
      </symbol>
      <symbol id="sm-45e">
         <name>__aeabi_dmul</name>
         <value>0x9e05</value>
         <object_component_ref idref="oc-101"/>
      </symbol>
      <symbol id="sm-45f">
         <name>__muldf3</name>
         <value>0x9e05</value>
         <object_component_ref idref="oc-101"/>
      </symbol>
      <symbol id="sm-465">
         <name>__muldsi3</name>
         <value>0xbb81</value>
         <object_component_ref idref="oc-183"/>
      </symbol>
      <symbol id="sm-46b">
         <name>__aeabi_fmul</name>
         <value>0xace9</value>
         <object_component_ref idref="oc-1ca"/>
      </symbol>
      <symbol id="sm-46c">
         <name>__mulsf3</name>
         <value>0xace9</value>
         <object_component_ref idref="oc-1ca"/>
      </symbol>
      <symbol id="sm-475">
         <name>__aeabi_fdiv</name>
         <value>0xae81</value>
         <object_component_ref idref="oc-1c0"/>
      </symbol>
      <symbol id="sm-476">
         <name>__divsf3</name>
         <value>0xae81</value>
         <object_component_ref idref="oc-1c0"/>
      </symbol>
      <symbol id="sm-47c">
         <name>__aeabi_ddiv</name>
         <value>0x9811</value>
         <object_component_ref idref="oc-f5"/>
      </symbol>
      <symbol id="sm-47d">
         <name>__divdf3</name>
         <value>0x9811</value>
         <object_component_ref idref="oc-f5"/>
      </symbol>
      <symbol id="sm-483">
         <name>__aeabi_f2d</name>
         <value>0xba11</value>
         <object_component_ref idref="oc-c0"/>
      </symbol>
      <symbol id="sm-484">
         <name>__extendsfdf2</name>
         <value>0xba11</value>
         <object_component_ref idref="oc-c0"/>
      </symbol>
      <symbol id="sm-48a">
         <name>__aeabi_d2iz</name>
         <value>0xb7a1</value>
         <object_component_ref idref="oc-f9"/>
      </symbol>
      <symbol id="sm-48b">
         <name>__fixdfsi</name>
         <value>0xb7a1</value>
         <object_component_ref idref="oc-f9"/>
      </symbol>
      <symbol id="sm-491">
         <name>__aeabi_f2iz</name>
         <value>0xbbf5</value>
         <object_component_ref idref="oc-2ae"/>
      </symbol>
      <symbol id="sm-492">
         <name>__fixsfsi</name>
         <value>0xbbf5</value>
         <object_component_ref idref="oc-2ae"/>
      </symbol>
      <symbol id="sm-498">
         <name>__aeabi_i2d</name>
         <value>0xbd1d</value>
         <object_component_ref idref="oc-fd"/>
      </symbol>
      <symbol id="sm-499">
         <name>__floatsidf</name>
         <value>0xbd1d</value>
         <object_component_ref idref="oc-fd"/>
      </symbol>
      <symbol id="sm-49f">
         <name>__aeabi_i2f</name>
         <value>0xba91</value>
         <object_component_ref idref="oc-23b"/>
      </symbol>
      <symbol id="sm-4a0">
         <name>__floatsisf</name>
         <value>0xba91</value>
         <object_component_ref idref="oc-23b"/>
      </symbol>
      <symbol id="sm-4a6">
         <name>__aeabi_ui2f</name>
         <value>0xbd49</value>
         <object_component_ref idref="oc-284"/>
      </symbol>
      <symbol id="sm-4a7">
         <name>__floatunsisf</name>
         <value>0xbd49</value>
         <object_component_ref idref="oc-284"/>
      </symbol>
      <symbol id="sm-4ad">
         <name>__aeabi_lmul</name>
         <value>0xbe39</value>
         <object_component_ref idref="oc-259"/>
      </symbol>
      <symbol id="sm-4ae">
         <name>__muldi3</name>
         <value>0xbe39</value>
         <object_component_ref idref="oc-259"/>
      </symbol>
      <symbol id="sm-4b5">
         <name>__aeabi_d2f</name>
         <value>0xb171</value>
         <object_component_ref idref="oc-109"/>
      </symbol>
      <symbol id="sm-4b6">
         <name>__truncdfsf2</name>
         <value>0xb171</value>
         <object_component_ref idref="oc-109"/>
      </symbol>
      <symbol id="sm-4bc">
         <name>__aeabi_dcmpeq</name>
         <value>0xb31d</value>
         <object_component_ref idref="oc-174"/>
      </symbol>
      <symbol id="sm-4bd">
         <name>__aeabi_dcmplt</name>
         <value>0xb331</value>
         <object_component_ref idref="oc-174"/>
      </symbol>
      <symbol id="sm-4be">
         <name>__aeabi_dcmple</name>
         <value>0xb345</value>
         <object_component_ref idref="oc-174"/>
      </symbol>
      <symbol id="sm-4bf">
         <name>__aeabi_dcmpge</name>
         <value>0xb359</value>
         <object_component_ref idref="oc-174"/>
      </symbol>
      <symbol id="sm-4c0">
         <name>__aeabi_dcmpgt</name>
         <value>0xb36d</value>
         <object_component_ref idref="oc-174"/>
      </symbol>
      <symbol id="sm-4c9">
         <name>__aeabi_fcmpeq</name>
         <value>0xb381</value>
         <object_component_ref idref="oc-12b"/>
      </symbol>
      <symbol id="sm-4ca">
         <name>__aeabi_fcmplt</name>
         <value>0xb395</value>
         <object_component_ref idref="oc-12b"/>
      </symbol>
      <symbol id="sm-4cb">
         <name>__aeabi_fcmple</name>
         <value>0xb3a9</value>
         <object_component_ref idref="oc-12b"/>
      </symbol>
      <symbol id="sm-4cc">
         <name>__aeabi_fcmpge</name>
         <value>0xb3bd</value>
         <object_component_ref idref="oc-12b"/>
      </symbol>
      <symbol id="sm-4cd">
         <name>__aeabi_fcmpgt</name>
         <value>0xb3d1</value>
         <object_component_ref idref="oc-12b"/>
      </symbol>
      <symbol id="sm-4d3">
         <name>__aeabi_idiv</name>
         <value>0xb661</value>
         <object_component_ref idref="oc-2c8"/>
      </symbol>
      <symbol id="sm-4d4">
         <name>__aeabi_idivmod</name>
         <value>0xb661</value>
         <object_component_ref idref="oc-2c8"/>
      </symbol>
      <symbol id="sm-4da">
         <name>__aeabi_memcpy</name>
         <value>0xc0d9</value>
         <object_component_ref idref="oc-46"/>
      </symbol>
      <symbol id="sm-4db">
         <name>__aeabi_memcpy4</name>
         <value>0xc0d9</value>
         <object_component_ref idref="oc-46"/>
      </symbol>
      <symbol id="sm-4dc">
         <name>__aeabi_memcpy8</name>
         <value>0xc0d9</value>
         <object_component_ref idref="oc-46"/>
      </symbol>
      <symbol id="sm-4e5">
         <name>__aeabi_memset</name>
         <value>0xc029</value>
         <object_component_ref idref="oc-249"/>
      </symbol>
      <symbol id="sm-4e6">
         <name>__aeabi_memset4</name>
         <value>0xc029</value>
         <object_component_ref idref="oc-249"/>
      </symbol>
      <symbol id="sm-4e7">
         <name>__aeabi_memset8</name>
         <value>0xc029</value>
         <object_component_ref idref="oc-249"/>
      </symbol>
      <symbol id="sm-4e8">
         <name>__aeabi_memclr</name>
         <value>0xc061</value>
         <object_component_ref idref="oc-74"/>
      </symbol>
      <symbol id="sm-4e9">
         <name>__aeabi_memclr4</name>
         <value>0xc061</value>
         <object_component_ref idref="oc-74"/>
      </symbol>
      <symbol id="sm-4ea">
         <name>__aeabi_memclr8</name>
         <value>0xc061</value>
         <object_component_ref idref="oc-74"/>
      </symbol>
      <symbol id="sm-4f0">
         <name>__aeabi_uidiv</name>
         <value>0xb9d1</value>
         <object_component_ref idref="oc-e2"/>
      </symbol>
      <symbol id="sm-4f1">
         <name>__aeabi_uidivmod</name>
         <value>0xb9d1</value>
         <object_component_ref idref="oc-e2"/>
      </symbol>
      <symbol id="sm-4f7">
         <name>__aeabi_uldivmod</name>
         <value>0xbf71</value>
         <object_component_ref idref="oc-217"/>
      </symbol>
      <symbol id="sm-500">
         <name>__eqsf2</name>
         <value>0xbb45</value>
         <object_component_ref idref="oc-1b9"/>
      </symbol>
      <symbol id="sm-501">
         <name>__lesf2</name>
         <value>0xbb45</value>
         <object_component_ref idref="oc-1b9"/>
      </symbol>
      <symbol id="sm-502">
         <name>__ltsf2</name>
         <value>0xbb45</value>
         <object_component_ref idref="oc-1b9"/>
      </symbol>
      <symbol id="sm-503">
         <name>__nesf2</name>
         <value>0xbb45</value>
         <object_component_ref idref="oc-1b9"/>
      </symbol>
      <symbol id="sm-504">
         <name>__cmpsf2</name>
         <value>0xbb45</value>
         <object_component_ref idref="oc-1b9"/>
      </symbol>
      <symbol id="sm-505">
         <name>__gtsf2</name>
         <value>0xbacd</value>
         <object_component_ref idref="oc-1be"/>
      </symbol>
      <symbol id="sm-506">
         <name>__gesf2</name>
         <value>0xbacd</value>
         <object_component_ref idref="oc-1be"/>
      </symbol>
      <symbol id="sm-50c">
         <name>__udivmoddi4</name>
         <value>0xa9cd</value>
         <object_component_ref idref="oc-26c"/>
      </symbol>
      <symbol id="sm-512">
         <name>__aeabi_llsl</name>
         <value>0xbea5</value>
         <object_component_ref idref="oc-2b3"/>
      </symbol>
      <symbol id="sm-513">
         <name>__ashldi3</name>
         <value>0xbea5</value>
         <object_component_ref idref="oc-2b3"/>
      </symbol>
      <symbol id="sm-521">
         <name>__ledf2</name>
         <value>0xb1e5</value>
         <object_component_ref idref="oc-1fb"/>
      </symbol>
      <symbol id="sm-522">
         <name>__gedf2</name>
         <value>0xb0f5</value>
         <object_component_ref idref="oc-201"/>
      </symbol>
      <symbol id="sm-523">
         <name>__cmpdf2</name>
         <value>0xb1e5</value>
         <object_component_ref idref="oc-1fb"/>
      </symbol>
      <symbol id="sm-524">
         <name>__eqdf2</name>
         <value>0xb1e5</value>
         <object_component_ref idref="oc-1fb"/>
      </symbol>
      <symbol id="sm-525">
         <name>__ltdf2</name>
         <value>0xb1e5</value>
         <object_component_ref idref="oc-1fb"/>
      </symbol>
      <symbol id="sm-526">
         <name>__nedf2</name>
         <value>0xb1e5</value>
         <object_component_ref idref="oc-1fb"/>
      </symbol>
      <symbol id="sm-527">
         <name>__gtdf2</name>
         <value>0xb0f5</value>
         <object_component_ref idref="oc-201"/>
      </symbol>
      <symbol id="sm-533">
         <name>__aeabi_idiv0</name>
         <value>0x916b</value>
         <object_component_ref idref="oc-156"/>
      </symbol>
      <symbol id="sm-534">
         <name>__aeabi_ldiv0</name>
         <value>0xa70b</value>
         <object_component_ref idref="oc-2b2"/>
      </symbol>
      <symbol id="sm-54e">
         <name>memcpy</name>
         <value>0xac4d</value>
         <object_component_ref idref="oc-98"/>
      </symbol>
      <symbol id="sm-55d">
         <name>memset</name>
         <value>0xb3e3</value>
         <object_component_ref idref="oc-116"/>
      </symbol>
      <symbol id="sm-55e">
         <name>__TI_static_base__</name>
         <value>0x0</value>
      </symbol>
      <symbol id="sm-562">
         <name>__mpu_init</name>
         <value>0x0</value>
      </symbol>
      <symbol id="sm-563">
         <name>_system_post_cinit</name>
         <value>0x0</value>
      </symbol>
   </symbol_table>
   <title>Link successful</title>
</link_info>
